******************************************************************************
                  TI ARM Linker PC v20.2.5                     
******************************************************************************
>> Linked Mon Dec 12 10:29:09 2022

OUTPUT FILE NAME:   <RTOSDemo.out>
ENTRY POINT SYMBOL: "_c_int00_noargs"  address: 000030d9


MEMORY CONFIGURATION

         name            origin    length      used     unused   attr    fill
----------------------  --------  ---------  --------  --------  ----  --------
  MAIN                  00000000   00040000  000037a2  0003c85e  R  X
  INFO                  00200000   00004000  00000000  00004000  R  X
  SRAM_CODE             01000000   00010000  00000000  00010000  RW X
  SRAM_DATA             20000000   00010000  0000ccb5  0000334b  RW  


SEGMENT ALLOCATION MAP

run origin  load origin   length   init length attrs members
----------  ----------- ---------- ----------- ----- -------
00000000    00000000    000037a8   000037a8    r-x
  00000000    00000000    00000138   00000138    r-- .intvecs
  00000138    00000138    0000362a   0000362a    r-x .text
  00003764    00003764    00000008   00000008    r-- .const
  00003770    00003770    00000038   00000038    r-- .cinit
20000000    20000000    0000c998   00000000    rw-
  20000000    20000000    0000c929   00000000    rw- .bss
  2000c92c    2000c92c    0000006c   00000000    rw- .data
2000fce0    2000fce0    00000320   00000000    rw-
  2000fce0    2000fce0    00000320   00000000    rw- .stack


SECTION ALLOCATION MAP

 output                                  attributes/
section   page    origin      length       input sections
--------  ----  ----------  ----------   ----------------
.intvecs   0    00000000    00000138     
                  00000000    00000138     msp432_startup_ccs.obj (.intvecs:retain)

.text      0    00000138    0000362a     
                  00000138    00000194     queue.obj (.text:xQueueGenericSend)
                  000002cc    00000004     rtsv7M4_T_le_v4SPD16_eabi.lib : pre_init.c.obj (.text:_system_pre_init)
                  000002d0    00000164     queue.obj (.text:xQueueReceive)
                  00000434    00000004     rtsv7M4_T_le_v4SPD16_eabi.lib : exit.c.obj (.text:abort:abort)
                  00000438    00000148     cs.obj (.text:CS_getDCOFrequency)
                  00000580    00000148     tasks.obj (.text:xTaskIncrementTick)
                  000006c8    00000138     songFile.obj (.text:play_song)
                  00000800    00000134     port.obj (.text:vPortSuppressTicksAndSleep)
                  00000934    00000004     --HOLE-- [fill = 0]
                  00000938    0000012c     heap_4.obj (.text:pvPortMalloc)
                  00000a64    00000004     --HOLE-- [fill = 0]
                  00000a68    0000011c     cs.obj (.text:CS_initClockSignal)
                  00000b84    00000004     --HOLE-- [fill = 0]
                  00000b88    00000114     cs.obj (.text:_CSComputeCLKFrequency)
                  00000c9c    00000004     --HOLE-- [fill = 0]
                  00000ca0    0000010c     tasks.obj (.text:xTaskResumeAll)
                  00000dac    00000004     --HOLE-- [fill = 0]
                  00000db0    00000108     pcm.obj (.text:__PCM_setPowerModeAdvanced)
                  00000eb8    00000106     dcMotor.obj (.text:dcMotor_response)
                  00000fbe    00000002     --HOLE-- [fill = 0]
                  00000fc0    00000100     timers.obj (.text:prvProcessReceivedCommands)
                  000010c0    000000f0     tasks.obj (.text:vTaskSuspend)
                  000011b0    000000ec     main_program.obj (.text:main_program)
                  0000129c    00000004     --HOLE-- [fill = 0]
                  000012a0    000000dc     tasks.obj (.text:vTaskPrioritySet)
                  0000137c    00000004     --HOLE-- [fill = 0]
                  00001380    000000dc     port.obj (.text:xPortStartScheduler)
                  0000145c    000000da     portasm.obj (.text)
                  00001536    00000002     --HOLE-- [fill = 0]
                  00001538    000000d8     main_program.obj (.text:taskReadInputSwitch)
                  00001610    000000d4     tasks.obj (.text:vTaskDelete)
                  000016e4    00000004     --HOLE-- [fill = 0]
                  000016e8    000000d0     pcm.obj (.text:__PCM_setCoreVoltageLevelAdvanced)
                  000017b8    000000ce     queue.obj (.text:xQueueGenericSendFromISR)
                  00001886    00000002     --HOLE-- [fill = 0]
                  00001888    000000c8     tasks.obj (.text:xTaskPriorityDisinherit)
                  00001950    000000c6     tasks.obj (.text:prvInitialiseNewTask)
                  00001a16    00000002     --HOLE-- [fill = 0]
                  00001a18    000000b8     tasks.obj (.text:vTaskSwitchContext)
                  00001ad0    000000b4     tasks.obj (.text:prvAddNewTaskToReadyList)
                  00001b84    0000009c     rtsv7M4_T_le_v4SPD16_eabi.lib : memcpy_t2.asm.obj (.text)
                  00001c20    0000009c     tasks.obj (.text:xTaskRemoveFromEventList)
                  00001cbc    00000004     --HOLE-- [fill = 0]
                  00001cc0    00000094     timers.obj (.text:prvSwitchTimerLists)
                  00001d54    00000004     --HOLE-- [fill = 0]
                  00001d58    00000094     tasks.obj (.text:xTaskCheckForTimeOut)
                  00001dec    00000004     --HOLE-- [fill = 0]
                  00001df0    00000090     queue.obj (.text:xQueueGenericReset)
                  00001e80    0000008c     tasks.obj (.text:vTaskResume)
                  00001f0c    00000004     --HOLE-- [fill = 0]
                  00001f10    00000088     tasks.obj (.text:prvAddCurrentTaskToDelayedList)
                  00001f98    00000084     tasks.obj (.text:vTaskStartScheduler)
                  0000201c    00000004     --HOLE-- [fill = 0]
                  00002020    0000007c     outputLED.obj (.text:outputLED_response)
                  0000209c    00000004     --HOLE-- [fill = 0]
                  000020a0    0000007c     tasks.obj (.text:prvIdleTask)
                  0000211c    00000004     --HOLE-- [fill = 0]
                  00002120    0000007c     heap_4.obj (.text:vPortFree)
                  0000219c    0000007a     rtsv7M4_T_le_v4SPD16_eabi.lib : memset_t2.asm.obj (.text)
                  00002216    00000002     --HOLE-- [fill = 0]
                  00002218    00000074     timers.obj (.text:xTimerGenericCommand)
                  0000228c    00000004     --HOLE-- [fill = 0]
                  00002290    00000070     queue.obj (.text:prvCopyDataToQueue)
                  00002300    00000070     heap_4.obj (.text:prvHeapInit)
                  00002370    00000070     tasks.obj (.text:prvInitialiseTaskLists)
                  000023e0    00000070     timers.obj (.text:prvProcessTimerOrBlockTask)
                  00002450    0000006c     queue.obj (.text:prvUnlockQueue)
                  000024bc    00000004     --HOLE-- [fill = 0]
                  000024c0    00000068     system_msp432p401r.obj (.text:SystemInit)
                  00002528    00000068     rtsv7M4_T_le_v4SPD16_eabi.lib : copy_decompress_lzss.c.obj (.text:decompress:lzss:__TI_decompress_lzss)
                  00002590    00000068     heap_4.obj (.text:prvInsertBlockIntoFreeList)
                  000025f8    00000068     port.obj (.text:vPortSetupTimerInterrupt)
                  00002660    00000068     tasks.obj (.text:xTaskCreate)
                  000026c8    00000064     port.obj (.text:vPortValidateInterruptPriority)
                  0000272c    00000004     --HOLE-- [fill = 0]
                  00002730    00000060     timers.obj (.text:prvProcessExpiredTimer)
                  00002790    00000058     timers.obj (.text:xTimerCreateTimerTask)
                  000027e8    00000054     sysctl.obj (.text:SysCtl_getTLVInfo)
                  0000283c    00000004     --HOLE-- [fill = 0]
                  00002840    00000054     songFile.obj (.text:beep)
                  00002894    00000004     --HOLE-- [fill = 0]
                  00002898    00000054     dcMotor.obj (.text:dcMotor_Left)
                  000028ec    00000004     --HOLE-- [fill = 0]
                  000028f0    00000054     dcMotor.obj (.text:dcMotor_Right)
                  00002944    00000004     --HOLE-- [fill = 0]
                  00002948    00000054     tasks.obj (.text:prvCheckTasksWaitingTermination)
                  0000299c    00000004     --HOLE-- [fill = 0]
                  000029a0    00000054     timers.obj (.text:prvInsertTimerInActiveList)
                  000029f4    00000004     --HOLE-- [fill = 0]
                  000029f8    00000054     main_program.obj (.text:taskMasterThread)
                  00002a4c    00000004     --HOLE-- [fill = 0]
                  00002a50    00000054     tasks.obj (.text:vTaskDelay)
                  00002aa4    00000004     --HOLE-- [fill = 0]
                  00002aa8    00000052     cs.obj (.text:_CSGetDividerValue)
                  00002afa    00000006     --HOLE-- [fill = 0]
                  00002b00    00000050     bumpSwitch.obj (.text:BumpSwitch_Init)
                  00002b50    00000050     pcm.obj (.text:PCM_getCoreVoltageLevel)
                  00002ba0    00000050     cs.obj (.text:_CSGetDOCFrequency)
                  00002bf0    00000050     tasks.obj (.text:prvGetExpectedIdleTime)
                  00002c40    0000004c     dcMotor.obj (.text:dcMotor_Forward)
                  00002c8c    00000004     --HOLE-- [fill = 0]
                  00002c90    0000004c     dcMotor.obj (.text:dcMotor_Init)
                  00002cdc    00000004     --HOLE-- [fill = 0]
                  00002ce0    0000004c     timers.obj (.text:prvCheckForValidListAndQueue)
                  00002d2c    00000004     --HOLE-- [fill = 0]
                  00002d30    0000004c     queue.obj (.text:xQueueGenericCreate)
                  00002d7c    00000004     --HOLE-- [fill = 0]
                  00002d80    0000004a     main_program.obj (.text:prvConfigureClocks)
                  00002dca    00000006     --HOLE-- [fill = 0]
                  00002dd0    00000048     dcMotor.obj (.text:dcMotor_Backward)
                  00002e18    00000048     queue.obj (.text:vQueueWaitForMessageRestricted)
                  00002e60    00000044     outputLED.obj (.text:ColorLED_Init)
                  00002ea4    00000044     rtsv7M4_T_le_v4SPD16_eabi.lib : autoinit.c.obj (.text:__TI_auto_init_nobinit_nopinit:__TI_auto_init_nobinit_nopinit)
                  00002ee8    00000040     tasks.obj (.text:vTaskPlaceOnEventListRestricted)
                  00002f28    0000003c     main_program.obj (.text:Switch_Init)
                  00002f64    00000004     --HOLE-- [fill = 0]
                  00002f68    0000003c     tasks.obj (.text:eTaskConfirmSleepModeStatus)
                  00002fa4    00000004     --HOLE-- [fill = 0]
                  00002fa8    0000003c     tasks.obj (.text:prvTaskIsTaskSuspended)
                  00002fe4    00000004     --HOLE-- [fill = 0]
                  00002fe8    0000003c     port.obj (.text:vPortEnterCritical)
                  00003024    00000004     --HOLE-- [fill = 0]
                  00003028    0000003a     pcm.obj (.text:PCM_getPowerMode)
                  00003062    00000006     --HOLE-- [fill = 0]
                  00003068    00000038     port.obj (.text:prvTaskExitError)
                  000030a0    00000038     tasks.obj (.text:vTaskPlaceOnEventList)
                  000030d8    00000034     rtsv7M4_T_le_v4SPD16_eabi.lib : boot_cortex_m.c.obj (.text:_c_int00_noargs:_c_int00_noargs)
                  0000310c    00000004     --HOLE-- [fill = 0]
                  00003110    00000034     list.obj (.text:vListInsert)
                  00003144    00000004     --HOLE-- [fill = 0]
                  00003148    00000034     tasks.obj (.text:vTaskStepTick)
                  0000317c    00000004     --HOLE-- [fill = 0]
                  00003180    00000030     flash.obj (.text:FlashCtl_setWaitState)
                  000031b0    00000030     tasks.obj (.text:prvResetNextTaskUnblockTime)
                  000031e0    00000030     port.obj (.text:vPortExitCritical)
                  00003210    0000002c     cs.obj (.text:CS_setDCOCenteredFrequency)
                  0000323c    00000004     --HOLE-- [fill = 0]
                  00003240    0000002c     songFile.obj (.text:init_song_pwm)
                  0000326c    00000004     --HOLE-- [fill = 0]
                  00003270    0000002c     timers.obj (.text:prvSampleTimeNow)
                  0000329c    00000004     --HOLE-- [fill = 0]
                  000032a0    0000002c     port.obj (.text:pxPortInitialiseStack)
                  000032cc    00000004     --HOLE-- [fill = 0]
                  000032d0    0000002c     port.obj (.text:xPortSysTickHandler)
                  000032fc    00000004     --HOLE-- [fill = 0]
                  00003300    00000028     outputLED.obj (.text:RedLED_Init)
                  00003328    00000028     queue.obj (.text:prvCopyDataFromQueue)
                  00003350    00000026     list.obj (.text:uxListRemove)
                  00003376    00000002     --HOLE-- [fill = 0]
                  00003378    00000024     cs.obj (.text:CS_clearInterruptFlag)
                  0000339c    00000004     --HOLE-- [fill = 0]
                  000033a0    00000024     dcMotor.obj (.text:dcMotor_Stop)
                  000033c4    00000004     --HOLE-- [fill = 0]
                  000033c8    00000024     timers.obj (.text:prvGetNextExpireTime)
                  000033ec    00000004     --HOLE-- [fill = 0]
                  000033f0    00000020     tasks.obj (.text:xTaskGetSchedulerState)
                  00003410    0000001e     queue.obj (.text:prvInitialiseNewQueue)
                  0000342e    00000002     --HOLE-- [fill = 0]
                  00003430    0000001e     queue.obj (.text:prvIsQueueFull)
                  0000344e    00000002     --HOLE-- [fill = 0]
                  00003450    0000001e     list.obj (.text:vListInitialise)
                  0000346e    00000002     --HOLE-- [fill = 0]
                  00003470    0000001c     main_program.obj (.text:taskBumpSwitch)
                  0000348c    00000004     --HOLE-- [fill = 0]
                  00003490    0000001c     main_program.obj (.text:taskDisplayOutputLED)
                  000034ac    00000004     --HOLE-- [fill = 0]
                  000034b0    0000001c     main_program.obj (.text:taskdcMotor)
                  000034cc    00000004     --HOLE-- [fill = 0]
                  000034d0    0000001c     tasks.obj (.text:uxTaskPriorityGet)
                  000034ec    00000004     --HOLE-- [fill = 0]
                  000034f0    0000001a     songFile.obj (.text:delay_ms)
                  0000350a    00000006     --HOLE-- [fill = 0]
                  00003510    0000001a     queue.obj (.text:prvIsQueueEmpty)
                  0000352a    00000006     --HOLE-- [fill = 0]
                  00003530    0000001a     timers.obj (.text:prvTimerTask)
                  0000354a    00000006     --HOLE-- [fill = 0]
                  00003550    00000018     cs.obj (.text:CS_getMCLK)
                  00003568    00000018     SysTick.obj (.text:SysTick_Init)
                  00003580    00000018     msp432_startup_ccs.obj (.text:resetISR)
                  00003598    00000018     list.obj (.text:vListInsertEnd)
                  000035b0    00000018     tasks.obj (.text:vTaskInternalSetTimeOutState)
                  000035c8    00000014     outputLED.obj (.text:Port2_Output2)
                  000035dc    00000004     --HOLE-- [fill = 0]
                  000035e0    00000014     songFile.obj (.text:delay_us)
                  000035f4    00000004     --HOLE-- [fill = 0]
                  000035f8    00000014     main.obj (.text:prvSetupHardware)
                  0000360c    00000004     --HOLE-- [fill = 0]
                  00003610    00000012     tasks.obj (.text:prvDeleteTCB)
                  00003622    00000006     --HOLE-- [fill = 0]
                  00003628    00000012     main_program.obj (.text:taskPriorityDecre)
                  0000363a    00000006     --HOLE-- [fill = 0]
                  00003640    00000012     main_program.obj (.text:taskPriorityIncre)
                  00003652    00000006     --HOLE-- [fill = 0]
                  00003658    00000012     main.obj (.text:vApplicationMallocFailedHook)
                  0000366a    00000006     --HOLE-- [fill = 0]
                  00003670    00000012     main.obj (.text:vApplicationStackOverflowHook)
                  00003682    00000006     --HOLE-- [fill = 0]
                  00003688    00000010     bumpSwitch.obj (.text:Bump_Read_Input)
                  00003698    00000010     fpu.obj (.text:FPU_enableModule)
                  000036a8    00000010     tasks.obj (.text:vTaskSuspendAll)
                  000036b8    0000000e     rtsv7M4_T_le_v4SPD16_eabi.lib : copy_decompress_none.c.obj (.text:decompress:none:__TI_decompress_none)
                  000036c6    00000002     --HOLE-- [fill = 0]
                  000036c8    0000000e     main.obj (.text:main)
                  000036d6    00000002     --HOLE-- [fill = 0]
                  000036d8    0000000e     main_program.obj (.text:taskPlaySong)
                  000036e6    00000002     --HOLE-- [fill = 0]
                  000036e8    0000000c     pcm.obj (.text:PCM_getPowerState)
                  000036f4    0000000c     rtsv7M4_T_le_v4SPD16_eabi.lib : copy_zero_init.c.obj (.text:decompress:ZI:__TI_zero_init)
                  00003700    0000000c     tasks.obj (.text:vTaskMissedYield)
                  0000370c    00000004     --HOLE-- [fill = 0]
                  00003710    0000000c     tasks.obj (.text:xTaskGetTickCount)
                  0000371c    00000004     --HOLE-- [fill = 0]
                  00003720    00000008     pcm.obj (.text:PCM_setCoreVoltageLevel)
                  00003728    00000008     pcm.obj (.text:PCM_setPowerMode)
                  00003730    00000006     list.obj (.text:vListInitialiseItem)
                  00003736    00000002     --HOLE-- [fill = 0]
                  00003738    00000002     msp432_startup_ccs.obj (.text:defaultISR)
                  0000373a    00000006     --HOLE-- [fill = 0]
                  00003740    00000002     msp432_startup_ccs.obj (.text:faultISR)
                  00003742    00000006     --HOLE-- [fill = 0]
                  00003748    00000002     msp432_startup_ccs.obj (.text:nmiISR)
                  0000374a    00000006     --HOLE-- [fill = 0]
                  00003750    00000002     main.obj (.text:vApplicationIdleHook)
                  00003752    00000006     --HOLE-- [fill = 0]
                  00003758    00000002     main_program.obj (.text:vApplicationTickHook)
                  0000375a    00000006     --HOLE-- [fill = 0]
                  00003760    00000002     main_program.obj (.text:vPreSleepProcessing)

.const     0    00003764    00000008     
                  00003764    00000008     port.obj (.const)

.cinit     0    00003770    00000038     
                  00003770    00000014     (.cinit..data.load) [load image, compression = lzss]
                  00003784    0000000c     (__TI_handler_table)
                  00003790    00000008     (.cinit..bss.load) [load image, compression = zero_init]
                  00003798    00000010     (__TI_cinit_table)

.bss       0    20000000    0000c929     UNINITIALIZED
                  20000000    0000c800     heap_4.obj (.bss:ucHeap)
                  2000c800    00000064     tasks.obj (.bss:pxReadyTasksLists)
                  2000c864    00000014     timers.obj (.bss:xActiveTimerList1)
                  2000c878    00000014     timers.obj (.bss:xActiveTimerList2)
                  2000c88c    00000014     tasks.obj (.bss:xDelayedTaskList1)
                  2000c8a0    00000014     tasks.obj (.bss:xDelayedTaskList2)
                  2000c8b4    00000014     tasks.obj (.bss:xPendingReadyList)
                  2000c8c8    00000014     tasks.obj (.bss:xSuspendedTaskList)
                  2000c8dc    00000014     tasks.obj (.bss:xTasksWaitingTermination)
                  2000c8f0    00000008     cs.obj (.bss)
                  2000c8f8    00000008     tasks.obj (.bss)
                  2000c900    00000008     timers.obj (.bss)
                  2000c908    00000008     heap_4.obj (.bss:xStart)
                  2000c910    00000004     (.common:taskHandle_BlinkRedLED)
                  2000c914    00000004     (.common:taskHandle_BumpSwitch)
                  2000c918    00000004     (.common:taskHandle_InputSwitch)
                  2000c91c    00000004     (.common:taskHandle_OutputLED)
                  2000c920    00000004     (.common:taskHandle_PlaySong)
                  2000c924    00000004     (.common:taskHandle_dcMotor)
                  2000c928    00000001     (.common:bumpSwitch_status)

.data      0    2000c92c    0000006c     UNINITIALIZED
                  2000c92c    00000034     tasks.obj (.data)
                  2000c960    00000018     port.obj (.data)
                  2000c978    00000010     heap_4.obj (.data)
                  2000c988    0000000c     timers.obj (.data)
                  2000c994    00000004     main_program.obj (.data)

.stack     0    2000fce0    00000320     UNINITIALIZED
                  2000fce0    00000004     rtsv7M4_T_le_v4SPD16_eabi.lib : boot_cortex_m.c.obj (.stack)
                  2000fce4    0000031c     --HOLE--

__llvm_prf_cnts 
*          0    20000000    00000000     UNINITIALIZED

MODULE SUMMARY

       Module                       code    ro data   rw data
       ------                       ----    -------   -------
    .\
       main.obj                     72      0         0      
    +--+----------------------------+-------+---------+---------+
       Total:                       72      0         0      
                                                             
    .\FreeRTOS_Source\
       tasks.obj                    3812    0         260    
       queue.obj                    1604    0         0      
       timers.obj                   1082    0         60     
       list.obj                     150     0         0      
    +--+----------------------------+-------+---------+---------+
       Total:                       6648    0         320    
                                                             
    .\FreeRTOS_Source\portable\CCS\ARM_CM4F\
       port.obj                     984     8         24     
       portasm.obj                  218     0         0      
    +--+----------------------------+-------+---------+---------+
       Total:                       1202    8         24     
                                                             
    .\FreeRTOS_Source\portable\MemMang\
       heap_4.obj                   640     0         51224  
    +--+----------------------------+-------+---------+---------+
       Total:                       640     0         51224  
                                                             
    .\MainProgram\
       main_program.obj             808     0         29     
    +--+----------------------------+-------+---------+---------+
       Total:                       808     0         29     
                                                             
    .\driverlib\
       cs.obj                       1154    0         8      
       pcm.obj                      638     0         0      
       sysctl.obj                   84      0         0      
       flash.obj                    48      0         0      
       fpu.obj                      16      0         0      
    +--+----------------------------+-------+---------+---------+
       Total:                       1940    0         8      
                                                             
    .\inc\
       dcMotor.obj                  690     0         0      
       songFile.obj                 486     0         0      
       outputLED.obj                252     0         0      
       bumpSwitch.obj               96      0         0      
       SysTick.obj                  24      0         0      
    +--+----------------------------+-------+---------+---------+
       Total:                       1548    0         0      
                                                             
    .\system\CCS\
       msp432_startup_ccs.obj       30      312       0      
       system_msp432p401r.obj       104     0         0      
    +--+----------------------------+-------+---------+---------+
       Total:                       134     312       0      
                                                             
    C:\TI\ccs\tools\compiler\ti-cgt-arm_20.2.5.LTS\lib\rtsv7M4_T_le_v4SPD16_eabi.lib
       memcpy_t2.asm.obj            156     0         0      
       memset_t2.asm.obj            122     0         0      
       copy_decompress_lzss.c.obj   104     0         0      
       autoinit.c.obj               68      0         0      
       boot_cortex_m.c.obj          52      0         0      
       copy_decompress_none.c.obj   14      0         0      
       copy_zero_init.c.obj         12      0         0      
       exit.c.obj                   4       0         0      
       pre_init.c.obj               4       0         0      
    +--+----------------------------+-------+---------+---------+
       Total:                       536     0         0      
                                                             
       Stack:                       0       0         800    
       Linker Generated:            0       56        0      
    +--+----------------------------+-------+---------+---------+
       Grand Total:                 13528   376       52405  


LINKER GENERATED COPY TABLES

__TI_cinit_table @ 00003798 records: 2, size/record: 8, table size: 16
	.data: load addr=00003770, load size=00000014 bytes, run addr=2000c92c, run size=0000006c bytes, compression=lzss
	.bss: load addr=00003790, load size=00000008 bytes, run addr=20000000, run size=0000c929 bytes, compression=zero_init


LINKER GENERATED HANDLER TABLE

__TI_handler_table @ 00003784 records: 3, size/record: 4, table size: 12
	index: 0, handler: __TI_decompress_lzss
	index: 1, handler: __TI_decompress_none
	index: 2, handler: __TI_zero_init


GLOBAL SYMBOLS: SORTED ALPHABETICALLY BY Name 

address   name                           
-------   ----                           
00002b01  BumpSwitch_Init                
00003689  Bump_Read_Input                
00000435  C$$EXIT                        
00003379  CS_clearInterruptFlag          
00000439  CS_getDCOFrequency             
00003551  CS_getMCLK                     
00000a69  CS_initClockSignal             
00003211  CS_setDCOCenteredFrequency     
00002e61  ColorLED_Init                  
00003699  FPU_enableModule               
00003181  FlashCtl_setWaitState          
00002b51  PCM_getCoreVoltageLevel        
00003029  PCM_getPowerMode               
000036e9  PCM_getPowerState              
00003721  PCM_setCoreVoltageLevel        
00003729  PCM_setPowerMode               
000035c9  Port2_Output2                  
00003301  RedLED_Init                    
000027e9  SysCtl_getTLVInfo              
00003569  SysTick_Init                   
000024c1  SystemInit                     
4000480c  WDTCTL_SYM                     
20010000  __STACK_END                    
00000320  __STACK_SIZE                   
00003798  __TI_CINIT_Base                
000037a8  __TI_CINIT_Limit               
00003784  __TI_Handler_Table_Base        
00003790  __TI_Handler_Table_Limit       
00002ea5  __TI_auto_init_nobinit_nopinit 
00002529  __TI_decompress_lzss           
000036b9  __TI_decompress_none           
ffffffff  __TI_pprof_out_hndl            
ffffffff  __TI_prof_data_size            
ffffffff  __TI_prof_data_start           
00000000  __TI_static_base__             
000036f5  __TI_zero_init                 
0000219d  __aeabi_memclr                 
0000219d  __aeabi_memclr4                
0000219d  __aeabi_memclr8                
00001b85  __aeabi_memcpy                 
00001b85  __aeabi_memcpy4                
00001b85  __aeabi_memcpy8                
0000219f  __aeabi_memset                 
0000219f  __aeabi_memset4                
0000219f  __aeabi_memset8                
ffffffff  __binit__                      
ffffffff  __c_args__                     
UNDEFED   __mpu_init                     
2000fce0  __stack                        
20000000  __start___llvm_prf_cnts        
20000000  __stop___llvm_prf_cnts         
000030d9  _c_int00_noargs                
UNDEFED   _system_post_cinit             
000002cd  _system_pre_init               
00000435  abort                          
00002841  beep                           
ffffffff  binit                          
2000c928  bumpSwitch_status              
00002dd1  dcMotor_Backward               
00002c41  dcMotor_Forward                
00002c91  dcMotor_Init                   
00002899  dcMotor_Left                   
000028f1  dcMotor_Right                  
000033a1  dcMotor_Stop                   
00000eb9  dcMotor_response               
000034f1  delay_ms                       
000035e1  delay_us                       
00002f69  eTaskConfirmSleepModeStatus    
00003241  init_song_pwm                  
2000c994  interruptV                     
00000000  interruptVectors               
000036c9  main                           
000011b1  main_program                   
00001b85  memcpy                         
000021a5  memset                         
00002021  outputLED_response             
000006c9  play_song                      
00000939  pvPortMalloc                   
2000c92c  pxCurrentTCB                   
000032a1  pxPortInitialiseStack          
2000c910  taskHandle_BlinkRedLED         
2000c914  taskHandle_BumpSwitch          
2000c918  taskHandle_InputSwitch         
2000c91c  taskHandle_OutputLED           
2000c920  taskHandle_PlaySong            
2000c924  taskHandle_dcMotor             
00003764  ulMaxSyscallInterruptPriority  
0000146d  ulPortGetIPSR                  
00003351  uxListRemove                   
000034d1  uxTaskPriorityGet              
00003751  vApplicationIdleHook           
00003659  vApplicationMallocFailedHook   
00003671  vApplicationStackOverflowHook  
00003759  vApplicationTickHook           
00003451  vListInitialise                
00003731  vListInitialiseItem            
00003111  vListInsert                    
00003599  vListInsertEnd                 
00001529  vPortEnableVFP                 
00002fe9  vPortEnterCritical             
000031e1  vPortExitCritical              
00002121  vPortFree                      
000014e5  vPortSVCHandler                
000025f9  vPortSetupTimerInterrupt       
00001505  vPortStartFirstTask            
00000801  vPortSuppressTicksAndSleep     
000026c9  vPortValidateInterruptPriority 
00003761  vPreSleepProcessing            
00002e19  vQueueWaitForMessageRestricted 
00002a51  vTaskDelay                     
00001611  vTaskDelete                    
000035b1  vTaskInternalSetTimeOutState   
00003701  vTaskMissedYield               
000030a1  vTaskPlaceOnEventList          
00002ee9  vTaskPlaceOnEventListRestricted
000012a1  vTaskPrioritySet               
00001e81  vTaskResume                    
00001f99  vTaskStartScheduler            
00003149  vTaskStepTick                  
000010c1  vTaskSuspend                   
000036a9  vTaskSuspendAll                
00001a19  vTaskSwitchContext             
00001485  xPortPendSVHandler             
00001381  xPortStartScheduler            
000032d1  xPortSysTickHandler            
00002d31  xQueueGenericCreate            
00001df1  xQueueGenericReset             
00000139  xQueueGenericSend              
000017b9  xQueueGenericSendFromISR       
000002d1  xQueueReceive                  
00001d59  xTaskCheckForTimeOut           
00002661  xTaskCreate                    
000033f1  xTaskGetSchedulerState         
00003711  xTaskGetTickCount              
00000581  xTaskIncrementTick             
00001889  xTaskPriorityDisinherit        
00001c21  xTaskRemoveFromEventList       
00000ca1  xTaskResumeAll                 
00002791  xTimerCreateTimerTask          
00002219  xTimerGenericCommand           


GLOBAL SYMBOLS: SORTED BY Symbol Address 

address   name                           
-------   ----                           
00000000  __TI_static_base__             
00000000  interruptVectors               
00000139  xQueueGenericSend              
000002cd  _system_pre_init               
000002d1  xQueueReceive                  
00000320  __STACK_SIZE                   
00000435  C$$EXIT                        
00000435  abort                          
00000439  CS_getDCOFrequency             
00000581  xTaskIncrementTick             
000006c9  play_song                      
00000801  vPortSuppressTicksAndSleep     
00000939  pvPortMalloc                   
00000a69  CS_initClockSignal             
00000ca1  xTaskResumeAll                 
00000eb9  dcMotor_response               
000010c1  vTaskSuspend                   
000011b1  main_program                   
000012a1  vTaskPrioritySet               
00001381  xPortStartScheduler            
0000146d  ulPortGetIPSR                  
00001485  xPortPendSVHandler             
000014e5  vPortSVCHandler                
00001505  vPortStartFirstTask            
00001529  vPortEnableVFP                 
00001611  vTaskDelete                    
000017b9  xQueueGenericSendFromISR       
00001889  xTaskPriorityDisinherit        
00001a19  vTaskSwitchContext             
00001b85  __aeabi_memcpy                 
00001b85  __aeabi_memcpy4                
00001b85  __aeabi_memcpy8                
00001b85  memcpy                         
00001c21  xTaskRemoveFromEventList       
00001d59  xTaskCheckForTimeOut           
00001df1  xQueueGenericReset             
00001e81  vTaskResume                    
00001f99  vTaskStartScheduler            
00002021  outputLED_response             
00002121  vPortFree                      
0000219d  __aeabi_memclr                 
0000219d  __aeabi_memclr4                
0000219d  __aeabi_memclr8                
0000219f  __aeabi_memset                 
0000219f  __aeabi_memset4                
0000219f  __aeabi_memset8                
000021a5  memset                         
00002219  xTimerGenericCommand           
000024c1  SystemInit                     
00002529  __TI_decompress_lzss           
000025f9  vPortSetupTimerInterrupt       
00002661  xTaskCreate                    
000026c9  vPortValidateInterruptPriority 
00002791  xTimerCreateTimerTask          
000027e9  SysCtl_getTLVInfo              
00002841  beep                           
00002899  dcMotor_Left                   
000028f1  dcMotor_Right                  
00002a51  vTaskDelay                     
00002b01  BumpSwitch_Init                
00002b51  PCM_getCoreVoltageLevel        
00002c41  dcMotor_Forward                
00002c91  dcMotor_Init                   
00002d31  xQueueGenericCreate            
00002dd1  dcMotor_Backward               
00002e19  vQueueWaitForMessageRestricted 
00002e61  ColorLED_Init                  
00002ea5  __TI_auto_init_nobinit_nopinit 
00002ee9  vTaskPlaceOnEventListRestricted
00002f69  eTaskConfirmSleepModeStatus    
00002fe9  vPortEnterCritical             
00003029  PCM_getPowerMode               
000030a1  vTaskPlaceOnEventList          
000030d9  _c_int00_noargs                
00003111  vListInsert                    
00003149  vTaskStepTick                  
00003181  FlashCtl_setWaitState          
000031e1  vPortExitCritical              
00003211  CS_setDCOCenteredFrequency     
00003241  init_song_pwm                  
000032a1  pxPortInitialiseStack          
000032d1  xPortSysTickHandler            
00003301  RedLED_Init                    
00003351  uxListRemove                   
00003379  CS_clearInterruptFlag          
000033a1  dcMotor_Stop                   
000033f1  xTaskGetSchedulerState         
00003451  vListInitialise                
000034d1  uxTaskPriorityGet              
000034f1  delay_ms                       
00003551  CS_getMCLK                     
00003569  SysTick_Init                   
00003599  vListInsertEnd                 
000035b1  vTaskInternalSetTimeOutState   
000035c9  Port2_Output2                  
000035e1  delay_us                       
00003659  vApplicationMallocFailedHook   
00003671  vApplicationStackOverflowHook  
00003689  Bump_Read_Input                
00003699  FPU_enableModule               
000036a9  vTaskSuspendAll                
000036b9  __TI_decompress_none           
000036c9  main                           
000036e9  PCM_getPowerState              
000036f5  __TI_zero_init                 
00003701  vTaskMissedYield               
00003711  xTaskGetTickCount              
00003721  PCM_setCoreVoltageLevel        
00003729  PCM_setPowerMode               
00003731  vListInitialiseItem            
00003751  vApplicationIdleHook           
00003759  vApplicationTickHook           
00003761  vPreSleepProcessing            
00003764  ulMaxSyscallInterruptPriority  
00003784  __TI_Handler_Table_Base        
00003790  __TI_Handler_Table_Limit       
00003798  __TI_CINIT_Base                
000037a8  __TI_CINIT_Limit               
20000000  __start___llvm_prf_cnts        
20000000  __stop___llvm_prf_cnts         
2000c910  taskHandle_BlinkRedLED         
2000c914  taskHandle_BumpSwitch          
2000c918  taskHandle_InputSwitch         
2000c91c  taskHandle_OutputLED           
2000c920  taskHandle_PlaySong            
2000c924  taskHandle_dcMotor             
2000c928  bumpSwitch_status              
2000c92c  pxCurrentTCB                   
2000c994  interruptV                     
2000fce0  __stack                        
20010000  __STACK_END                    
4000480c  WDTCTL_SYM                     
ffffffff  __TI_pprof_out_hndl            
ffffffff  __TI_prof_data_size            
ffffffff  __TI_prof_data_start           
ffffffff  __binit__                      
ffffffff  __c_args__                     
ffffffff  binit                          
UNDEFED   __mpu_init                     
UNDEFED   _system_post_cinit             

[140 symbols]
