******************************************************************************
                  TI ARM Linker PC v20.2.5                     
******************************************************************************
>> Linked Mon Dec  5 12:59:12 2022

OUTPUT FILE NAME:   <RTOSDemo.out>
ENTRY POINT SYMBOL: "_c_int00_noargs"  address: 00002fe1


MEMORY CONFIGURATION

         name            origin    length      used     unused   attr    fill
----------------------  --------  ---------  --------  --------  ----  --------
  MAIN                  00000000   00040000  000036aa  0003c956  R  X
  INFO                  00200000   00004000  00000000  00004000  R  X
  SRAM_CODE             01000000   00010000  00000000  00010000  RW X
  SRAM_DATA             20000000   00010000  0000ccb5  0000334b  RW  


SEGMENT ALLOCATION MAP

run origin  load origin   length   init length attrs members
----------  ----------- ---------- ----------- ----- -------
00000000    00000000    000036b0   000036b0    r-x
  00000000    00000000    00000138   00000138    r-- .intvecs
  00000138    00000138    00003532   00003532    r-x .text
  0000366c    0000366c    00000008   00000008    r-- .const
  00003678    00003678    00000038   00000038    r-- .cinit
20000000    20000000    0000c998   00000000    rw-
  20000000    20000000    0000c929   00000000    rw- .bss
  2000c92c    2000c92c    0000006c   00000000    rw- .data
2000fce0    2000fce0    00000320   00000000    rw-
  2000fce0    2000fce0    00000320   00000000    rw- .stack


SECTION ALLOCATION MAP

 output                                  attributes/
section   page    origin      length       input sections
--------  ----  ----------  ----------   ----------------
.intvecs   0    00000000    00000138     
                  00000000    00000138     msp432_startup_ccs.obj (.intvecs:retain)

.text      0    00000138    00003532     
                  00000138    00000194     queue.obj (.text:xQueueGenericSend)
                  000002cc    00000004     rtsv7M4_T_le_v4SPD16_eabi.lib : pre_init.c.obj (.text:_system_pre_init)
                  000002d0    00000164     queue.obj (.text:xQueueReceive)
                  00000434    00000004     rtsv7M4_T_le_v4SPD16_eabi.lib : exit.c.obj (.text:abort:abort)
                  00000438    00000148     cs.obj (.text:CS_getDCOFrequency)
                  00000580    00000148     tasks.obj (.text:xTaskIncrementTick)
                  000006c8    00000138     songFile.obj (.text:play_song)
                  00000800    00000134     port.obj (.text:vPortSuppressTicksAndSleep)
                  00000934    00000004     --HOLE-- [fill = 0]
                  00000938    0000012c     heap_4.obj (.text:pvPortMalloc)
                  00000a64    00000004     --HOLE-- [fill = 0]
                  00000a68    0000011c     cs.obj (.text:CS_initClockSignal)
                  00000b84    00000004     --HOLE-- [fill = 0]
                  00000b88    00000114     cs.obj (.text:_CSComputeCLKFrequency)
                  00000c9c    00000004     --HOLE-- [fill = 0]
                  00000ca0    0000010c     tasks.obj (.text:xTaskResumeAll)
                  00000dac    00000004     --HOLE-- [fill = 0]
                  00000db0    00000108     pcm.obj (.text:__PCM_setPowerModeAdvanced)
                  00000eb8    00000106     dcMotor.obj (.text:dcMotor_response)
                  00000fbe    00000002     --HOLE-- [fill = 0]
                  00000fc0    00000100     timers.obj (.text:prvProcessReceivedCommands)
                  000010c0    000000f0     tasks.obj (.text:vTaskSuspend)
                  000011b0    000000ec     main_program.obj (.text:main_program)
                  0000129c    00000004     --HOLE-- [fill = 0]
                  000012a0    000000dc     tasks.obj (.text:vTaskPrioritySet)
                  0000137c    00000004     --HOLE-- [fill = 0]
                  00001380    000000dc     port.obj (.text:xPortStartScheduler)
                  0000145c    000000da     portasm.obj (.text)
                  00001536    00000002     --HOLE-- [fill = 0]
                  00001538    000000d0     pcm.obj (.text:__PCM_setCoreVoltageLevelAdvanced)
                  00001608    000000ce     queue.obj (.text:xQueueGenericSendFromISR)
                  000016d6    00000002     --HOLE-- [fill = 0]
                  000016d8    000000c8     tasks.obj (.text:xTaskPriorityDisinherit)
                  000017a0    000000c6     tasks.obj (.text:prvInitialiseNewTask)
                  00001866    00000002     --HOLE-- [fill = 0]
                  00001868    000000b8     main_program.obj (.text:taskReadInputSwitch)
                  00001920    000000b8     tasks.obj (.text:vTaskSwitchContext)
                  000019d8    000000b4     tasks.obj (.text:prvAddNewTaskToReadyList)
                  00001a8c    0000009c     rtsv7M4_T_le_v4SPD16_eabi.lib : memcpy_t2.asm.obj (.text)
                  00001b28    0000009c     tasks.obj (.text:xTaskRemoveFromEventList)
                  00001bc4    00000004     --HOLE-- [fill = 0]
                  00001bc8    00000094     timers.obj (.text:prvSwitchTimerLists)
                  00001c5c    00000004     --HOLE-- [fill = 0]
                  00001c60    00000094     tasks.obj (.text:xTaskCheckForTimeOut)
                  00001cf4    00000004     --HOLE-- [fill = 0]
                  00001cf8    00000090     queue.obj (.text:xQueueGenericReset)
                  00001d88    0000008c     tasks.obj (.text:vTaskResume)
                  00001e14    00000004     --HOLE-- [fill = 0]
                  00001e18    00000088     tasks.obj (.text:prvAddCurrentTaskToDelayedList)
                  00001ea0    00000084     tasks.obj (.text:vTaskStartScheduler)
                  00001f24    00000004     --HOLE-- [fill = 0]
                  00001f28    0000007c     outputLED.obj (.text:outputLED_response)
                  00001fa4    00000004     --HOLE-- [fill = 0]
                  00001fa8    0000007c     tasks.obj (.text:prvIdleTask)
                  00002024    00000004     --HOLE-- [fill = 0]
                  00002028    0000007c     heap_4.obj (.text:vPortFree)
                  000020a4    0000007a     rtsv7M4_T_le_v4SPD16_eabi.lib : memset_t2.asm.obj (.text)
                  0000211e    00000002     --HOLE-- [fill = 0]
                  00002120    00000074     timers.obj (.text:xTimerGenericCommand)
                  00002194    00000004     --HOLE-- [fill = 0]
                  00002198    00000070     queue.obj (.text:prvCopyDataToQueue)
                  00002208    00000070     heap_4.obj (.text:prvHeapInit)
                  00002278    00000070     tasks.obj (.text:prvInitialiseTaskLists)
                  000022e8    00000070     timers.obj (.text:prvProcessTimerOrBlockTask)
                  00002358    0000006c     queue.obj (.text:prvUnlockQueue)
                  000023c4    00000004     --HOLE-- [fill = 0]
                  000023c8    00000068     system_msp432p401r.obj (.text:SystemInit)
                  00002430    00000068     rtsv7M4_T_le_v4SPD16_eabi.lib : copy_decompress_lzss.c.obj (.text:decompress:lzss:__TI_decompress_lzss)
                  00002498    00000068     heap_4.obj (.text:prvInsertBlockIntoFreeList)
                  00002500    00000068     port.obj (.text:vPortSetupTimerInterrupt)
                  00002568    00000068     tasks.obj (.text:xTaskCreate)
                  000025d0    00000064     port.obj (.text:vPortValidateInterruptPriority)
                  00002634    00000004     --HOLE-- [fill = 0]
                  00002638    00000060     timers.obj (.text:prvProcessExpiredTimer)
                  00002698    00000058     timers.obj (.text:xTimerCreateTimerTask)
                  000026f0    00000054     sysctl.obj (.text:SysCtl_getTLVInfo)
                  00002744    00000004     --HOLE-- [fill = 0]
                  00002748    00000054     songFile.obj (.text:beep)
                  0000279c    00000004     --HOLE-- [fill = 0]
                  000027a0    00000054     dcMotor.obj (.text:dcMotor_Left)
                  000027f4    00000004     --HOLE-- [fill = 0]
                  000027f8    00000054     dcMotor.obj (.text:dcMotor_Right)
                  0000284c    00000004     --HOLE-- [fill = 0]
                  00002850    00000054     tasks.obj (.text:prvCheckTasksWaitingTermination)
                  000028a4    00000004     --HOLE-- [fill = 0]
                  000028a8    00000054     timers.obj (.text:prvInsertTimerInActiveList)
                  000028fc    00000004     --HOLE-- [fill = 0]
                  00002900    00000054     main_program.obj (.text:taskMasterThread)
                  00002954    00000004     --HOLE-- [fill = 0]
                  00002958    00000054     tasks.obj (.text:vTaskDelay)
                  000029ac    00000004     --HOLE-- [fill = 0]
                  000029b0    00000052     cs.obj (.text:_CSGetDividerValue)
                  00002a02    00000006     --HOLE-- [fill = 0]
                  00002a08    00000050     bumpSwitch.obj (.text:BumpSwitch_Init)
                  00002a58    00000050     pcm.obj (.text:PCM_getCoreVoltageLevel)
                  00002aa8    00000050     cs.obj (.text:_CSGetDOCFrequency)
                  00002af8    00000050     tasks.obj (.text:prvGetExpectedIdleTime)
                  00002b48    0000004c     dcMotor.obj (.text:dcMotor_Forward)
                  00002b94    00000004     --HOLE-- [fill = 0]
                  00002b98    0000004c     dcMotor.obj (.text:dcMotor_Init)
                  00002be4    00000004     --HOLE-- [fill = 0]
                  00002be8    0000004c     timers.obj (.text:prvCheckForValidListAndQueue)
                  00002c34    00000004     --HOLE-- [fill = 0]
                  00002c38    0000004c     queue.obj (.text:xQueueGenericCreate)
                  00002c84    00000004     --HOLE-- [fill = 0]
                  00002c88    0000004a     main_program.obj (.text:prvConfigureClocks)
                  00002cd2    00000006     --HOLE-- [fill = 0]
                  00002cd8    00000048     dcMotor.obj (.text:dcMotor_Backward)
                  00002d20    00000048     queue.obj (.text:vQueueWaitForMessageRestricted)
                  00002d68    00000044     outputLED.obj (.text:ColorLED_Init)
                  00002dac    00000044     rtsv7M4_T_le_v4SPD16_eabi.lib : autoinit.c.obj (.text:__TI_auto_init_nobinit_nopinit:__TI_auto_init_nobinit_nopinit)
                  00002df0    00000040     tasks.obj (.text:vTaskPlaceOnEventListRestricted)
                  00002e30    0000003c     main_program.obj (.text:Switch_Init)
                  00002e6c    00000004     --HOLE-- [fill = 0]
                  00002e70    0000003c     tasks.obj (.text:eTaskConfirmSleepModeStatus)
                  00002eac    00000004     --HOLE-- [fill = 0]
                  00002eb0    0000003c     tasks.obj (.text:prvTaskIsTaskSuspended)
                  00002eec    00000004     --HOLE-- [fill = 0]
                  00002ef0    0000003c     port.obj (.text:vPortEnterCritical)
                  00002f2c    00000004     --HOLE-- [fill = 0]
                  00002f30    0000003a     pcm.obj (.text:PCM_getPowerMode)
                  00002f6a    00000006     --HOLE-- [fill = 0]
                  00002f70    00000038     port.obj (.text:prvTaskExitError)
                  00002fa8    00000038     tasks.obj (.text:vTaskPlaceOnEventList)
                  00002fe0    00000034     rtsv7M4_T_le_v4SPD16_eabi.lib : boot_cortex_m.c.obj (.text:_c_int00_noargs:_c_int00_noargs)
                  00003014    00000004     --HOLE-- [fill = 0]
                  00003018    00000034     list.obj (.text:vListInsert)
                  0000304c    00000004     --HOLE-- [fill = 0]
                  00003050    00000034     tasks.obj (.text:vTaskStepTick)
                  00003084    00000004     --HOLE-- [fill = 0]
                  00003088    00000030     flash.obj (.text:FlashCtl_setWaitState)
                  000030b8    00000030     tasks.obj (.text:prvResetNextTaskUnblockTime)
                  000030e8    00000030     port.obj (.text:vPortExitCritical)
                  00003118    0000002c     cs.obj (.text:CS_setDCOCenteredFrequency)
                  00003144    00000004     --HOLE-- [fill = 0]
                  00003148    0000002c     songFile.obj (.text:init_song_pwm)
                  00003174    00000004     --HOLE-- [fill = 0]
                  00003178    0000002c     timers.obj (.text:prvSampleTimeNow)
                  000031a4    00000004     --HOLE-- [fill = 0]
                  000031a8    0000002c     port.obj (.text:pxPortInitialiseStack)
                  000031d4    00000004     --HOLE-- [fill = 0]
                  000031d8    0000002c     port.obj (.text:xPortSysTickHandler)
                  00003204    00000004     --HOLE-- [fill = 0]
                  00003208    00000028     outputLED.obj (.text:RedLED_Init)
                  00003230    00000028     queue.obj (.text:prvCopyDataFromQueue)
                  00003258    00000026     list.obj (.text:uxListRemove)
                  0000327e    00000002     --HOLE-- [fill = 0]
                  00003280    00000024     cs.obj (.text:CS_clearInterruptFlag)
                  000032a4    00000004     --HOLE-- [fill = 0]
                  000032a8    00000024     dcMotor.obj (.text:dcMotor_Stop)
                  000032cc    00000004     --HOLE-- [fill = 0]
                  000032d0    00000024     timers.obj (.text:prvGetNextExpireTime)
                  000032f4    00000004     --HOLE-- [fill = 0]
                  000032f8    00000020     tasks.obj (.text:xTaskGetSchedulerState)
                  00003318    0000001e     queue.obj (.text:prvInitialiseNewQueue)
                  00003336    00000002     --HOLE-- [fill = 0]
                  00003338    0000001e     queue.obj (.text:prvIsQueueFull)
                  00003356    00000002     --HOLE-- [fill = 0]
                  00003358    0000001e     list.obj (.text:vListInitialise)
                  00003376    00000002     --HOLE-- [fill = 0]
                  00003378    0000001c     main_program.obj (.text:taskBumpSwitch)
                  00003394    00000004     --HOLE-- [fill = 0]
                  00003398    0000001c     main_program.obj (.text:taskDisplayOutputLED)
                  000033b4    00000004     --HOLE-- [fill = 0]
                  000033b8    0000001c     main_program.obj (.text:taskdcMotor)
                  000033d4    00000004     --HOLE-- [fill = 0]
                  000033d8    0000001c     tasks.obj (.text:uxTaskPriorityGet)
                  000033f4    00000004     --HOLE-- [fill = 0]
                  000033f8    0000001a     songFile.obj (.text:delay_ms)
                  00003412    00000006     --HOLE-- [fill = 0]
                  00003418    0000001a     queue.obj (.text:prvIsQueueEmpty)
                  00003432    00000006     --HOLE-- [fill = 0]
                  00003438    0000001a     timers.obj (.text:prvTimerTask)
                  00003452    00000006     --HOLE-- [fill = 0]
                  00003458    00000018     cs.obj (.text:CS_getMCLK)
                  00003470    00000018     SysTick.obj (.text:SysTick_Init)
                  00003488    00000018     msp432_startup_ccs.obj (.text:resetISR)
                  000034a0    00000018     list.obj (.text:vListInsertEnd)
                  000034b8    00000018     tasks.obj (.text:vTaskInternalSetTimeOutState)
                  000034d0    00000014     outputLED.obj (.text:Port2_Output2)
                  000034e4    00000004     --HOLE-- [fill = 0]
                  000034e8    00000014     songFile.obj (.text:delay_us)
                  000034fc    00000004     --HOLE-- [fill = 0]
                  00003500    00000014     main.obj (.text:prvSetupHardware)
                  00003514    00000004     --HOLE-- [fill = 0]
                  00003518    00000012     tasks.obj (.text:prvDeleteTCB)
                  0000352a    00000006     --HOLE-- [fill = 0]
                  00003530    00000012     main_program.obj (.text:taskPriorityDecre)
                  00003542    00000006     --HOLE-- [fill = 0]
                  00003548    00000012     main_program.obj (.text:taskPriorityIncre)
                  0000355a    00000006     --HOLE-- [fill = 0]
                  00003560    00000012     main.obj (.text:vApplicationMallocFailedHook)
                  00003572    00000006     --HOLE-- [fill = 0]
                  00003578    00000012     main.obj (.text:vApplicationStackOverflowHook)
                  0000358a    00000006     --HOLE-- [fill = 0]
                  00003590    00000010     bumpSwitch.obj (.text:Bump_Read_Input)
                  000035a0    00000010     fpu.obj (.text:FPU_enableModule)
                  000035b0    00000010     tasks.obj (.text:vTaskSuspendAll)
                  000035c0    0000000e     rtsv7M4_T_le_v4SPD16_eabi.lib : copy_decompress_none.c.obj (.text:decompress:none:__TI_decompress_none)
                  000035ce    00000002     --HOLE-- [fill = 0]
                  000035d0    0000000e     main.obj (.text:main)
                  000035de    00000002     --HOLE-- [fill = 0]
                  000035e0    0000000e     main_program.obj (.text:taskPlaySong)
                  000035ee    00000002     --HOLE-- [fill = 0]
                  000035f0    0000000c     pcm.obj (.text:PCM_getPowerState)
                  000035fc    0000000c     rtsv7M4_T_le_v4SPD16_eabi.lib : copy_zero_init.c.obj (.text:decompress:ZI:__TI_zero_init)
                  00003608    0000000c     tasks.obj (.text:vTaskMissedYield)
                  00003614    00000004     --HOLE-- [fill = 0]
                  00003618    0000000c     tasks.obj (.text:xTaskGetTickCount)
                  00003624    00000004     --HOLE-- [fill = 0]
                  00003628    00000008     pcm.obj (.text:PCM_setCoreVoltageLevel)
                  00003630    00000008     pcm.obj (.text:PCM_setPowerMode)
                  00003638    00000006     list.obj (.text:vListInitialiseItem)
                  0000363e    00000002     --HOLE-- [fill = 0]
                  00003640    00000002     msp432_startup_ccs.obj (.text:defaultISR)
                  00003642    00000006     --HOLE-- [fill = 0]
                  00003648    00000002     msp432_startup_ccs.obj (.text:faultISR)
                  0000364a    00000006     --HOLE-- [fill = 0]
                  00003650    00000002     msp432_startup_ccs.obj (.text:nmiISR)
                  00003652    00000006     --HOLE-- [fill = 0]
                  00003658    00000002     main.obj (.text:vApplicationIdleHook)
                  0000365a    00000006     --HOLE-- [fill = 0]
                  00003660    00000002     main_program.obj (.text:vApplicationTickHook)
                  00003662    00000006     --HOLE-- [fill = 0]
                  00003668    00000002     main_program.obj (.text:vPreSleepProcessing)

.const     0    0000366c    00000008     
                  0000366c    00000008     port.obj (.const)

.cinit     0    00003678    00000038     
                  00003678    00000014     (.cinit..data.load) [load image, compression = lzss]
                  0000368c    0000000c     (__TI_handler_table)
                  00003698    00000008     (.cinit..bss.load) [load image, compression = zero_init]
                  000036a0    00000010     (__TI_cinit_table)

.bss       0    20000000    0000c929     UNINITIALIZED
                  20000000    0000c800     heap_4.obj (.bss:ucHeap)
                  2000c800    00000064     tasks.obj (.bss:pxReadyTasksLists)
                  2000c864    00000014     timers.obj (.bss:xActiveTimerList1)
                  2000c878    00000014     timers.obj (.bss:xActiveTimerList2)
                  2000c88c    00000014     tasks.obj (.bss:xDelayedTaskList1)
                  2000c8a0    00000014     tasks.obj (.bss:xDelayedTaskList2)
                  2000c8b4    00000014     tasks.obj (.bss:xPendingReadyList)
                  2000c8c8    00000014     tasks.obj (.bss:xSuspendedTaskList)
                  2000c8dc    00000014     tasks.obj (.bss:xTasksWaitingTermination)
                  2000c8f0    00000008     cs.obj (.bss)
                  2000c8f8    00000008     tasks.obj (.bss)
                  2000c900    00000008     timers.obj (.bss)
                  2000c908    00000008     heap_4.obj (.bss:xStart)
                  2000c910    00000004     (.common:taskHandle_BlinkRedLED)
                  2000c914    00000004     (.common:taskHandle_BumpSwitch)
                  2000c918    00000004     (.common:taskHandle_InputSwitch)
                  2000c91c    00000004     (.common:taskHandle_OutputLED)
                  2000c920    00000004     (.common:taskHandle_PlaySong)
                  2000c924    00000004     (.common:taskHandle_dcMotor)
                  2000c928    00000001     (.common:bumpSwitch_status)

.data      0    2000c92c    0000006c     UNINITIALIZED
                  2000c92c    00000034     tasks.obj (.data)
                  2000c960    00000018     port.obj (.data)
                  2000c978    00000010     heap_4.obj (.data)
                  2000c988    0000000c     timers.obj (.data)
                  2000c994    00000004     main_program.obj (.data)

.stack     0    2000fce0    00000320     UNINITIALIZED
                  2000fce0    00000004     rtsv7M4_T_le_v4SPD16_eabi.lib : boot_cortex_m.c.obj (.stack)
                  2000fce4    0000031c     --HOLE--

__llvm_prf_cnts 
*          0    20000000    00000000     UNINITIALIZED

MODULE SUMMARY

       Module                       code    ro data   rw data
       ------                       ----    -------   -------
    .\
       main.obj                     72      0         0      
    +--+----------------------------+-------+---------+---------+
       Total:                       72      0         0      
                                                             
    .\FreeRTOS_Source\
       tasks.obj                    3600    0         260    
       queue.obj                    1604    0         0      
       timers.obj                   1082    0         60     
       list.obj                     150     0         0      
    +--+----------------------------+-------+---------+---------+
       Total:                       6436    0         320    
                                                             
    .\FreeRTOS_Source\portable\CCS\ARM_CM4F\
       port.obj                     984     8         24     
       portasm.obj                  218     0         0      
    +--+----------------------------+-------+---------+---------+
       Total:                       1202    8         24     
                                                             
    .\FreeRTOS_Source\portable\MemMang\
       heap_4.obj                   640     0         51224  
    +--+----------------------------+-------+---------+---------+
       Total:                       640     0         51224  
                                                             
    .\MainProgram\
       main_program.obj             776     0         29     
    +--+----------------------------+-------+---------+---------+
       Total:                       776     0         29     
                                                             
    .\driverlib\
       cs.obj                       1154    0         8      
       pcm.obj                      638     0         0      
       sysctl.obj                   84      0         0      
       flash.obj                    48      0         0      
       fpu.obj                      16      0         0      
    +--+----------------------------+-------+---------+---------+
       Total:                       1940    0         8      
                                                             
    .\inc\
       dcMotor.obj                  690     0         0      
       songFile.obj                 486     0         0      
       outputLED.obj                252     0         0      
       bumpSwitch.obj               96      0         0      
       SysTick.obj                  24      0         0      
    +--+----------------------------+-------+---------+---------+
       Total:                       1548    0         0      
                                                             
    .\system\CCS\
       msp432_startup_ccs.obj       30      312       0      
       system_msp432p401r.obj       104     0         0      
    +--+----------------------------+-------+---------+---------+
       Total:                       134     312       0      
                                                             
    C:\TI\ccs\tools\compiler\ti-cgt-arm_20.2.5.LTS\lib\rtsv7M4_T_le_v4SPD16_eabi.lib
       memcpy_t2.asm.obj            156     0         0      
       memset_t2.asm.obj            122     0         0      
       copy_decompress_lzss.c.obj   104     0         0      
       autoinit.c.obj               68      0         0      
       boot_cortex_m.c.obj          52      0         0      
       copy_decompress_none.c.obj   14      0         0      
       copy_zero_init.c.obj         12      0         0      
       exit.c.obj                   4       0         0      
       pre_init.c.obj               4       0         0      
    +--+----------------------------+-------+---------+---------+
       Total:                       536     0         0      
                                                             
       Stack:                       0       0         800    
       Linker Generated:            0       56        0      
    +--+----------------------------+-------+---------+---------+
       Grand Total:                 13284   376       52405  


LINKER GENERATED COPY TABLES

__TI_cinit_table @ 000036a0 records: 2, size/record: 8, table size: 16
	.data: load addr=00003678, load size=00000014 bytes, run addr=2000c92c, run size=0000006c bytes, compression=lzss
	.bss: load addr=00003698, load size=00000008 bytes, run addr=20000000, run size=0000c929 bytes, compression=zero_init


LINKER GENERATED HANDLER TABLE

__TI_handler_table @ 0000368c records: 3, size/record: 4, table size: 12
	index: 0, handler: __TI_decompress_lzss
	index: 1, handler: __TI_decompress_none
	index: 2, handler: __TI_zero_init


GLOBAL SYMBOLS: SORTED ALPHABETICALLY BY Name 

address   name                           
-------   ----                           
00002a09  BumpSwitch_Init                
00003591  Bump_Read_Input                
00000435  C$$EXIT                        
00003281  CS_clearInterruptFlag          
00000439  CS_getDCOFrequency             
00003459  CS_getMCLK                     
00000a69  CS_initClockSignal             
00003119  CS_setDCOCenteredFrequency     
00002d69  ColorLED_Init                  
000035a1  FPU_enableModule               
00003089  FlashCtl_setWaitState          
00002a59  PCM_getCoreVoltageLevel        
00002f31  PCM_getPowerMode               
000035f1  PCM_getPowerState              
00003629  PCM_setCoreVoltageLevel        
00003631  PCM_setPowerMode               
000034d1  Port2_Output2                  
00003209  RedLED_Init                    
000026f1  SysCtl_getTLVInfo              
00003471  SysTick_Init                   
000023c9  SystemInit                     
4000480c  WDTCTL_SYM                     
20010000  __STACK_END                    
00000320  __STACK_SIZE                   
000036a0  __TI_CINIT_Base                
000036b0  __TI_CINIT_Limit               
0000368c  __TI_Handler_Table_Base        
00003698  __TI_Handler_Table_Limit       
00002dad  __TI_auto_init_nobinit_nopinit 
00002431  __TI_decompress_lzss           
000035c1  __TI_decompress_none           
ffffffff  __TI_pprof_out_hndl            
ffffffff  __TI_prof_data_size            
ffffffff  __TI_prof_data_start           
00000000  __TI_static_base__             
000035fd  __TI_zero_init                 
000020a5  __aeabi_memclr                 
000020a5  __aeabi_memclr4                
000020a5  __aeabi_memclr8                
00001a8d  __aeabi_memcpy                 
00001a8d  __aeabi_memcpy4                
00001a8d  __aeabi_memcpy8                
000020a7  __aeabi_memset                 
000020a7  __aeabi_memset4                
000020a7  __aeabi_memset8                
ffffffff  __binit__                      
ffffffff  __c_args__                     
UNDEFED   __mpu_init                     
2000fce0  __stack                        
20000000  __start___llvm_prf_cnts        
20000000  __stop___llvm_prf_cnts         
00002fe1  _c_int00_noargs                
UNDEFED   _system_post_cinit             
000002cd  _system_pre_init               
00000435  abort                          
00002749  beep                           
ffffffff  binit                          
2000c928  bumpSwitch_status              
00002cd9  dcMotor_Backward               
00002b49  dcMotor_Forward                
00002b99  dcMotor_Init                   
000027a1  dcMotor_Left                   
000027f9  dcMotor_Right                  
000032a9  dcMotor_Stop                   
00000eb9  dcMotor_response               
000033f9  delay_ms                       
000034e9  delay_us                       
00002e71  eTaskConfirmSleepModeStatus    
00003149  init_song_pwm                  
2000c994  interruptV                     
00000000  interruptVectors               
000035d1  main                           
000011b1  main_program                   
00001a8d  memcpy                         
000020ad  memset                         
00001f29  outputLED_response             
000006c9  play_song                      
00000939  pvPortMalloc                   
2000c92c  pxCurrentTCB                   
000031a9  pxPortInitialiseStack          
2000c910  taskHandle_BlinkRedLED         
2000c914  taskHandle_BumpSwitch          
2000c918  taskHandle_InputSwitch         
2000c91c  taskHandle_OutputLED           
2000c920  taskHandle_PlaySong            
2000c924  taskHandle_dcMotor             
0000366c  ulMaxSyscallInterruptPriority  
0000146d  ulPortGetIPSR                  
00003259  uxListRemove                   
000033d9  uxTaskPriorityGet              
00003659  vApplicationIdleHook           
00003561  vApplicationMallocFailedHook   
00003579  vApplicationStackOverflowHook  
00003661  vApplicationTickHook           
00003359  vListInitialise                
00003639  vListInitialiseItem            
00003019  vListInsert                    
000034a1  vListInsertEnd                 
00001529  vPortEnableVFP                 
00002ef1  vPortEnterCritical             
000030e9  vPortExitCritical              
00002029  vPortFree                      
000014e5  vPortSVCHandler                
00002501  vPortSetupTimerInterrupt       
00001505  vPortStartFirstTask            
00000801  vPortSuppressTicksAndSleep     
000025d1  vPortValidateInterruptPriority 
00003669  vPreSleepProcessing            
00002d21  vQueueWaitForMessageRestricted 
00002959  vTaskDelay                     
000034b9  vTaskInternalSetTimeOutState   
00003609  vTaskMissedYield               
00002fa9  vTaskPlaceOnEventList          
00002df1  vTaskPlaceOnEventListRestricted
000012a1  vTaskPrioritySet               
00001d89  vTaskResume                    
00001ea1  vTaskStartScheduler            
00003051  vTaskStepTick                  
000010c1  vTaskSuspend                   
000035b1  vTaskSuspendAll                
00001921  vTaskSwitchContext             
00001485  xPortPendSVHandler             
00001381  xPortStartScheduler            
000031d9  xPortSysTickHandler            
00002c39  xQueueGenericCreate            
00001cf9  xQueueGenericReset             
00000139  xQueueGenericSend              
00001609  xQueueGenericSendFromISR       
000002d1  xQueueReceive                  
00001c61  xTaskCheckForTimeOut           
00002569  xTaskCreate                    
000032f9  xTaskGetSchedulerState         
00003619  xTaskGetTickCount              
00000581  xTaskIncrementTick             
000016d9  xTaskPriorityDisinherit        
00001b29  xTaskRemoveFromEventList       
00000ca1  xTaskResumeAll                 
00002699  xTimerCreateTimerTask          
00002121  xTimerGenericCommand           


GLOBAL SYMBOLS: SORTED BY Symbol Address 

address   name                           
-------   ----                           
00000000  __TI_static_base__             
00000000  interruptVectors               
00000139  xQueueGenericSend              
000002cd  _system_pre_init               
000002d1  xQueueReceive                  
00000320  __STACK_SIZE                   
00000435  C$$EXIT                        
00000435  abort                          
00000439  CS_getDCOFrequency             
00000581  xTaskIncrementTick             
000006c9  play_song                      
00000801  vPortSuppressTicksAndSleep     
00000939  pvPortMalloc                   
00000a69  CS_initClockSignal             
00000ca1  xTaskResumeAll                 
00000eb9  dcMotor_response               
000010c1  vTaskSuspend                   
000011b1  main_program                   
000012a1  vTaskPrioritySet               
00001381  xPortStartScheduler            
0000146d  ulPortGetIPSR                  
00001485  xPortPendSVHandler             
000014e5  vPortSVCHandler                
00001505  vPortStartFirstTask            
00001529  vPortEnableVFP                 
00001609  xQueueGenericSendFromISR       
000016d9  xTaskPriorityDisinherit        
00001921  vTaskSwitchContext             
00001a8d  __aeabi_memcpy                 
00001a8d  __aeabi_memcpy4                
00001a8d  __aeabi_memcpy8                
00001a8d  memcpy                         
00001b29  xTaskRemoveFromEventList       
00001c61  xTaskCheckForTimeOut           
00001cf9  xQueueGenericReset             
00001d89  vTaskResume                    
00001ea1  vTaskStartScheduler            
00001f29  outputLED_response             
00002029  vPortFree                      
000020a5  __aeabi_memclr                 
000020a5  __aeabi_memclr4                
000020a5  __aeabi_memclr8                
000020a7  __aeabi_memset                 
000020a7  __aeabi_memset4                
000020a7  __aeabi_memset8                
000020ad  memset                         
00002121  xTimerGenericCommand           
000023c9  SystemInit                     
00002431  __TI_decompress_lzss           
00002501  vPortSetupTimerInterrupt       
00002569  xTaskCreate                    
000025d1  vPortValidateInterruptPriority 
00002699  xTimerCreateTimerTask          
000026f1  SysCtl_getTLVInfo              
00002749  beep                           
000027a1  dcMotor_Left                   
000027f9  dcMotor_Right                  
00002959  vTaskDelay                     
00002a09  BumpSwitch_Init                
00002a59  PCM_getCoreVoltageLevel        
00002b49  dcMotor_Forward                
00002b99  dcMotor_Init                   
00002c39  xQueueGenericCreate            
00002cd9  dcMotor_Backward               
00002d21  vQueueWaitForMessageRestricted 
00002d69  ColorLED_Init                  
00002dad  __TI_auto_init_nobinit_nopinit 
00002df1  vTaskPlaceOnEventListRestricted
00002e71  eTaskConfirmSleepModeStatus    
00002ef1  vPortEnterCritical             
00002f31  PCM_getPowerMode               
00002fa9  vTaskPlaceOnEventList          
00002fe1  _c_int00_noargs                
00003019  vListInsert                    
00003051  vTaskStepTick                  
00003089  FlashCtl_setWaitState          
000030e9  vPortExitCritical              
00003119  CS_setDCOCenteredFrequency     
00003149  init_song_pwm                  
000031a9  pxPortInitialiseStack          
000031d9  xPortSysTickHandler            
00003209  RedLED_Init                    
00003259  uxListRemove                   
00003281  CS_clearInterruptFlag          
000032a9  dcMotor_Stop                   
000032f9  xTaskGetSchedulerState         
00003359  vListInitialise                
000033d9  uxTaskPriorityGet              
000033f9  delay_ms                       
00003459  CS_getMCLK                     
00003471  SysTick_Init                   
000034a1  vListInsertEnd                 
000034b9  vTaskInternalSetTimeOutState   
000034d1  Port2_Output2                  
000034e9  delay_us                       
00003561  vApplicationMallocFailedHook   
00003579  vApplicationStackOverflowHook  
00003591  Bump_Read_Input                
000035a1  FPU_enableModule               
000035b1  vTaskSuspendAll                
000035c1  __TI_decompress_none           
000035d1  main                           
000035f1  PCM_getPowerState              
000035fd  __TI_zero_init                 
00003609  vTaskMissedYield               
00003619  xTaskGetTickCount              
00003629  PCM_setCoreVoltageLevel        
00003631  PCM_setPowerMode               
00003639  vListInitialiseItem            
00003659  vApplicationIdleHook           
00003661  vApplicationTickHook           
00003669  vPreSleepProcessing            
0000366c  ulMaxSyscallInterruptPriority  
0000368c  __TI_Handler_Table_Base        
00003698  __TI_Handler_Table_Limit       
000036a0  __TI_CINIT_Base                
000036b0  __TI_CINIT_Limit               
20000000  __start___llvm_prf_cnts        
20000000  __stop___llvm_prf_cnts         
2000c910  taskHandle_BlinkRedLED         
2000c914  taskHandle_BumpSwitch          
2000c918  taskHandle_InputSwitch         
2000c91c  taskHandle_OutputLED           
2000c920  taskHandle_PlaySong            
2000c924  taskHandle_dcMotor             
2000c928  bumpSwitch_status              
2000c92c  pxCurrentTCB                   
2000c994  interruptV                     
2000fce0  __stack                        
20010000  __STACK_END                    
4000480c  WDTCTL_SYM                     
ffffffff  __TI_pprof_out_hndl            
ffffffff  __TI_prof_data_size            
ffffffff  __TI_prof_data_start           
ffffffff  __binit__                      
ffffffff  __c_args__                     
ffffffff  binit                          
UNDEFED   __mpu_init                     
UNDEFED   _system_post_cinit             

[139 symbols]
