******************************************************************************
                  TI ARM Linker PC v20.2.5                     
******************************************************************************
>> Linked Mon Nov 28 12:29:17 2022

OUTPUT FILE NAME:   <RTOSDemo.out>
ENTRY POINT SYMBOL: "_c_int00_noargs"  address: 00002699


MEMORY CONFIGURATION

         name            origin    length      used     unused   attr    fill
----------------------  --------  ---------  --------  --------  ----  --------
  MAIN                  00000000   00040000  00002c4a  0003d3b6  R  X
  INFO                  00200000   00004000  00000000  00004000  R  X
  SRAM_CODE             01000000   00010000  00000000  00010000  RW X
  SRAM_DATA             20000000   00010000  0000ccb0  00003350  RW  


SEGMENT ALLOCATION MAP

run origin  load origin   length   init length attrs members
----------  ----------- ---------- ----------- ----- -------
00000000    00000000    00002c50   00002c50    r-x
  00000000    00000000    00000138   00000138    r-- .intvecs
  00000138    00000138    00002ad2   00002ad2    r-x .text
  00002c0c    00002c0c    00000008   00000008    r-- .const
  00002c18    00002c18    00000038   00000038    r-- .cinit
20000000    20000000    0000c990   00000000    rw-
  20000000    20000000    0000c928   00000000    rw- .bss
  2000c928    2000c928    00000068   00000000    rw- .data
2000fce0    2000fce0    00000320   00000000    rw-
  2000fce0    2000fce0    00000320   00000000    rw- .stack


SECTION ALLOCATION MAP

 output                                  attributes/
section   page    origin      length       input sections
--------  ----  ----------  ----------   ----------------
.intvecs   0    00000000    00000138     
                  00000000    00000138     msp432_startup_ccs.obj (.intvecs:retain)

.text      0    00000138    00002ad2     
                  00000138    00000194     queue.obj (.text:xQueueGenericSend)
                  000002cc    00000004     rtsv7M4_T_le_v4SPD16_eabi.lib : pre_init.c.obj (.text:_system_pre_init)
                  000002d0    00000164     queue.obj (.text:xQueueReceive)
                  00000434    00000004     rtsv7M4_T_le_v4SPD16_eabi.lib : exit.c.obj (.text:abort:abort)
                  00000438    00000148     cs.obj (.text:CS_getDCOFrequency)
                  00000580    00000148     tasks.obj (.text:xTaskIncrementTick)
                  000006c8    00000134     port.obj (.text:vPortSuppressTicksAndSleep)
                  000007fc    00000004     --HOLE-- [fill = 0]
                  00000800    0000012c     heap_4.obj (.text:pvPortMalloc)
                  0000092c    00000004     --HOLE-- [fill = 0]
                  00000930    0000011c     cs.obj (.text:CS_initClockSignal)
                  00000a4c    00000004     --HOLE-- [fill = 0]
                  00000a50    00000114     cs.obj (.text:_CSComputeCLKFrequency)
                  00000b64    00000004     --HOLE-- [fill = 0]
                  00000b68    0000010c     tasks.obj (.text:xTaskResumeAll)
                  00000c74    00000004     --HOLE-- [fill = 0]
                  00000c78    00000108     pcm.obj (.text:__PCM_setPowerModeAdvanced)
                  00000d80    00000100     timers.obj (.text:prvProcessReceivedCommands)
                  00000e80    000000ec     main_program.obj (.text:main_program)
                  00000f6c    00000004     --HOLE-- [fill = 0]
                  00000f70    000000dc     port.obj (.text:xPortStartScheduler)
                  0000104c    000000da     portasm.obj (.text)
                  00001126    00000002     --HOLE-- [fill = 0]
                  00001128    000000d0     pcm.obj (.text:__PCM_setCoreVoltageLevelAdvanced)
                  000011f8    000000ce     queue.obj (.text:xQueueGenericSendFromISR)
                  000012c6    00000002     --HOLE-- [fill = 0]
                  000012c8    000000c8     tasks.obj (.text:xTaskPriorityDisinherit)
                  00001390    000000c6     tasks.obj (.text:prvInitialiseNewTask)
                  00001456    00000002     --HOLE-- [fill = 0]
                  00001458    000000b8     tasks.obj (.text:vTaskSwitchContext)
                  00001510    000000b4     tasks.obj (.text:prvAddNewTaskToReadyList)
                  000015c4    0000009c     rtsv7M4_T_le_v4SPD16_eabi.lib : memcpy_t2.asm.obj (.text)
                  00001660    0000009c     tasks.obj (.text:xTaskRemoveFromEventList)
                  000016fc    00000004     --HOLE-- [fill = 0]
                  00001700    00000094     timers.obj (.text:prvSwitchTimerLists)
                  00001794    00000004     --HOLE-- [fill = 0]
                  00001798    00000094     tasks.obj (.text:xTaskCheckForTimeOut)
                  0000182c    00000004     --HOLE-- [fill = 0]
                  00001830    00000090     queue.obj (.text:xQueueGenericReset)
                  000018c0    00000088     tasks.obj (.text:prvAddCurrentTaskToDelayedList)
                  00001948    00000084     tasks.obj (.text:vTaskStartScheduler)
                  000019cc    00000004     --HOLE-- [fill = 0]
                  000019d0    0000007c     tasks.obj (.text:prvIdleTask)
                  00001a4c    00000004     --HOLE-- [fill = 0]
                  00001a50    0000007c     heap_4.obj (.text:vPortFree)
                  00001acc    0000007a     rtsv7M4_T_le_v4SPD16_eabi.lib : memset_t2.asm.obj (.text)
                  00001b46    00000002     --HOLE-- [fill = 0]
                  00001b48    00000074     timers.obj (.text:xTimerGenericCommand)
                  00001bbc    00000004     --HOLE-- [fill = 0]
                  00001bc0    00000070     queue.obj (.text:prvCopyDataToQueue)
                  00001c30    00000070     heap_4.obj (.text:prvHeapInit)
                  00001ca0    00000070     tasks.obj (.text:prvInitialiseTaskLists)
                  00001d10    00000070     timers.obj (.text:prvProcessTimerOrBlockTask)
                  00001d80    0000006c     queue.obj (.text:prvUnlockQueue)
                  00001dec    00000004     --HOLE-- [fill = 0]
                  00001df0    00000068     system_msp432p401r.obj (.text:SystemInit)
                  00001e58    00000068     rtsv7M4_T_le_v4SPD16_eabi.lib : copy_decompress_lzss.c.obj (.text:decompress:lzss:__TI_decompress_lzss)
                  00001ec0    00000068     heap_4.obj (.text:prvInsertBlockIntoFreeList)
                  00001f28    00000068     port.obj (.text:vPortSetupTimerInterrupt)
                  00001f90    00000068     tasks.obj (.text:xTaskCreate)
                  00001ff8    00000064     port.obj (.text:vPortValidateInterruptPriority)
                  0000205c    00000004     --HOLE-- [fill = 0]
                  00002060    00000060     timers.obj (.text:prvProcessExpiredTimer)
                  000020c0    00000058     timers.obj (.text:xTimerCreateTimerTask)
                  00002118    00000054     sysctl.obj (.text:SysCtl_getTLVInfo)
                  0000216c    00000004     --HOLE-- [fill = 0]
                  00002170    00000054     tasks.obj (.text:prvCheckTasksWaitingTermination)
                  000021c4    00000004     --HOLE-- [fill = 0]
                  000021c8    00000054     timers.obj (.text:prvInsertTimerInActiveList)
                  0000221c    00000004     --HOLE-- [fill = 0]
                  00002220    00000052     cs.obj (.text:_CSGetDividerValue)
                  00002272    00000006     --HOLE-- [fill = 0]
                  00002278    00000050     pcm.obj (.text:PCM_getCoreVoltageLevel)
                  000022c8    00000050     cs.obj (.text:_CSGetDOCFrequency)
                  00002318    00000050     tasks.obj (.text:prvGetExpectedIdleTime)
                  00002368    0000004c     timers.obj (.text:prvCheckForValidListAndQueue)
                  000023b4    00000004     --HOLE-- [fill = 0]
                  000023b8    0000004c     queue.obj (.text:xQueueGenericCreate)
                  00002404    00000004     --HOLE-- [fill = 0]
                  00002408    0000004a     main_program.obj (.text:prvConfigureClocks)
                  00002452    00000006     --HOLE-- [fill = 0]
                  00002458    00000048     queue.obj (.text:vQueueWaitForMessageRestricted)
                  000024a0    00000044     rtsv7M4_T_le_v4SPD16_eabi.lib : autoinit.c.obj (.text:__TI_auto_init_nobinit_nopinit:__TI_auto_init_nobinit_nopinit)
                  000024e4    00000004     --HOLE-- [fill = 0]
                  000024e8    00000040     tasks.obj (.text:vTaskPlaceOnEventListRestricted)
                  00002528    0000003c     main_program.obj (.text:Switch_Init)
                  00002564    00000004     --HOLE-- [fill = 0]
                  00002568    0000003c     tasks.obj (.text:eTaskConfirmSleepModeStatus)
                  000025a4    00000004     --HOLE-- [fill = 0]
                  000025a8    0000003c     port.obj (.text:vPortEnterCritical)
                  000025e4    00000004     --HOLE-- [fill = 0]
                  000025e8    0000003a     pcm.obj (.text:PCM_getPowerMode)
                  00002622    00000006     --HOLE-- [fill = 0]
                  00002628    00000038     port.obj (.text:prvTaskExitError)
                  00002660    00000038     tasks.obj (.text:vTaskPlaceOnEventList)
                  00002698    00000034     rtsv7M4_T_le_v4SPD16_eabi.lib : boot_cortex_m.c.obj (.text:_c_int00_noargs:_c_int00_noargs)
                  000026cc    00000004     --HOLE-- [fill = 0]
                  000026d0    00000034     main_program.obj (.text:taskMasterThread)
                  00002704    00000004     --HOLE-- [fill = 0]
                  00002708    00000034     list.obj (.text:vListInsert)
                  0000273c    00000004     --HOLE-- [fill = 0]
                  00002740    00000034     tasks.obj (.text:vTaskStepTick)
                  00002774    00000004     --HOLE-- [fill = 0]
                  00002778    00000030     flash.obj (.text:FlashCtl_setWaitState)
                  000027a8    00000030     tasks.obj (.text:prvResetNextTaskUnblockTime)
                  000027d8    00000030     port.obj (.text:vPortExitCritical)
                  00002808    0000002c     cs.obj (.text:CS_setDCOCenteredFrequency)
                  00002834    00000004     --HOLE-- [fill = 0]
                  00002838    0000002c     timers.obj (.text:prvSampleTimeNow)
                  00002864    00000004     --HOLE-- [fill = 0]
                  00002868    0000002c     port.obj (.text:pxPortInitialiseStack)
                  00002894    00000004     --HOLE-- [fill = 0]
                  00002898    0000002c     port.obj (.text:xPortSysTickHandler)
                  000028c4    00000004     --HOLE-- [fill = 0]
                  000028c8    00000028     outputLED.obj (.text:RedLED_Init)
                  000028f0    00000028     queue.obj (.text:prvCopyDataFromQueue)
                  00002918    00000028     main_program.obj (.text:taskReadInputSwitch)
                  00002940    00000026     list.obj (.text:uxListRemove)
                  00002966    00000002     --HOLE-- [fill = 0]
                  00002968    00000024     cs.obj (.text:CS_clearInterruptFlag)
                  0000298c    00000004     --HOLE-- [fill = 0]
                  00002990    00000024     timers.obj (.text:prvGetNextExpireTime)
                  000029b4    00000004     --HOLE-- [fill = 0]
                  000029b8    00000020     tasks.obj (.text:xTaskGetSchedulerState)
                  000029d8    0000001e     queue.obj (.text:prvInitialiseNewQueue)
                  000029f6    00000002     --HOLE-- [fill = 0]
                  000029f8    0000001e     queue.obj (.text:prvIsQueueFull)
                  00002a16    00000002     --HOLE-- [fill = 0]
                  00002a18    0000001e     list.obj (.text:vListInitialise)
                  00002a36    00000002     --HOLE-- [fill = 0]
                  00002a38    0000001a     queue.obj (.text:prvIsQueueEmpty)
                  00002a52    00000006     --HOLE-- [fill = 0]
                  00002a58    0000001a     timers.obj (.text:prvTimerTask)
                  00002a72    00000006     --HOLE-- [fill = 0]
                  00002a78    00000018     cs.obj (.text:CS_getMCLK)
                  00002a90    00000018     SysTick.obj (.text:SysTick_Init)
                  00002aa8    00000018     msp432_startup_ccs.obj (.text:resetISR)
                  00002ac0    00000018     list.obj (.text:vListInsertEnd)
                  00002ad8    00000018     tasks.obj (.text:vTaskInternalSetTimeOutState)
                  00002af0    00000014     main.obj (.text:prvSetupHardware)
                  00002b04    00000004     --HOLE-- [fill = 0]
                  00002b08    00000012     tasks.obj (.text:prvDeleteTCB)
                  00002b1a    00000006     --HOLE-- [fill = 0]
                  00002b20    00000012     main.obj (.text:vApplicationMallocFailedHook)
                  00002b32    00000006     --HOLE-- [fill = 0]
                  00002b38    00000012     main.obj (.text:vApplicationStackOverflowHook)
                  00002b4a    00000006     --HOLE-- [fill = 0]
                  00002b50    00000010     fpu.obj (.text:FPU_enableModule)
                  00002b60    00000010     tasks.obj (.text:vTaskSuspendAll)
                  00002b70    0000000e     rtsv7M4_T_le_v4SPD16_eabi.lib : copy_decompress_none.c.obj (.text:decompress:none:__TI_decompress_none)
                  00002b7e    00000002     --HOLE-- [fill = 0]
                  00002b80    0000000e     main.obj (.text:main)
                  00002b8e    00000002     --HOLE-- [fill = 0]
                  00002b90    0000000c     pcm.obj (.text:PCM_getPowerState)
                  00002b9c    0000000c     rtsv7M4_T_le_v4SPD16_eabi.lib : copy_zero_init.c.obj (.text:decompress:ZI:__TI_zero_init)
                  00002ba8    0000000c     tasks.obj (.text:vTaskMissedYield)
                  00002bb4    00000004     --HOLE-- [fill = 0]
                  00002bb8    0000000c     tasks.obj (.text:xTaskGetTickCount)
                  00002bc4    00000004     --HOLE-- [fill = 0]
                  00002bc8    00000008     pcm.obj (.text:PCM_setCoreVoltageLevel)
                  00002bd0    00000008     pcm.obj (.text:PCM_setPowerMode)
                  00002bd8    00000006     list.obj (.text:vListInitialiseItem)
                  00002bde    00000002     --HOLE-- [fill = 0]
                  00002be0    00000002     msp432_startup_ccs.obj (.text:defaultISR)
                  00002be2    00000006     --HOLE-- [fill = 0]
                  00002be8    00000002     msp432_startup_ccs.obj (.text:faultISR)
                  00002bea    00000006     --HOLE-- [fill = 0]
                  00002bf0    00000002     msp432_startup_ccs.obj (.text:nmiISR)
                  00002bf2    00000006     --HOLE-- [fill = 0]
                  00002bf8    00000002     main.obj (.text:vApplicationIdleHook)
                  00002bfa    00000006     --HOLE-- [fill = 0]
                  00002c00    00000002     main_program.obj (.text:vApplicationTickHook)
                  00002c02    00000006     --HOLE-- [fill = 0]
                  00002c08    00000002     main_program.obj (.text:vPreSleepProcessing)

.const     0    00002c0c    00000008     
                  00002c0c    00000008     port.obj (.const)

.cinit     0    00002c18    00000038     
                  00002c18    00000014     (.cinit..data.load) [load image, compression = lzss]
                  00002c2c    0000000c     (__TI_handler_table)
                  00002c38    00000008     (.cinit..bss.load) [load image, compression = zero_init]
                  00002c40    00000010     (__TI_cinit_table)

.bss       0    20000000    0000c928     UNINITIALIZED
                  20000000    0000c800     heap_4.obj (.bss:ucHeap)
                  2000c800    00000064     tasks.obj (.bss:pxReadyTasksLists)
                  2000c864    00000014     timers.obj (.bss:xActiveTimerList1)
                  2000c878    00000014     timers.obj (.bss:xActiveTimerList2)
                  2000c88c    00000014     tasks.obj (.bss:xDelayedTaskList1)
                  2000c8a0    00000014     tasks.obj (.bss:xDelayedTaskList2)
                  2000c8b4    00000014     tasks.obj (.bss:xPendingReadyList)
                  2000c8c8    00000014     tasks.obj (.bss:xSuspendedTaskList)
                  2000c8dc    00000014     tasks.obj (.bss:xTasksWaitingTermination)
                  2000c8f0    00000008     cs.obj (.bss)
                  2000c8f8    00000008     tasks.obj (.bss)
                  2000c900    00000008     timers.obj (.bss)
                  2000c908    00000008     heap_4.obj (.bss:xStart)
                  2000c910    00000004     (.common:taskHandle_BlinkRedLED)
                  2000c914    00000004     (.common:taskHandle_BumpSwitch)
                  2000c918    00000004     (.common:taskHandle_InputSwitch)
                  2000c91c    00000004     (.common:taskHandle_OutputLED)
                  2000c920    00000004     (.common:taskHandle_PlaySong)
                  2000c924    00000004     (.common:taskHandle_dcMotor)

.data      0    2000c928    00000068     UNINITIALIZED
                  2000c928    00000034     tasks.obj (.data)
                  2000c95c    00000018     port.obj (.data)
                  2000c974    00000010     heap_4.obj (.data)
                  2000c984    0000000c     timers.obj (.data)

.stack     0    2000fce0    00000320     UNINITIALIZED
                  2000fce0    00000004     rtsv7M4_T_le_v4SPD16_eabi.lib : boot_cortex_m.c.obj (.stack)
                  2000fce4    0000031c     --HOLE--

__llvm_prf_cnts 
*          0    20000000    00000000     UNINITIALIZED

MODULE SUMMARY

       Module                       code    ro data   rw data
       ------                       ----    -------   -------
    .\
       main.obj                     72      0         0      
    +--+----------------------------+-------+---------+---------+
       Total:                       72      0         0      
                                                             
    .\FreeRTOS_Source\
       tasks.obj                    2828    0         260    
       queue.obj                    1604    0         0      
       timers.obj                   1082    0         60     
       list.obj                     150     0         0      
    +--+----------------------------+-------+---------+---------+
       Total:                       5664    0         320    
                                                             
    .\FreeRTOS_Source\portable\CCS\ARM_CM4F\
       port.obj                     984     8         24     
       portasm.obj                  218     0         0      
    +--+----------------------------+-------+---------+---------+
       Total:                       1202    8         24     
                                                             
    .\FreeRTOS_Source\portable\MemMang\
       heap_4.obj                   640     0         51224  
    +--+----------------------------+-------+---------+---------+
       Total:                       640     0         51224  
                                                             
    .\MainProgram\
       main_program.obj             466     0         24     
    +--+----------------------------+-------+---------+---------+
       Total:                       466     0         24     
                                                             
    .\driverlib\
       cs.obj                       1154    0         8      
       pcm.obj                      638     0         0      
       sysctl.obj                   84      0         0      
       flash.obj                    48      0         0      
       fpu.obj                      16      0         0      
    +--+----------------------------+-------+---------+---------+
       Total:                       1940    0         8      
                                                             
    .\inc\
       outputLED.obj                40      0         0      
       SysTick.obj                  24      0         0      
    +--+----------------------------+-------+---------+---------+
       Total:                       64      0         0      
                                                             
    .\system\CCS\
       msp432_startup_ccs.obj       30      312       0      
       system_msp432p401r.obj       104     0         0      
    +--+----------------------------+-------+---------+---------+
       Total:                       134     312       0      
                                                             
    C:\TI\ccs\tools\compiler\ti-cgt-arm_20.2.5.LTS\lib\rtsv7M4_T_le_v4SPD16_eabi.lib
       memcpy_t2.asm.obj            156     0         0      
       memset_t2.asm.obj            122     0         0      
       copy_decompress_lzss.c.obj   104     0         0      
       autoinit.c.obj               68      0         0      
       boot_cortex_m.c.obj          52      0         0      
       copy_decompress_none.c.obj   14      0         0      
       copy_zero_init.c.obj         12      0         0      
       exit.c.obj                   4       0         0      
       pre_init.c.obj               4       0         0      
    +--+----------------------------+-------+---------+---------+
       Total:                       536     0         0      
                                                             
       Stack:                       0       0         800    
       Linker Generated:            0       56        0      
    +--+----------------------------+-------+---------+---------+
       Grand Total:                 10718   376       52400  


LINKER GENERATED COPY TABLES

__TI_cinit_table @ 00002c40 records: 2, size/record: 8, table size: 16
	.data: load addr=00002c18, load size=00000014 bytes, run addr=2000c928, run size=00000068 bytes, compression=lzss
	.bss: load addr=00002c38, load size=00000008 bytes, run addr=20000000, run size=0000c928 bytes, compression=zero_init


LINKER GENERATED HANDLER TABLE

__TI_handler_table @ 00002c2c records: 3, size/record: 4, table size: 12
	index: 0, handler: __TI_decompress_lzss
	index: 1, handler: __TI_decompress_none
	index: 2, handler: __TI_zero_init


GLOBAL SYMBOLS: SORTED ALPHABETICALLY BY Name 

address   name                           
-------   ----                           
00000435  C$$EXIT                        
00002969  CS_clearInterruptFlag          
00000439  CS_getDCOFrequency             
00002a79  CS_getMCLK                     
00000931  CS_initClockSignal             
00002809  CS_setDCOCenteredFrequency     
00002b51  FPU_enableModule               
00002779  FlashCtl_setWaitState          
00002279  PCM_getCoreVoltageLevel        
000025e9  PCM_getPowerMode               
00002b91  PCM_getPowerState              
00002bc9  PCM_setCoreVoltageLevel        
00002bd1  PCM_setPowerMode               
000028c9  RedLED_Init                    
00002119  SysCtl_getTLVInfo              
00002a91  SysTick_Init                   
00001df1  SystemInit                     
4000480c  WDTCTL_SYM                     
20010000  __STACK_END                    
00000320  __STACK_SIZE                   
00002c40  __TI_CINIT_Base                
00002c50  __TI_CINIT_Limit               
00002c2c  __TI_Handler_Table_Base        
00002c38  __TI_Handler_Table_Limit       
000024a1  __TI_auto_init_nobinit_nopinit 
00001e59  __TI_decompress_lzss           
00002b71  __TI_decompress_none           
ffffffff  __TI_pprof_out_hndl            
ffffffff  __TI_prof_data_size            
ffffffff  __TI_prof_data_start           
00000000  __TI_static_base__             
00002b9d  __TI_zero_init                 
00001acd  __aeabi_memclr                 
00001acd  __aeabi_memclr4                
00001acd  __aeabi_memclr8                
000015c5  __aeabi_memcpy                 
000015c5  __aeabi_memcpy4                
000015c5  __aeabi_memcpy8                
00001acf  __aeabi_memset                 
00001acf  __aeabi_memset4                
00001acf  __aeabi_memset8                
ffffffff  __binit__                      
ffffffff  __c_args__                     
UNDEFED   __mpu_init                     
2000fce0  __stack                        
20000000  __start___llvm_prf_cnts        
20000000  __stop___llvm_prf_cnts         
00002699  _c_int00_noargs                
UNDEFED   _system_post_cinit             
000002cd  _system_pre_init               
00000435  abort                          
ffffffff  binit                          
00002569  eTaskConfirmSleepModeStatus    
00000000  interruptVectors               
00002b81  main                           
00000e81  main_program                   
000015c5  memcpy                         
00001ad5  memset                         
00000801  pvPortMalloc                   
2000c928  pxCurrentTCB                   
00002869  pxPortInitialiseStack          
UNDEFED   taskBumpSwitch                 
UNDEFED   taskDisplayOutputLED           
2000c910  taskHandle_BlinkRedLED         
2000c914  taskHandle_BumpSwitch          
2000c918  taskHandle_InputSwitch         
2000c91c  taskHandle_OutputLED           
2000c920  taskHandle_PlaySong            
2000c924  taskHandle_dcMotor             
UNDEFED   taskPlaySong                   
UNDEFED   taskdcMotor                    
00002c0c  ulMaxSyscallInterruptPriority  
0000105d  ulPortGetIPSR                  
00002941  uxListRemove                   
00002bf9  vApplicationIdleHook           
00002b21  vApplicationMallocFailedHook   
00002b39  vApplicationStackOverflowHook  
00002c01  vApplicationTickHook           
00002a19  vListInitialise                
00002bd9  vListInitialiseItem            
00002709  vListInsert                    
00002ac1  vListInsertEnd                 
00001119  vPortEnableVFP                 
000025a9  vPortEnterCritical             
000027d9  vPortExitCritical              
00001a51  vPortFree                      
000010d5  vPortSVCHandler                
00001f29  vPortSetupTimerInterrupt       
000010f5  vPortStartFirstTask            
000006c9  vPortSuppressTicksAndSleep     
00001ff9  vPortValidateInterruptPriority 
00002c09  vPreSleepProcessing            
00002459  vQueueWaitForMessageRestricted 
00002ad9  vTaskInternalSetTimeOutState   
00002ba9  vTaskMissedYield               
00002661  vTaskPlaceOnEventList          
000024e9  vTaskPlaceOnEventListRestricted
00001949  vTaskStartScheduler            
00002741  vTaskStepTick                  
00002b61  vTaskSuspendAll                
00001459  vTaskSwitchContext             
00001075  xPortPendSVHandler             
00000f71  xPortStartScheduler            
00002899  xPortSysTickHandler            
000023b9  xQueueGenericCreate            
00001831  xQueueGenericReset             
00000139  xQueueGenericSend              
000011f9  xQueueGenericSendFromISR       
000002d1  xQueueReceive                  
00001799  xTaskCheckForTimeOut           
00001f91  xTaskCreate                    
000029b9  xTaskGetSchedulerState         
00002bb9  xTaskGetTickCount              
00000581  xTaskIncrementTick             
000012c9  xTaskPriorityDisinherit        
00001661  xTaskRemoveFromEventList       
00000b69  xTaskResumeAll                 
000020c1  xTimerCreateTimerTask          
00001b49  xTimerGenericCommand           


GLOBAL SYMBOLS: SORTED BY Symbol Address 

address   name                           
-------   ----                           
00000000  __TI_static_base__             
00000000  interruptVectors               
00000139  xQueueGenericSend              
000002cd  _system_pre_init               
000002d1  xQueueReceive                  
00000320  __STACK_SIZE                   
00000435  C$$EXIT                        
00000435  abort                          
00000439  CS_getDCOFrequency             
00000581  xTaskIncrementTick             
000006c9  vPortSuppressTicksAndSleep     
00000801  pvPortMalloc                   
00000931  CS_initClockSignal             
00000b69  xTaskResumeAll                 
00000e81  main_program                   
00000f71  xPortStartScheduler            
0000105d  ulPortGetIPSR                  
00001075  xPortPendSVHandler             
000010d5  vPortSVCHandler                
000010f5  vPortStartFirstTask            
00001119  vPortEnableVFP                 
000011f9  xQueueGenericSendFromISR       
000012c9  xTaskPriorityDisinherit        
00001459  vTaskSwitchContext             
000015c5  __aeabi_memcpy                 
000015c5  __aeabi_memcpy4                
000015c5  __aeabi_memcpy8                
000015c5  memcpy                         
00001661  xTaskRemoveFromEventList       
00001799  xTaskCheckForTimeOut           
00001831  xQueueGenericReset             
00001949  vTaskStartScheduler            
00001a51  vPortFree                      
00001acd  __aeabi_memclr                 
00001acd  __aeabi_memclr4                
00001acd  __aeabi_memclr8                
00001acf  __aeabi_memset                 
00001acf  __aeabi_memset4                
00001acf  __aeabi_memset8                
00001ad5  memset                         
00001b49  xTimerGenericCommand           
00001df1  SystemInit                     
00001e59  __TI_decompress_lzss           
00001f29  vPortSetupTimerInterrupt       
00001f91  xTaskCreate                    
00001ff9  vPortValidateInterruptPriority 
000020c1  xTimerCreateTimerTask          
00002119  SysCtl_getTLVInfo              
00002279  PCM_getCoreVoltageLevel        
000023b9  xQueueGenericCreate            
00002459  vQueueWaitForMessageRestricted 
000024a1  __TI_auto_init_nobinit_nopinit 
000024e9  vTaskPlaceOnEventListRestricted
00002569  eTaskConfirmSleepModeStatus    
000025a9  vPortEnterCritical             
000025e9  PCM_getPowerMode               
00002661  vTaskPlaceOnEventList          
00002699  _c_int00_noargs                
00002709  vListInsert                    
00002741  vTaskStepTick                  
00002779  FlashCtl_setWaitState          
000027d9  vPortExitCritical              
00002809  CS_setDCOCenteredFrequency     
00002869  pxPortInitialiseStack          
00002899  xPortSysTickHandler            
000028c9  RedLED_Init                    
00002941  uxListRemove                   
00002969  CS_clearInterruptFlag          
000029b9  xTaskGetSchedulerState         
00002a19  vListInitialise                
00002a79  CS_getMCLK                     
00002a91  SysTick_Init                   
00002ac1  vListInsertEnd                 
00002ad9  vTaskInternalSetTimeOutState   
00002b21  vApplicationMallocFailedHook   
00002b39  vApplicationStackOverflowHook  
00002b51  FPU_enableModule               
00002b61  vTaskSuspendAll                
00002b71  __TI_decompress_none           
00002b81  main                           
00002b91  PCM_getPowerState              
00002b9d  __TI_zero_init                 
00002ba9  vTaskMissedYield               
00002bb9  xTaskGetTickCount              
00002bc9  PCM_setCoreVoltageLevel        
00002bd1  PCM_setPowerMode               
00002bd9  vListInitialiseItem            
00002bf9  vApplicationIdleHook           
00002c01  vApplicationTickHook           
00002c09  vPreSleepProcessing            
00002c0c  ulMaxSyscallInterruptPriority  
00002c2c  __TI_Handler_Table_Base        
00002c38  __TI_Handler_Table_Limit       
00002c40  __TI_CINIT_Base                
00002c50  __TI_CINIT_Limit               
20000000  __start___llvm_prf_cnts        
20000000  __stop___llvm_prf_cnts         
2000c910  taskHandle_BlinkRedLED         
2000c914  taskHandle_BumpSwitch          
2000c918  taskHandle_InputSwitch         
2000c91c  taskHandle_OutputLED           
2000c920  taskHandle_PlaySong            
2000c924  taskHandle_dcMotor             
2000c928  pxCurrentTCB                   
2000fce0  __stack                        
20010000  __STACK_END                    
4000480c  WDTCTL_SYM                     
ffffffff  __TI_pprof_out_hndl            
ffffffff  __TI_prof_data_size            
ffffffff  __TI_prof_data_start           
ffffffff  __binit__                      
ffffffff  __c_args__                     
ffffffff  binit                          
UNDEFED   __mpu_init                     
UNDEFED   _system_post_cinit             
UNDEFED   taskBumpSwitch                 
UNDEFED   taskDisplayOutputLED           
UNDEFED   taskPlaySong                   
UNDEFED   taskdcMotor                    

[119 symbols]
