******************************************************************************
                  TI ARM Linker PC v20.2.5                     
******************************************************************************
>> Linked Fri Dec  2 11:34:23 2022

OUTPUT FILE NAME:   <RTOSDemo.out>
ENTRY POINT SYMBOL: "_c_int00_noargs"  address: 00002eb1


MEMORY CONFIGURATION

         name            origin    length      used     unused   attr    fill
----------------------  --------  ---------  --------  --------  ----  --------
  MAIN                  00000000   00040000  0000352a  0003cad6  R  X
  INFO                  00200000   00004000  00000000  00004000  R  X
  SRAM_CODE             01000000   00010000  00000000  00010000  RW X
  SRAM_DATA             20000000   00010000  0000ccb1  0000334f  RW  


SEGMENT ALLOCATION MAP

run origin  load origin   length   init length attrs members
----------  ----------- ---------- ----------- ----- -------
00000000    00000000    00003530   00003530    r-x
  00000000    00000000    00000138   00000138    r-- .intvecs
  00000138    00000138    000033b2   000033b2    r-x .text
  000034ec    000034ec    00000008   00000008    r-- .const
  000034f8    000034f8    00000038   00000038    r-- .cinit
20000000    20000000    0000c994   00000000    rw-
  20000000    20000000    0000c929   00000000    rw- .bss
  2000c92c    2000c92c    00000068   00000000    rw- .data
2000fce0    2000fce0    00000320   00000000    rw-
  2000fce0    2000fce0    00000320   00000000    rw- .stack


SECTION ALLOCATION MAP

 output                                  attributes/
section   page    origin      length       input sections
--------  ----  ----------  ----------   ----------------
.intvecs   0    00000000    00000138     
                  00000000    00000138     msp432_startup_ccs.obj (.intvecs:retain)

.text      0    00000138    000033b2     
                  00000138    00000194     queue.obj (.text:xQueueGenericSend)
                  000002cc    00000004     rtsv7M4_T_le_v4SPD16_eabi.lib : pre_init.c.obj (.text:_system_pre_init)
                  000002d0    00000164     queue.obj (.text:xQueueReceive)
                  00000434    00000004     rtsv7M4_T_le_v4SPD16_eabi.lib : exit.c.obj (.text:abort:abort)
                  00000438    00000148     cs.obj (.text:CS_getDCOFrequency)
                  00000580    00000148     tasks.obj (.text:xTaskIncrementTick)
                  000006c8    00000138     songFile.obj (.text:play_song)
                  00000800    00000134     port.obj (.text:vPortSuppressTicksAndSleep)
                  00000934    00000004     --HOLE-- [fill = 0]
                  00000938    0000012c     heap_4.obj (.text:pvPortMalloc)
                  00000a64    00000004     --HOLE-- [fill = 0]
                  00000a68    0000011c     cs.obj (.text:CS_initClockSignal)
                  00000b84    00000004     --HOLE-- [fill = 0]
                  00000b88    00000114     cs.obj (.text:_CSComputeCLKFrequency)
                  00000c9c    00000004     --HOLE-- [fill = 0]
                  00000ca0    0000010c     tasks.obj (.text:xTaskResumeAll)
                  00000dac    00000004     --HOLE-- [fill = 0]
                  00000db0    00000108     pcm.obj (.text:__PCM_setPowerModeAdvanced)
                  00000eb8    00000106     dcMotor.obj (.text:dcMotor_response)
                  00000fbe    00000002     --HOLE-- [fill = 0]
                  00000fc0    00000100     timers.obj (.text:prvProcessReceivedCommands)
                  000010c0    000000f0     tasks.obj (.text:vTaskSuspend)
                  000011b0    000000ec     main_program.obj (.text:main_program)
                  0000129c    00000004     --HOLE-- [fill = 0]
                  000012a0    000000dc     port.obj (.text:xPortStartScheduler)
                  0000137c    000000da     portasm.obj (.text)
                  00001456    00000002     --HOLE-- [fill = 0]
                  00001458    000000d0     pcm.obj (.text:__PCM_setCoreVoltageLevelAdvanced)
                  00001528    000000ce     queue.obj (.text:xQueueGenericSendFromISR)
                  000015f6    00000002     --HOLE-- [fill = 0]
                  000015f8    000000c8     tasks.obj (.text:xTaskPriorityDisinherit)
                  000016c0    000000c6     tasks.obj (.text:prvInitialiseNewTask)
                  00001786    00000002     --HOLE-- [fill = 0]
                  00001788    000000b8     tasks.obj (.text:vTaskSwitchContext)
                  00001840    000000b4     tasks.obj (.text:prvAddNewTaskToReadyList)
                  000018f4    0000009c     rtsv7M4_T_le_v4SPD16_eabi.lib : memcpy_t2.asm.obj (.text)
                  00001990    0000009c     tasks.obj (.text:xTaskRemoveFromEventList)
                  00001a2c    00000004     --HOLE-- [fill = 0]
                  00001a30    00000094     timers.obj (.text:prvSwitchTimerLists)
                  00001ac4    00000004     --HOLE-- [fill = 0]
                  00001ac8    00000094     tasks.obj (.text:xTaskCheckForTimeOut)
                  00001b5c    00000004     --HOLE-- [fill = 0]
                  00001b60    00000090     queue.obj (.text:xQueueGenericReset)
                  00001bf0    0000008c     tasks.obj (.text:vTaskResume)
                  00001c7c    00000004     --HOLE-- [fill = 0]
                  00001c80    00000088     tasks.obj (.text:prvAddCurrentTaskToDelayedList)
                  00001d08    00000084     tasks.obj (.text:vTaskStartScheduler)
                  00001d8c    00000004     --HOLE-- [fill = 0]
                  00001d90    0000007c     outputLED.obj (.text:outputLED_response)
                  00001e0c    00000004     --HOLE-- [fill = 0]
                  00001e10    0000007c     tasks.obj (.text:prvIdleTask)
                  00001e8c    00000004     --HOLE-- [fill = 0]
                  00001e90    0000007c     heap_4.obj (.text:vPortFree)
                  00001f0c    0000007a     rtsv7M4_T_le_v4SPD16_eabi.lib : memset_t2.asm.obj (.text)
                  00001f86    00000002     --HOLE-- [fill = 0]
                  00001f88    00000074     timers.obj (.text:xTimerGenericCommand)
                  00001ffc    00000004     --HOLE-- [fill = 0]
                  00002000    00000070     queue.obj (.text:prvCopyDataToQueue)
                  00002070    00000070     heap_4.obj (.text:prvHeapInit)
                  000020e0    00000070     tasks.obj (.text:prvInitialiseTaskLists)
                  00002150    00000070     timers.obj (.text:prvProcessTimerOrBlockTask)
                  000021c0    0000006c     queue.obj (.text:prvUnlockQueue)
                  0000222c    00000004     --HOLE-- [fill = 0]
                  00002230    00000068     system_msp432p401r.obj (.text:SystemInit)
                  00002298    00000068     rtsv7M4_T_le_v4SPD16_eabi.lib : copy_decompress_lzss.c.obj (.text:decompress:lzss:__TI_decompress_lzss)
                  00002300    00000068     heap_4.obj (.text:prvInsertBlockIntoFreeList)
                  00002368    00000068     port.obj (.text:vPortSetupTimerInterrupt)
                  000023d0    00000068     tasks.obj (.text:xTaskCreate)
                  00002438    00000064     main_program.obj (.text:taskReadInputSwitch)
                  0000249c    00000004     --HOLE-- [fill = 0]
                  000024a0    00000064     port.obj (.text:vPortValidateInterruptPriority)
                  00002504    00000004     --HOLE-- [fill = 0]
                  00002508    00000060     timers.obj (.text:prvProcessExpiredTimer)
                  00002568    00000058     timers.obj (.text:xTimerCreateTimerTask)
                  000025c0    00000054     sysctl.obj (.text:SysCtl_getTLVInfo)
                  00002614    00000004     --HOLE-- [fill = 0]
                  00002618    00000054     songFile.obj (.text:beep)
                  0000266c    00000004     --HOLE-- [fill = 0]
                  00002670    00000054     dcMotor.obj (.text:dcMotor_Left)
                  000026c4    00000004     --HOLE-- [fill = 0]
                  000026c8    00000054     dcMotor.obj (.text:dcMotor_Right)
                  0000271c    00000004     --HOLE-- [fill = 0]
                  00002720    00000054     tasks.obj (.text:prvCheckTasksWaitingTermination)
                  00002774    00000004     --HOLE-- [fill = 0]
                  00002778    00000054     timers.obj (.text:prvInsertTimerInActiveList)
                  000027cc    00000004     --HOLE-- [fill = 0]
                  000027d0    00000054     main_program.obj (.text:taskMasterThread)
                  00002824    00000004     --HOLE-- [fill = 0]
                  00002828    00000054     tasks.obj (.text:vTaskDelay)
                  0000287c    00000004     --HOLE-- [fill = 0]
                  00002880    00000052     cs.obj (.text:_CSGetDividerValue)
                  000028d2    00000006     --HOLE-- [fill = 0]
                  000028d8    00000050     bumpSwitch.obj (.text:BumpSwitch_Init)
                  00002928    00000050     pcm.obj (.text:PCM_getCoreVoltageLevel)
                  00002978    00000050     cs.obj (.text:_CSGetDOCFrequency)
                  000029c8    00000050     tasks.obj (.text:prvGetExpectedIdleTime)
                  00002a18    0000004c     dcMotor.obj (.text:dcMotor_Forward)
                  00002a64    00000004     --HOLE-- [fill = 0]
                  00002a68    0000004c     dcMotor.obj (.text:dcMotor_Init)
                  00002ab4    00000004     --HOLE-- [fill = 0]
                  00002ab8    0000004c     timers.obj (.text:prvCheckForValidListAndQueue)
                  00002b04    00000004     --HOLE-- [fill = 0]
                  00002b08    0000004c     queue.obj (.text:xQueueGenericCreate)
                  00002b54    00000004     --HOLE-- [fill = 0]
                  00002b58    0000004a     main_program.obj (.text:prvConfigureClocks)
                  00002ba2    00000006     --HOLE-- [fill = 0]
                  00002ba8    00000048     dcMotor.obj (.text:dcMotor_Backward)
                  00002bf0    00000048     queue.obj (.text:vQueueWaitForMessageRestricted)
                  00002c38    00000044     outputLED.obj (.text:ColorLED_Init)
                  00002c7c    00000044     rtsv7M4_T_le_v4SPD16_eabi.lib : autoinit.c.obj (.text:__TI_auto_init_nobinit_nopinit:__TI_auto_init_nobinit_nopinit)
                  00002cc0    00000040     tasks.obj (.text:vTaskPlaceOnEventListRestricted)
                  00002d00    0000003c     main_program.obj (.text:Switch_Init)
                  00002d3c    00000004     --HOLE-- [fill = 0]
                  00002d40    0000003c     tasks.obj (.text:eTaskConfirmSleepModeStatus)
                  00002d7c    00000004     --HOLE-- [fill = 0]
                  00002d80    0000003c     tasks.obj (.text:prvTaskIsTaskSuspended)
                  00002dbc    00000004     --HOLE-- [fill = 0]
                  00002dc0    0000003c     port.obj (.text:vPortEnterCritical)
                  00002dfc    00000004     --HOLE-- [fill = 0]
                  00002e00    0000003a     pcm.obj (.text:PCM_getPowerMode)
                  00002e3a    00000006     --HOLE-- [fill = 0]
                  00002e40    00000038     port.obj (.text:prvTaskExitError)
                  00002e78    00000038     tasks.obj (.text:vTaskPlaceOnEventList)
                  00002eb0    00000034     rtsv7M4_T_le_v4SPD16_eabi.lib : boot_cortex_m.c.obj (.text:_c_int00_noargs:_c_int00_noargs)
                  00002ee4    00000004     --HOLE-- [fill = 0]
                  00002ee8    00000034     list.obj (.text:vListInsert)
                  00002f1c    00000004     --HOLE-- [fill = 0]
                  00002f20    00000034     tasks.obj (.text:vTaskStepTick)
                  00002f54    00000004     --HOLE-- [fill = 0]
                  00002f58    00000030     flash.obj (.text:FlashCtl_setWaitState)
                  00002f88    00000030     tasks.obj (.text:prvResetNextTaskUnblockTime)
                  00002fb8    00000030     port.obj (.text:vPortExitCritical)
                  00002fe8    0000002c     cs.obj (.text:CS_setDCOCenteredFrequency)
                  00003014    00000004     --HOLE-- [fill = 0]
                  00003018    0000002c     songFile.obj (.text:init_song_pwm)
                  00003044    00000004     --HOLE-- [fill = 0]
                  00003048    0000002c     timers.obj (.text:prvSampleTimeNow)
                  00003074    00000004     --HOLE-- [fill = 0]
                  00003078    0000002c     port.obj (.text:pxPortInitialiseStack)
                  000030a4    00000004     --HOLE-- [fill = 0]
                  000030a8    0000002c     port.obj (.text:xPortSysTickHandler)
                  000030d4    00000004     --HOLE-- [fill = 0]
                  000030d8    00000028     outputLED.obj (.text:RedLED_Init)
                  00003100    00000028     queue.obj (.text:prvCopyDataFromQueue)
                  00003128    00000026     list.obj (.text:uxListRemove)
                  0000314e    00000002     --HOLE-- [fill = 0]
                  00003150    00000024     cs.obj (.text:CS_clearInterruptFlag)
                  00003174    00000004     --HOLE-- [fill = 0]
                  00003178    00000024     dcMotor.obj (.text:dcMotor_Stop)
                  0000319c    00000004     --HOLE-- [fill = 0]
                  000031a0    00000024     timers.obj (.text:prvGetNextExpireTime)
                  000031c4    00000004     --HOLE-- [fill = 0]
                  000031c8    00000020     tasks.obj (.text:xTaskGetSchedulerState)
                  000031e8    0000001e     queue.obj (.text:prvInitialiseNewQueue)
                  00003206    00000002     --HOLE-- [fill = 0]
                  00003208    0000001e     queue.obj (.text:prvIsQueueFull)
                  00003226    00000002     --HOLE-- [fill = 0]
                  00003228    0000001e     list.obj (.text:vListInitialise)
                  00003246    00000002     --HOLE-- [fill = 0]
                  00003248    0000001c     main_program.obj (.text:taskBumpSwitch)
                  00003264    00000004     --HOLE-- [fill = 0]
                  00003268    0000001c     main_program.obj (.text:taskDisplayOutputLED)
                  00003284    00000004     --HOLE-- [fill = 0]
                  00003288    0000001c     main_program.obj (.text:taskdcMotor)
                  000032a4    00000004     --HOLE-- [fill = 0]
                  000032a8    0000001a     songFile.obj (.text:delay_ms)
                  000032c2    00000006     --HOLE-- [fill = 0]
                  000032c8    0000001a     queue.obj (.text:prvIsQueueEmpty)
                  000032e2    00000006     --HOLE-- [fill = 0]
                  000032e8    0000001a     timers.obj (.text:prvTimerTask)
                  00003302    00000006     --HOLE-- [fill = 0]
                  00003308    00000018     cs.obj (.text:CS_getMCLK)
                  00003320    00000018     SysTick.obj (.text:SysTick_Init)
                  00003338    00000018     msp432_startup_ccs.obj (.text:resetISR)
                  00003350    00000018     list.obj (.text:vListInsertEnd)
                  00003368    00000018     tasks.obj (.text:vTaskInternalSetTimeOutState)
                  00003380    00000014     outputLED.obj (.text:Port2_Output2)
                  00003394    00000004     --HOLE-- [fill = 0]
                  00003398    00000014     songFile.obj (.text:delay_us)
                  000033ac    00000004     --HOLE-- [fill = 0]
                  000033b0    00000014     main.obj (.text:prvSetupHardware)
                  000033c4    00000004     --HOLE-- [fill = 0]
                  000033c8    00000012     tasks.obj (.text:prvDeleteTCB)
                  000033da    00000006     --HOLE-- [fill = 0]
                  000033e0    00000012     main.obj (.text:vApplicationMallocFailedHook)
                  000033f2    00000006     --HOLE-- [fill = 0]
                  000033f8    00000012     main.obj (.text:vApplicationStackOverflowHook)
                  0000340a    00000006     --HOLE-- [fill = 0]
                  00003410    00000010     bumpSwitch.obj (.text:Bump_Read_Input)
                  00003420    00000010     fpu.obj (.text:FPU_enableModule)
                  00003430    00000010     tasks.obj (.text:vTaskSuspendAll)
                  00003440    0000000e     rtsv7M4_T_le_v4SPD16_eabi.lib : copy_decompress_none.c.obj (.text:decompress:none:__TI_decompress_none)
                  0000344e    00000002     --HOLE-- [fill = 0]
                  00003450    0000000e     main.obj (.text:main)
                  0000345e    00000002     --HOLE-- [fill = 0]
                  00003460    0000000e     main_program.obj (.text:taskPlaySong)
                  0000346e    00000002     --HOLE-- [fill = 0]
                  00003470    0000000c     pcm.obj (.text:PCM_getPowerState)
                  0000347c    0000000c     rtsv7M4_T_le_v4SPD16_eabi.lib : copy_zero_init.c.obj (.text:decompress:ZI:__TI_zero_init)
                  00003488    0000000c     tasks.obj (.text:vTaskMissedYield)
                  00003494    00000004     --HOLE-- [fill = 0]
                  00003498    0000000c     tasks.obj (.text:xTaskGetTickCount)
                  000034a4    00000004     --HOLE-- [fill = 0]
                  000034a8    00000008     pcm.obj (.text:PCM_setCoreVoltageLevel)
                  000034b0    00000008     pcm.obj (.text:PCM_setPowerMode)
                  000034b8    00000006     list.obj (.text:vListInitialiseItem)
                  000034be    00000002     --HOLE-- [fill = 0]
                  000034c0    00000002     msp432_startup_ccs.obj (.text:defaultISR)
                  000034c2    00000006     --HOLE-- [fill = 0]
                  000034c8    00000002     msp432_startup_ccs.obj (.text:faultISR)
                  000034ca    00000006     --HOLE-- [fill = 0]
                  000034d0    00000002     msp432_startup_ccs.obj (.text:nmiISR)
                  000034d2    00000006     --HOLE-- [fill = 0]
                  000034d8    00000002     main.obj (.text:vApplicationIdleHook)
                  000034da    00000006     --HOLE-- [fill = 0]
                  000034e0    00000002     main_program.obj (.text:vApplicationTickHook)
                  000034e2    00000006     --HOLE-- [fill = 0]
                  000034e8    00000002     main_program.obj (.text:vPreSleepProcessing)

.const     0    000034ec    00000008     
                  000034ec    00000008     port.obj (.const)

.cinit     0    000034f8    00000038     
                  000034f8    00000014     (.cinit..data.load) [load image, compression = lzss]
                  0000350c    0000000c     (__TI_handler_table)
                  00003518    00000008     (.cinit..bss.load) [load image, compression = zero_init]
                  00003520    00000010     (__TI_cinit_table)

.bss       0    20000000    0000c929     UNINITIALIZED
                  20000000    0000c800     heap_4.obj (.bss:ucHeap)
                  2000c800    00000064     tasks.obj (.bss:pxReadyTasksLists)
                  2000c864    00000014     timers.obj (.bss:xActiveTimerList1)
                  2000c878    00000014     timers.obj (.bss:xActiveTimerList2)
                  2000c88c    00000014     tasks.obj (.bss:xDelayedTaskList1)
                  2000c8a0    00000014     tasks.obj (.bss:xDelayedTaskList2)
                  2000c8b4    00000014     tasks.obj (.bss:xPendingReadyList)
                  2000c8c8    00000014     tasks.obj (.bss:xSuspendedTaskList)
                  2000c8dc    00000014     tasks.obj (.bss:xTasksWaitingTermination)
                  2000c8f0    00000008     cs.obj (.bss)
                  2000c8f8    00000008     tasks.obj (.bss)
                  2000c900    00000008     timers.obj (.bss)
                  2000c908    00000008     heap_4.obj (.bss:xStart)
                  2000c910    00000004     (.common:taskHandle_BlinkRedLED)
                  2000c914    00000004     (.common:taskHandle_BumpSwitch)
                  2000c918    00000004     (.common:taskHandle_InputSwitch)
                  2000c91c    00000004     (.common:taskHandle_OutputLED)
                  2000c920    00000004     (.common:taskHandle_PlaySong)
                  2000c924    00000004     (.common:taskHandle_dcMotor)
                  2000c928    00000001     (.common:bumpSwitch_status)

.data      0    2000c92c    00000068     UNINITIALIZED
                  2000c92c    00000034     tasks.obj (.data)
                  2000c960    00000018     port.obj (.data)
                  2000c978    00000010     heap_4.obj (.data)
                  2000c988    0000000c     timers.obj (.data)

.stack     0    2000fce0    00000320     UNINITIALIZED
                  2000fce0    00000004     rtsv7M4_T_le_v4SPD16_eabi.lib : boot_cortex_m.c.obj (.stack)
                  2000fce4    0000031c     --HOLE--

__llvm_prf_cnts 
*          0    20000000    00000000     UNINITIALIZED

MODULE SUMMARY

       Module                       code    ro data   rw data
       ------                       ----    -------   -------
    .\
       main.obj                     72      0         0      
    +--+----------------------------+-------+---------+---------+
       Total:                       72      0         0      
                                                             
    .\FreeRTOS_Source\
       tasks.obj                    3352    0         260    
       queue.obj                    1604    0         0      
       timers.obj                   1082    0         60     
       list.obj                     150     0         0      
    +--+----------------------------+-------+---------+---------+
       Total:                       6188    0         320    
                                                             
    .\FreeRTOS_Source\portable\CCS\ARM_CM4F\
       port.obj                     984     8         24     
       portasm.obj                  218     0         0      
    +--+----------------------------+-------+---------+---------+
       Total:                       1202    8         24     
                                                             
    .\FreeRTOS_Source\portable\MemMang\
       heap_4.obj                   640     0         51224  
    +--+----------------------------+-------+---------+---------+
       Total:                       640     0         51224  
                                                             
    .\MainProgram\
       main_program.obj             656     0         25     
    +--+----------------------------+-------+---------+---------+
       Total:                       656     0         25     
                                                             
    .\driverlib\
       cs.obj                       1154    0         8      
       pcm.obj                      638     0         0      
       sysctl.obj                   84      0         0      
       flash.obj                    48      0         0      
       fpu.obj                      16      0         0      
    +--+----------------------------+-------+---------+---------+
       Total:                       1940    0         8      
                                                             
    .\inc\
       dcMotor.obj                  690     0         0      
       songFile.obj                 486     0         0      
       outputLED.obj                252     0         0      
       bumpSwitch.obj               96      0         0      
       SysTick.obj                  24      0         0      
    +--+----------------------------+-------+---------+---------+
       Total:                       1548    0         0      
                                                             
    .\system\CCS\
       msp432_startup_ccs.obj       30      312       0      
       system_msp432p401r.obj       104     0         0      
    +--+----------------------------+-------+---------+---------+
       Total:                       134     312       0      
                                                             
    C:\TI\ccs\tools\compiler\ti-cgt-arm_20.2.5.LTS\lib\rtsv7M4_T_le_v4SPD16_eabi.lib
       memcpy_t2.asm.obj            156     0         0      
       memset_t2.asm.obj            122     0         0      
       copy_decompress_lzss.c.obj   104     0         0      
       autoinit.c.obj               68      0         0      
       boot_cortex_m.c.obj          52      0         0      
       copy_decompress_none.c.obj   14      0         0      
       copy_zero_init.c.obj         12      0         0      
       exit.c.obj                   4       0         0      
       pre_init.c.obj               4       0         0      
    +--+----------------------------+-------+---------+---------+
       Total:                       536     0         0      
                                                             
       Stack:                       0       0         800    
       Linker Generated:            0       56        0      
    +--+----------------------------+-------+---------+---------+
       Grand Total:                 12916   376       52401  


LINKER GENERATED COPY TABLES

__TI_cinit_table @ 00003520 records: 2, size/record: 8, table size: 16
	.data: load addr=000034f8, load size=00000014 bytes, run addr=2000c92c, run size=00000068 bytes, compression=lzss
	.bss: load addr=00003518, load size=00000008 bytes, run addr=20000000, run size=0000c929 bytes, compression=zero_init


LINKER GENERATED HANDLER TABLE

__TI_handler_table @ 0000350c records: 3, size/record: 4, table size: 12
	index: 0, handler: __TI_decompress_lzss
	index: 1, handler: __TI_decompress_none
	index: 2, handler: __TI_zero_init


GLOBAL SYMBOLS: SORTED ALPHABETICALLY BY Name 

address   name                           
-------   ----                           
000028d9  BumpSwitch_Init                
00003411  Bump_Read_Input                
00000435  C$$EXIT                        
00003151  CS_clearInterruptFlag          
00000439  CS_getDCOFrequency             
00003309  CS_getMCLK                     
00000a69  CS_initClockSignal             
00002fe9  CS_setDCOCenteredFrequency     
00002c39  ColorLED_Init                  
00003421  FPU_enableModule               
00002f59  FlashCtl_setWaitState          
00002929  PCM_getCoreVoltageLevel        
00002e01  PCM_getPowerMode               
00003471  PCM_getPowerState              
000034a9  PCM_setCoreVoltageLevel        
000034b1  PCM_setPowerMode               
00003381  Port2_Output2                  
000030d9  RedLED_Init                    
000025c1  SysCtl_getTLVInfo              
00003321  SysTick_Init                   
00002231  SystemInit                     
4000480c  WDTCTL_SYM                     
20010000  __STACK_END                    
00000320  __STACK_SIZE                   
00003520  __TI_CINIT_Base                
00003530  __TI_CINIT_Limit               
0000350c  __TI_Handler_Table_Base        
00003518  __TI_Handler_Table_Limit       
00002c7d  __TI_auto_init_nobinit_nopinit 
00002299  __TI_decompress_lzss           
00003441  __TI_decompress_none           
ffffffff  __TI_pprof_out_hndl            
ffffffff  __TI_prof_data_size            
ffffffff  __TI_prof_data_start           
00000000  __TI_static_base__             
0000347d  __TI_zero_init                 
00001f0d  __aeabi_memclr                 
00001f0d  __aeabi_memclr4                
00001f0d  __aeabi_memclr8                
000018f5  __aeabi_memcpy                 
000018f5  __aeabi_memcpy4                
000018f5  __aeabi_memcpy8                
00001f0f  __aeabi_memset                 
00001f0f  __aeabi_memset4                
00001f0f  __aeabi_memset8                
ffffffff  __binit__                      
ffffffff  __c_args__                     
UNDEFED   __mpu_init                     
2000fce0  __stack                        
20000000  __start___llvm_prf_cnts        
20000000  __stop___llvm_prf_cnts         
00002eb1  _c_int00_noargs                
UNDEFED   _system_post_cinit             
000002cd  _system_pre_init               
00000435  abort                          
00002619  beep                           
ffffffff  binit                          
2000c928  bumpSwitch_status              
00002ba9  dcMotor_Backward               
00002a19  dcMotor_Forward                
00002a69  dcMotor_Init                   
00002671  dcMotor_Left                   
000026c9  dcMotor_Right                  
00003179  dcMotor_Stop                   
00000eb9  dcMotor_response               
000032a9  delay_ms                       
00003399  delay_us                       
00002d41  eTaskConfirmSleepModeStatus    
00003019  init_song_pwm                  
00000000  interruptVectors               
00003451  main                           
000011b1  main_program                   
000018f5  memcpy                         
00001f15  memset                         
00001d91  outputLED_response             
000006c9  play_song                      
00000939  pvPortMalloc                   
2000c92c  pxCurrentTCB                   
00003079  pxPortInitialiseStack          
2000c910  taskHandle_BlinkRedLED         
2000c914  taskHandle_BumpSwitch          
2000c918  taskHandle_InputSwitch         
2000c91c  taskHandle_OutputLED           
2000c920  taskHandle_PlaySong            
2000c924  taskHandle_dcMotor             
000034ec  ulMaxSyscallInterruptPriority  
0000138d  ulPortGetIPSR                  
00003129  uxListRemove                   
000034d9  vApplicationIdleHook           
000033e1  vApplicationMallocFailedHook   
000033f9  vApplicationStackOverflowHook  
000034e1  vApplicationTickHook           
00003229  vListInitialise                
000034b9  vListInitialiseItem            
00002ee9  vListInsert                    
00003351  vListInsertEnd                 
00001449  vPortEnableVFP                 
00002dc1  vPortEnterCritical             
00002fb9  vPortExitCritical              
00001e91  vPortFree                      
00001405  vPortSVCHandler                
00002369  vPortSetupTimerInterrupt       
00001425  vPortStartFirstTask            
00000801  vPortSuppressTicksAndSleep     
000024a1  vPortValidateInterruptPriority 
000034e9  vPreSleepProcessing            
00002bf1  vQueueWaitForMessageRestricted 
00002829  vTaskDelay                     
00003369  vTaskInternalSetTimeOutState   
00003489  vTaskMissedYield               
00002e79  vTaskPlaceOnEventList          
00002cc1  vTaskPlaceOnEventListRestricted
00001bf1  vTaskResume                    
00001d09  vTaskStartScheduler            
00002f21  vTaskStepTick                  
000010c1  vTaskSuspend                   
00003431  vTaskSuspendAll                
00001789  vTaskSwitchContext             
000013a5  xPortPendSVHandler             
000012a1  xPortStartScheduler            
000030a9  xPortSysTickHandler            
00002b09  xQueueGenericCreate            
00001b61  xQueueGenericReset             
00000139  xQueueGenericSend              
00001529  xQueueGenericSendFromISR       
000002d1  xQueueReceive                  
00001ac9  xTaskCheckForTimeOut           
000023d1  xTaskCreate                    
000031c9  xTaskGetSchedulerState         
00003499  xTaskGetTickCount              
00000581  xTaskIncrementTick             
000015f9  xTaskPriorityDisinherit        
00001991  xTaskRemoveFromEventList       
00000ca1  xTaskResumeAll                 
00002569  xTimerCreateTimerTask          
00001f89  xTimerGenericCommand           


GLOBAL SYMBOLS: SORTED BY Symbol Address 

address   name                           
-------   ----                           
00000000  __TI_static_base__             
00000000  interruptVectors               
00000139  xQueueGenericSend              
000002cd  _system_pre_init               
000002d1  xQueueReceive                  
00000320  __STACK_SIZE                   
00000435  C$$EXIT                        
00000435  abort                          
00000439  CS_getDCOFrequency             
00000581  xTaskIncrementTick             
000006c9  play_song                      
00000801  vPortSuppressTicksAndSleep     
00000939  pvPortMalloc                   
00000a69  CS_initClockSignal             
00000ca1  xTaskResumeAll                 
00000eb9  dcMotor_response               
000010c1  vTaskSuspend                   
000011b1  main_program                   
000012a1  xPortStartScheduler            
0000138d  ulPortGetIPSR                  
000013a5  xPortPendSVHandler             
00001405  vPortSVCHandler                
00001425  vPortStartFirstTask            
00001449  vPortEnableVFP                 
00001529  xQueueGenericSendFromISR       
000015f9  xTaskPriorityDisinherit        
00001789  vTaskSwitchContext             
000018f5  __aeabi_memcpy                 
000018f5  __aeabi_memcpy4                
000018f5  __aeabi_memcpy8                
000018f5  memcpy                         
00001991  xTaskRemoveFromEventList       
00001ac9  xTaskCheckForTimeOut           
00001b61  xQueueGenericReset             
00001bf1  vTaskResume                    
00001d09  vTaskStartScheduler            
00001d91  outputLED_response             
00001e91  vPortFree                      
00001f0d  __aeabi_memclr                 
00001f0d  __aeabi_memclr4                
00001f0d  __aeabi_memclr8                
00001f0f  __aeabi_memset                 
00001f0f  __aeabi_memset4                
00001f0f  __aeabi_memset8                
00001f15  memset                         
00001f89  xTimerGenericCommand           
00002231  SystemInit                     
00002299  __TI_decompress_lzss           
00002369  vPortSetupTimerInterrupt       
000023d1  xTaskCreate                    
000024a1  vPortValidateInterruptPriority 
00002569  xTimerCreateTimerTask          
000025c1  SysCtl_getTLVInfo              
00002619  beep                           
00002671  dcMotor_Left                   
000026c9  dcMotor_Right                  
00002829  vTaskDelay                     
000028d9  BumpSwitch_Init                
00002929  PCM_getCoreVoltageLevel        
00002a19  dcMotor_Forward                
00002a69  dcMotor_Init                   
00002b09  xQueueGenericCreate            
00002ba9  dcMotor_Backward               
00002bf1  vQueueWaitForMessageRestricted 
00002c39  ColorLED_Init                  
00002c7d  __TI_auto_init_nobinit_nopinit 
00002cc1  vTaskPlaceOnEventListRestricted
00002d41  eTaskConfirmSleepModeStatus    
00002dc1  vPortEnterCritical             
00002e01  PCM_getPowerMode               
00002e79  vTaskPlaceOnEventList          
00002eb1  _c_int00_noargs                
00002ee9  vListInsert                    
00002f21  vTaskStepTick                  
00002f59  FlashCtl_setWaitState          
00002fb9  vPortExitCritical              
00002fe9  CS_setDCOCenteredFrequency     
00003019  init_song_pwm                  
00003079  pxPortInitialiseStack          
000030a9  xPortSysTickHandler            
000030d9  RedLED_Init                    
00003129  uxListRemove                   
00003151  CS_clearInterruptFlag          
00003179  dcMotor_Stop                   
000031c9  xTaskGetSchedulerState         
00003229  vListInitialise                
000032a9  delay_ms                       
00003309  CS_getMCLK                     
00003321  SysTick_Init                   
00003351  vListInsertEnd                 
00003369  vTaskInternalSetTimeOutState   
00003381  Port2_Output2                  
00003399  delay_us                       
000033e1  vApplicationMallocFailedHook   
000033f9  vApplicationStackOverflowHook  
00003411  Bump_Read_Input                
00003421  FPU_enableModule               
00003431  vTaskSuspendAll                
00003441  __TI_decompress_none           
00003451  main                           
00003471  PCM_getPowerState              
0000347d  __TI_zero_init                 
00003489  vTaskMissedYield               
00003499  xTaskGetTickCount              
000034a9  PCM_setCoreVoltageLevel        
000034b1  PCM_setPowerMode               
000034b9  vListInitialiseItem            
000034d9  vApplicationIdleHook           
000034e1  vApplicationTickHook           
000034e9  vPreSleepProcessing            
000034ec  ulMaxSyscallInterruptPriority  
0000350c  __TI_Handler_Table_Base        
00003518  __TI_Handler_Table_Limit       
00003520  __TI_CINIT_Base                
00003530  __TI_CINIT_Limit               
20000000  __start___llvm_prf_cnts        
20000000  __stop___llvm_prf_cnts         
2000c910  taskHandle_BlinkRedLED         
2000c914  taskHandle_BumpSwitch          
2000c918  taskHandle_InputSwitch         
2000c91c  taskHandle_OutputLED           
2000c920  taskHandle_PlaySong            
2000c924  taskHandle_dcMotor             
2000c928  bumpSwitch_status              
2000c92c  pxCurrentTCB                   
2000fce0  __stack                        
20010000  __STACK_END                    
4000480c  WDTCTL_SYM                     
ffffffff  __TI_pprof_out_hndl            
ffffffff  __TI_prof_data_size            
ffffffff  __TI_prof_data_start           
ffffffff  __binit__                      
ffffffff  __c_args__                     
ffffffff  binit                          
UNDEFED   __mpu_init                     
UNDEFED   _system_post_cinit             

[136 symbols]
