<?xml version="1.0" encoding="ISO-8859-1" ?>
<link_info>
   <banner>TI ARM Linker PC v20.2.5.LTS</banner>
   <copyright>Copyright (c) 1996-2018 Texas Instruments Incorporated</copyright>
   <link_time>0x638deb20</link_time>
   <link_errors>0x0</link_errors>
   <output_file>RTOSDemo.out</output_file>
   <entry_point>
      <name>_c_int00_noargs</name>
      <address>0x2fe1</address>
   </entry_point>
   <input_file_list>
      <input_file id="fl-2">
         <path>.\</path>
         <kind>object</kind>
         <file>main.obj</file>
         <name>main.obj</name>
      </input_file>
      <input_file id="fl-3">
         <path>.\FreeRTOS_Source\</path>
         <kind>object</kind>
         <file>croutine.obj</file>
         <name>croutine.obj</name>
      </input_file>
      <input_file id="fl-4">
         <path>.\FreeRTOS_Source\</path>
         <kind>object</kind>
         <file>event_groups.obj</file>
         <name>event_groups.obj</name>
      </input_file>
      <input_file id="fl-5">
         <path>.\FreeRTOS_Source\</path>
         <kind>object</kind>
         <file>list.obj</file>
         <name>list.obj</name>
      </input_file>
      <input_file id="fl-6">
         <path>.\FreeRTOS_Source\</path>
         <kind>object</kind>
         <file>queue.obj</file>
         <name>queue.obj</name>
      </input_file>
      <input_file id="fl-7">
         <path>.\FreeRTOS_Source\</path>
         <kind>object</kind>
         <file>stream_buffer.obj</file>
         <name>stream_buffer.obj</name>
      </input_file>
      <input_file id="fl-8">
         <path>.\FreeRTOS_Source\</path>
         <kind>object</kind>
         <file>tasks.obj</file>
         <name>tasks.obj</name>
      </input_file>
      <input_file id="fl-9">
         <path>.\FreeRTOS_Source\</path>
         <kind>object</kind>
         <file>timers.obj</file>
         <name>timers.obj</name>
      </input_file>
      <input_file id="fl-a">
         <path>.\FreeRTOS_Source\portable\CCS\ARM_CM4F\</path>
         <kind>object</kind>
         <file>port.obj</file>
         <name>port.obj</name>
      </input_file>
      <input_file id="fl-b">
         <path>.\FreeRTOS_Source\portable\CCS\ARM_CM4F\</path>
         <kind>object</kind>
         <file>portasm.obj</file>
         <name>portasm.obj</name>
      </input_file>
      <input_file id="fl-c">
         <path>.\FreeRTOS_Source\portable\MemMang\</path>
         <kind>object</kind>
         <file>heap_4.obj</file>
         <name>heap_4.obj</name>
      </input_file>
      <input_file id="fl-d">
         <path>.\MainProgram\</path>
         <kind>object</kind>
         <file>main_program.obj</file>
         <name>main_program.obj</name>
      </input_file>
      <input_file id="fl-e">
         <path>.\driverlib\</path>
         <kind>object</kind>
         <file>cpu.obj</file>
         <name>cpu.obj</name>
      </input_file>
      <input_file id="fl-f">
         <path>.\driverlib\</path>
         <kind>object</kind>
         <file>cs.obj</file>
         <name>cs.obj</name>
      </input_file>
      <input_file id="fl-10">
         <path>.\driverlib\</path>
         <kind>object</kind>
         <file>flash.obj</file>
         <name>flash.obj</name>
      </input_file>
      <input_file id="fl-11">
         <path>.\driverlib\</path>
         <kind>object</kind>
         <file>fpu.obj</file>
         <name>fpu.obj</name>
      </input_file>
      <input_file id="fl-12">
         <path>.\driverlib\</path>
         <kind>object</kind>
         <file>gpio.obj</file>
         <name>gpio.obj</name>
      </input_file>
      <input_file id="fl-13">
         <path>.\driverlib\</path>
         <kind>object</kind>
         <file>interrupt.obj</file>
         <name>interrupt.obj</name>
      </input_file>
      <input_file id="fl-14">
         <path>.\driverlib\</path>
         <kind>object</kind>
         <file>pcm.obj</file>
         <name>pcm.obj</name>
      </input_file>
      <input_file id="fl-15">
         <path>.\driverlib\</path>
         <kind>object</kind>
         <file>sysctl.obj</file>
         <name>sysctl.obj</name>
      </input_file>
      <input_file id="fl-16">
         <path>.\driverlib\</path>
         <kind>object</kind>
         <file>timer32.obj</file>
         <name>timer32.obj</name>
      </input_file>
      <input_file id="fl-17">
         <path>.\driverlib\</path>
         <kind>object</kind>
         <file>uart.obj</file>
         <name>uart.obj</name>
      </input_file>
      <input_file id="fl-18">
         <path>.\driverlib\</path>
         <kind>object</kind>
         <file>wdt_a.obj</file>
         <name>wdt_a.obj</name>
      </input_file>
      <input_file id="fl-19">
         <path>.\inc\</path>
         <kind>object</kind>
         <file>Clock.obj</file>
         <name>Clock.obj</name>
      </input_file>
      <input_file id="fl-1a">
         <path>.\inc\</path>
         <kind>object</kind>
         <file>CortexM.obj</file>
         <name>CortexM.obj</name>
      </input_file>
      <input_file id="fl-1b">
         <path>.\inc\</path>
         <kind>object</kind>
         <file>SysTick.obj</file>
         <name>SysTick.obj</name>
      </input_file>
      <input_file id="fl-1c">
         <path>.\inc\</path>
         <kind>object</kind>
         <file>bumpSwitch.obj</file>
         <name>bumpSwitch.obj</name>
      </input_file>
      <input_file id="fl-1d">
         <path>.\inc\</path>
         <kind>object</kind>
         <file>dcMotor.obj</file>
         <name>dcMotor.obj</name>
      </input_file>
      <input_file id="fl-1e">
         <path>.\inc\</path>
         <kind>object</kind>
         <file>outputLED.obj</file>
         <name>outputLED.obj</name>
      </input_file>
      <input_file id="fl-1f">
         <path>.\inc\</path>
         <kind>object</kind>
         <file>songFile.obj</file>
         <name>songFile.obj</name>
      </input_file>
      <input_file id="fl-20">
         <path>.\system\CCS\</path>
         <kind>object</kind>
         <file>msp432_startup_ccs.obj</file>
         <name>msp432_startup_ccs.obj</name>
      </input_file>
      <input_file id="fl-21">
         <path>.\system\CCS\</path>
         <kind>object</kind>
         <file>printf-stdarg.obj</file>
         <name>printf-stdarg.obj</name>
      </input_file>
      <input_file id="fl-22">
         <path>.\system\CCS\</path>
         <kind>object</kind>
         <file>system_msp432p401r.obj</file>
         <name>system_msp432p401r.obj</name>
      </input_file>
      <input_file id="fl-26">
         <kind>object</kind>
         <file>&lt;internal&gt;</file>
         <name>&lt;internal&gt;</name>
      </input_file>
      <input_file id="fl-dc">
         <path>C:\TI\ccs\tools\compiler\ti-cgt-arm_20.2.5.LTS\lib\</path>
         <kind>archive</kind>
         <file>rtsv7M4_T_le_v4SPD16_eabi.lib</file>
         <name>memcpy_t2.asm.obj</name>
      </input_file>
      <input_file id="fl-dd">
         <path>C:\TI\ccs\tools\compiler\ti-cgt-arm_20.2.5.LTS\lib\</path>
         <kind>archive</kind>
         <file>rtsv7M4_T_le_v4SPD16_eabi.lib</file>
         <name>u_divt2.asm.obj</name>
      </input_file>
      <input_file id="fl-de">
         <path>C:\TI\ccs\tools\compiler\ti-cgt-arm_20.2.5.LTS\lib\</path>
         <kind>archive</kind>
         <file>rtsv7M4_T_le_v4SPD16_eabi.lib</file>
         <name>memset_t2.asm.obj</name>
      </input_file>
      <input_file id="fl-df">
         <path>C:\TI\ccs\tools\compiler\ti-cgt-arm_20.2.5.LTS\lib\</path>
         <kind>archive</kind>
         <file>rtsv7M4_T_le_v4SPD16_eabi.lib</file>
         <name>copy_zero_init.c.obj</name>
      </input_file>
      <input_file id="fl-e0">
         <path>C:\TI\ccs\tools\compiler\ti-cgt-arm_20.2.5.LTS\lib\</path>
         <kind>archive</kind>
         <file>rtsv7M4_T_le_v4SPD16_eabi.lib</file>
         <name>copy_decompress_none.c.obj</name>
      </input_file>
      <input_file id="fl-e1">
         <path>C:\TI\ccs\tools\compiler\ti-cgt-arm_20.2.5.LTS\lib\</path>
         <kind>archive</kind>
         <file>rtsv7M4_T_le_v4SPD16_eabi.lib</file>
         <name>copy_decompress_lzss.c.obj</name>
      </input_file>
      <input_file id="fl-e2">
         <path>C:\TI\ccs\tools\compiler\ti-cgt-arm_20.2.5.LTS\lib\</path>
         <kind>archive</kind>
         <file>rtsv7M4_T_le_v4SPD16_eabi.lib</file>
         <name>strcpy.c.obj</name>
      </input_file>
      <input_file id="fl-e3">
         <path>C:\TI\ccs\tools\compiler\ti-cgt-arm_20.2.5.LTS\lib\</path>
         <kind>archive</kind>
         <file>rtsv7M4_T_le_v4SPD16_eabi.lib</file>
         <name>strlen.c.obj</name>
      </input_file>
      <input_file id="fl-e4">
         <path>C:\TI\ccs\tools\compiler\ti-cgt-arm_20.2.5.LTS\lib\</path>
         <kind>archive</kind>
         <file>rtsv7M4_T_le_v4SPD16_eabi.lib</file>
         <name>boot_cortex_m.c.obj</name>
      </input_file>
      <input_file id="fl-e5">
         <path>C:\TI\ccs\tools\compiler\ti-cgt-arm_20.2.5.LTS\lib\</path>
         <kind>archive</kind>
         <file>rtsv7M4_T_le_v4SPD16_eabi.lib</file>
         <name>div0.asm.obj</name>
      </input_file>
      <input_file id="fl-e6">
         <path>C:\TI\ccs\tools\compiler\ti-cgt-arm_20.2.5.LTS\lib\</path>
         <kind>archive</kind>
         <file>rtsv7M4_T_le_v4SPD16_eabi.lib</file>
         <name>autoinit.c.obj</name>
      </input_file>
      <input_file id="fl-e7">
         <path>C:\TI\ccs\tools\compiler\ti-cgt-arm_20.2.5.LTS\lib\</path>
         <kind>archive</kind>
         <file>rtsv7M4_T_le_v4SPD16_eabi.lib</file>
         <name>pre_init.c.obj</name>
      </input_file>
      <input_file id="fl-e8">
         <path>C:\TI\ccs\tools\compiler\ti-cgt-arm_20.2.5.LTS\lib\</path>
         <kind>archive</kind>
         <file>rtsv7M4_T_le_v4SPD16_eabi.lib</file>
         <name>cpy_tbl.c.obj</name>
      </input_file>
      <input_file id="fl-e9">
         <path>C:\TI\ccs\tools\compiler\ti-cgt-arm_20.2.5.LTS\lib\</path>
         <kind>archive</kind>
         <file>rtsv7M4_T_le_v4SPD16_eabi.lib</file>
         <name>exit.c.obj</name>
      </input_file>
      <input_file id="fl-ea">
         <path>C:\TI\ccs\tools\compiler\ti-cgt-arm_20.2.5.LTS\lib\</path>
         <kind>archive</kind>
         <file>rtsv7M4_T_le_v4SPD16_eabi.lib</file>
         <name>_lock.c.obj</name>
      </input_file>
      <input_file id="fl-eb">
         <path>C:\TI\ccs\tools\compiler\ti-cgt-arm_20.2.5.LTS\lib\</path>
         <kind>archive</kind>
         <file>rtsv7M4_T_le_v4SPD16_eabi.lib</file>
         <name>args_main.c.obj</name>
      </input_file>
   </input_file_list>
   <object_component_list>
      <object_component id="oc-13">
         <name>.intvecs:retain</name>
         <load_address>0x0</load_address>
         <run_address>0x0</run_address>
         <size>0x138</size>
         <input_file_ref idref="fl-20"/>
      </object_component>
      <object_component id="oc-56e">
         <name>.text:xQueueGenericSend</name>
         <load_address>0x138</load_address>
         <run_address>0x138</run_address>
         <size>0x194</size>
         <input_file_ref idref="fl-6"/>
      </object_component>
      <object_component id="oc-da">
         <name>.text:_system_pre_init</name>
         <load_address>0x2cc</load_address>
         <run_address>0x2cc</run_address>
         <size>0x4</size>
         <input_file_ref idref="fl-e7"/>
      </object_component>
      <object_component id="oc-525">
         <name>.text:xQueueReceive</name>
         <load_address>0x2d0</load_address>
         <run_address>0x2d0</run_address>
         <size>0x164</size>
         <input_file_ref idref="fl-6"/>
      </object_component>
      <object_component id="oc-151">
         <name>.text:abort:abort</name>
         <load_address>0x434</load_address>
         <run_address>0x434</run_address>
         <size>0x4</size>
         <input_file_ref idref="fl-e9"/>
      </object_component>
      <object_component id="oc-5a6">
         <name>.text:CS_getDCOFrequency</name>
         <load_address>0x438</load_address>
         <run_address>0x438</run_address>
         <size>0x148</size>
         <input_file_ref idref="fl-f"/>
      </object_component>
      <object_component id="oc-a2">
         <name>.text:xTaskIncrementTick</name>
         <load_address>0x580</load_address>
         <run_address>0x580</run_address>
         <size>0x148</size>
         <input_file_ref idref="fl-8"/>
      </object_component>
      <object_component id="oc-2cd">
         <name>.text:play_song</name>
         <load_address>0x6c8</load_address>
         <run_address>0x6c8</run_address>
         <size>0x138</size>
         <input_file_ref idref="fl-1f"/>
      </object_component>
      <object_component id="oc-3b2">
         <name>.text:vPortSuppressTicksAndSleep</name>
         <load_address>0x800</load_address>
         <run_address>0x800</run_address>
         <size>0x134</size>
         <input_file_ref idref="fl-a"/>
      </object_component>
      <object_component id="oc-26e">
         <name>.text:pvPortMalloc</name>
         <load_address>0x938</load_address>
         <run_address>0x938</run_address>
         <size>0x12c</size>
         <input_file_ref idref="fl-c"/>
      </object_component>
      <object_component id="oc-265">
         <name>.text:CS_initClockSignal</name>
         <load_address>0xa68</load_address>
         <run_address>0xa68</run_address>
         <size>0x11c</size>
         <input_file_ref idref="fl-f"/>
      </object_component>
      <object_component id="oc-52c">
         <name>.text:_CSComputeCLKFrequency</name>
         <load_address>0xb88</load_address>
         <run_address>0xb88</run_address>
         <size>0x114</size>
         <input_file_ref idref="fl-f"/>
      </object_component>
      <object_component id="oc-35a">
         <name>.text:xTaskResumeAll</name>
         <load_address>0xca0</load_address>
         <run_address>0xca0</run_address>
         <size>0x10c</size>
         <input_file_ref idref="fl-8"/>
      </object_component>
      <object_component id="oc-4e9">
         <name>.text:__PCM_setPowerModeAdvanced</name>
         <load_address>0xdb0</load_address>
         <run_address>0xdb0</run_address>
         <size>0x108</size>
         <input_file_ref idref="fl-14"/>
      </object_component>
      <object_component id="oc-2da">
         <name>.text:dcMotor_response</name>
         <load_address>0xeb8</load_address>
         <run_address>0xeb8</run_address>
         <size>0x106</size>
         <input_file_ref idref="fl-1d"/>
      </object_component>
      <object_component id="oc-48f">
         <name>.text:prvProcessReceivedCommands</name>
         <load_address>0xfc0</load_address>
         <run_address>0xfc0</run_address>
         <size>0x100</size>
         <input_file_ref idref="fl-9"/>
      </object_component>
      <object_component id="oc-2b2">
         <name>.text:vTaskSuspend</name>
         <load_address>0x10c0</load_address>
         <run_address>0x10c0</run_address>
         <size>0xf0</size>
         <input_file_ref idref="fl-8"/>
      </object_component>
      <object_component id="oc-14a">
         <name>.text:main_program</name>
         <load_address>0x11b0</load_address>
         <run_address>0x11b0</run_address>
         <size>0xec</size>
         <input_file_ref idref="fl-d"/>
      </object_component>
      <object_component id="oc-409">
         <name>.text:vTaskPrioritySet</name>
         <load_address>0x12a0</load_address>
         <run_address>0x12a0</run_address>
         <size>0xdc</size>
         <input_file_ref idref="fl-8"/>
      </object_component>
      <object_component id="oc-28d">
         <name>.text:xPortStartScheduler</name>
         <load_address>0x1380</load_address>
         <run_address>0x1380</run_address>
         <size>0xdc</size>
         <input_file_ref idref="fl-a"/>
      </object_component>
      <object_component id="oc-40">
         <name>.text</name>
         <load_address>0x145c</load_address>
         <run_address>0x145c</run_address>
         <size>0xda</size>
         <input_file_ref idref="fl-b"/>
      </object_component>
      <object_component id="oc-33f">
         <name>.text:__PCM_setCoreVoltageLevelAdvanced</name>
         <load_address>0x1538</load_address>
         <run_address>0x1538</run_address>
         <size>0xd0</size>
         <input_file_ref idref="fl-14"/>
      </object_component>
      <object_component id="oc-574">
         <name>.text:xQueueGenericSendFromISR</name>
         <load_address>0x1608</load_address>
         <run_address>0x1608</run_address>
         <size>0xce</size>
         <input_file_ref idref="fl-6"/>
      </object_component>
      <object_component id="oc-5f2">
         <name>.text:xTaskPriorityDisinherit</name>
         <load_address>0x16d8</load_address>
         <run_address>0x16d8</run_address>
         <size>0xc8</size>
         <input_file_ref idref="fl-8"/>
      </object_component>
      <object_component id="oc-27a">
         <name>.text:prvInitialiseNewTask</name>
         <load_address>0x17a0</load_address>
         <run_address>0x17a0</run_address>
         <size>0xc6</size>
         <input_file_ref idref="fl-8"/>
      </object_component>
      <object_component id="oc-21f">
         <name>.text:taskReadInputSwitch</name>
         <load_address>0x1868</load_address>
         <run_address>0x1868</run_address>
         <size>0xb8</size>
         <input_file_ref idref="fl-d"/>
      </object_component>
      <object_component id="oc-9b">
         <name>.text:vTaskSwitchContext</name>
         <load_address>0x1920</load_address>
         <run_address>0x1920</run_address>
         <size>0xb8</size>
         <input_file_ref idref="fl-8"/>
      </object_component>
      <object_component id="oc-280">
         <name>.text:prvAddNewTaskToReadyList</name>
         <load_address>0x19d8</load_address>
         <run_address>0x19d8</run_address>
         <size>0xb4</size>
         <input_file_ref idref="fl-8"/>
      </object_component>
      <object_component id="oc-59">
         <name>.text</name>
         <load_address>0x1a8c</load_address>
         <run_address>0x1a8c</run_address>
         <size>0x9c</size>
         <input_file_ref idref="fl-dc"/>
      </object_component>
      <object_component id="oc-599">
         <name>.text:xTaskRemoveFromEventList</name>
         <load_address>0x1b28</load_address>
         <run_address>0x1b28</run_address>
         <size>0x9c</size>
         <input_file_ref idref="fl-8"/>
      </object_component>
      <object_component id="oc-54d">
         <name>.text:prvSwitchTimerLists</name>
         <load_address>0x1bc8</load_address>
         <run_address>0x1bc8</run_address>
         <size>0x94</size>
         <input_file_ref idref="fl-9"/>
      </object_component>
      <object_component id="oc-58d">
         <name>.text:xTaskCheckForTimeOut</name>
         <load_address>0x1c60</load_address>
         <run_address>0x1c60</run_address>
         <size>0x94</size>
         <input_file_ref idref="fl-8"/>
      </object_component>
      <object_component id="oc-540">
         <name>.text:xQueueGenericReset</name>
         <load_address>0x1cf8</load_address>
         <run_address>0x1cf8</run_address>
         <size>0x90</size>
         <input_file_ref idref="fl-6"/>
      </object_component>
      <object_component id="oc-2e1">
         <name>.text:vTaskResume</name>
         <load_address>0x1d88</load_address>
         <run_address>0x1d88</run_address>
         <size>0x8c</size>
         <input_file_ref idref="fl-8"/>
      </object_component>
      <object_component id="oc-538">
         <name>.text:prvAddCurrentTaskToDelayedList</name>
         <load_address>0x1e18</load_address>
         <run_address>0x1e18</run_address>
         <size>0x88</size>
         <input_file_ref idref="fl-8"/>
      </object_component>
      <object_component id="oc-1fa">
         <name>.text:vTaskStartScheduler</name>
         <load_address>0x1ea0</load_address>
         <run_address>0x1ea0</run_address>
         <size>0x84</size>
         <input_file_ref idref="fl-8"/>
      </object_component>
      <object_component id="oc-2f7">
         <name>.text:outputLED_response</name>
         <load_address>0x1f28</load_address>
         <run_address>0x1f28</run_address>
         <size>0x7c</size>
         <input_file_ref idref="fl-1e"/>
      </object_component>
      <object_component id="oc-293">
         <name>.text:prvIdleTask</name>
         <load_address>0x1fa8</load_address>
         <run_address>0x1fa8</run_address>
         <size>0x7c</size>
         <input_file_ref idref="fl-8"/>
      </object_component>
      <object_component id="oc-274">
         <name>.text:vPortFree</name>
         <load_address>0x2028</load_address>
         <run_address>0x2028</run_address>
         <size>0x7c</size>
         <input_file_ref idref="fl-c"/>
      </object_component>
      <object_component id="oc-d4">
         <name>.text</name>
         <load_address>0x20a4</load_address>
         <run_address>0x20a4</run_address>
         <size>0x7a</size>
         <input_file_ref idref="fl-de"/>
      </object_component>
      <object_component id="oc-51f">
         <name>.text:xTimerGenericCommand</name>
         <load_address>0x2120</load_address>
         <run_address>0x2120</run_address>
         <size>0x74</size>
         <input_file_ref idref="fl-9"/>
      </object_component>
      <object_component id="oc-5ca">
         <name>.text:prvCopyDataToQueue</name>
         <load_address>0x2198</load_address>
         <run_address>0x2198</run_address>
         <size>0x70</size>
         <input_file_ref idref="fl-6"/>
      </object_component>
      <object_component id="oc-34e">
         <name>.text:prvHeapInit</name>
         <load_address>0x2208</load_address>
         <run_address>0x2208</run_address>
         <size>0x70</size>
         <input_file_ref idref="fl-c"/>
      </object_component>
      <object_component id="oc-382">
         <name>.text:prvInitialiseTaskLists</name>
         <load_address>0x2278</load_address>
         <run_address>0x2278</run_address>
         <size>0x70</size>
         <input_file_ref idref="fl-8"/>
      </object_component>
      <object_component id="oc-489">
         <name>.text:prvProcessTimerOrBlockTask</name>
         <load_address>0x22e8</load_address>
         <run_address>0x22e8</run_address>
         <size>0x70</size>
         <input_file_ref idref="fl-9"/>
      </object_component>
      <object_component id="oc-559">
         <name>.text:prvUnlockQueue</name>
         <load_address>0x2358</load_address>
         <run_address>0x2358</run_address>
         <size>0x6c</size>
         <input_file_ref idref="fl-6"/>
      </object_component>
      <object_component id="oc-8b">
         <name>.text:SystemInit</name>
         <load_address>0x23c8</load_address>
         <run_address>0x23c8</run_address>
         <size>0x68</size>
         <input_file_ref idref="fl-22"/>
      </object_component>
      <object_component id="oc-16">
         <name>.text:decompress:lzss:__TI_decompress_lzss</name>
         <load_address>0x2430</load_address>
         <run_address>0x2430</run_address>
         <size>0x68</size>
         <input_file_ref idref="fl-e1"/>
      </object_component>
      <object_component id="oc-354">
         <name>.text:prvInsertBlockIntoFreeList</name>
         <load_address>0x2498</load_address>
         <run_address>0x2498</run_address>
         <size>0x68</size>
         <input_file_ref idref="fl-c"/>
      </object_component>
      <object_component id="oc-3a2">
         <name>.text:vPortSetupTimerInterrupt</name>
         <load_address>0x2500</load_address>
         <run_address>0x2500</run_address>
         <size>0x68</size>
         <input_file_ref idref="fl-a"/>
      </object_component>
      <object_component id="oc-1f4">
         <name>.text:xTaskCreate</name>
         <load_address>0x2568</load_address>
         <run_address>0x2568</run_address>
         <size>0x68</size>
         <input_file_ref idref="fl-8"/>
      </object_component>
      <object_component id="oc-5d1">
         <name>.text:vPortValidateInterruptPriority</name>
         <load_address>0x25d0</load_address>
         <run_address>0x25d0</run_address>
         <size>0x64</size>
         <input_file_ref idref="fl-a"/>
      </object_component>
      <object_component id="oc-512">
         <name>.text:prvProcessExpiredTimer</name>
         <load_address>0x2638</load_address>
         <run_address>0x2638</run_address>
         <size>0x60</size>
         <input_file_ref idref="fl-9"/>
      </object_component>
      <object_component id="oc-287">
         <name>.text:xTimerCreateTimerTask</name>
         <load_address>0x2698</load_address>
         <run_address>0x2698</run_address>
         <size>0x58</size>
         <input_file_ref idref="fl-9"/>
      </object_component>
      <object_component id="oc-5e5">
         <name>.text:SysCtl_getTLVInfo</name>
         <load_address>0x26f0</load_address>
         <run_address>0x26f0</run_address>
         <size>0x54</size>
         <input_file_ref idref="fl-15"/>
      </object_component>
      <object_component id="oc-3cf">
         <name>.text:beep</name>
         <load_address>0x2748</load_address>
         <run_address>0x2748</run_address>
         <size>0x54</size>
         <input_file_ref idref="fl-1f"/>
      </object_component>
      <object_component id="oc-3f5">
         <name>.text:dcMotor_Left</name>
         <load_address>0x27a0</load_address>
         <run_address>0x27a0</run_address>
         <size>0x54</size>
         <input_file_ref idref="fl-1d"/>
      </object_component>
      <object_component id="oc-3e9">
         <name>.text:dcMotor_Right</name>
         <load_address>0x27f8</load_address>
         <run_address>0x27f8</run_address>
         <size>0x54</size>
         <input_file_ref idref="fl-1d"/>
      </object_component>
      <object_component id="oc-3b8">
         <name>.text:prvCheckTasksWaitingTermination</name>
         <load_address>0x2850</load_address>
         <run_address>0x2850</run_address>
         <size>0x54</size>
         <input_file_ref idref="fl-8"/>
      </object_component>
      <object_component id="oc-519">
         <name>.text:prvInsertTimerInActiveList</name>
         <load_address>0x28a8</load_address>
         <run_address>0x28a8</run_address>
         <size>0x54</size>
         <input_file_ref idref="fl-9"/>
      </object_component>
      <object_component id="oc-203">
         <name>.text:taskMasterThread</name>
         <load_address>0x2900</load_address>
         <run_address>0x2900</run_address>
         <size>0x54</size>
         <input_file_ref idref="fl-d"/>
      </object_component>
      <object_component id="oc-4d5">
         <name>.text:vTaskDelay</name>
         <load_address>0x2958</load_address>
         <run_address>0x2958</run_address>
         <size>0x54</size>
         <input_file_ref idref="fl-8"/>
      </object_component>
      <object_component id="oc-5a0">
         <name>.text:_CSGetDividerValue</name>
         <load_address>0x29b0</load_address>
         <run_address>0x29b0</run_address>
         <size>0x52</size>
         <input_file_ref idref="fl-f"/>
      </object_component>
      <object_component id="oc-2b9">
         <name>.text:BumpSwitch_Init</name>
         <load_address>0x2a08</load_address>
         <run_address>0x2a08</run_address>
         <size>0x50</size>
         <input_file_ref idref="fl-1c"/>
      </object_component>
      <object_component id="oc-430">
         <name>.text:PCM_getCoreVoltageLevel</name>
         <load_address>0x2a58</load_address>
         <run_address>0x2a58</run_address>
         <size>0x50</size>
         <input_file_ref idref="fl-14"/>
      </object_component>
      <object_component id="oc-5df">
         <name>.text:_CSGetDOCFrequency</name>
         <load_address>0x2aa8</load_address>
         <run_address>0x2aa8</run_address>
         <size>0x50</size>
         <input_file_ref idref="fl-f"/>
      </object_component>
      <object_component id="oc-3ac">
         <name>.text:prvGetExpectedIdleTime</name>
         <load_address>0x2af8</load_address>
         <run_address>0x2af8</run_address>
         <size>0x50</size>
         <input_file_ref idref="fl-8"/>
      </object_component>
      <object_component id="oc-3ef">
         <name>.text:dcMotor_Forward</name>
         <load_address>0x2b48</load_address>
         <run_address>0x2b48</run_address>
         <size>0x4c</size>
         <input_file_ref idref="fl-1d"/>
      </object_component>
      <object_component id="oc-2d4">
         <name>.text:dcMotor_Init</name>
         <load_address>0x2b98</load_address>
         <run_address>0x2b98</run_address>
         <size>0x4c</size>
         <input_file_ref idref="fl-1d"/>
      </object_component>
      <object_component id="oc-38f">
         <name>.text:prvCheckForValidListAndQueue</name>
         <load_address>0x2be8</load_address>
         <run_address>0x2be8</run_address>
         <size>0x4c</size>
         <input_file_ref idref="fl-9"/>
      </object_component>
      <object_component id="oc-473">
         <name>.text:xQueueGenericCreate</name>
         <load_address>0x2c38</load_address>
         <run_address>0x2c38</run_address>
         <size>0x4c</size>
         <input_file_ref idref="fl-6"/>
      </object_component>
      <object_component id="oc-1e2">
         <name>.text:prvConfigureClocks</name>
         <load_address>0x2c88</load_address>
         <run_address>0x2c88</run_address>
         <size>0x4a</size>
         <input_file_ref idref="fl-d"/>
      </object_component>
      <object_component id="oc-3dd">
         <name>.text:dcMotor_Backward</name>
         <load_address>0x2cd8</load_address>
         <run_address>0x2cd8</run_address>
         <size>0x48</size>
         <input_file_ref idref="fl-1d"/>
      </object_component>
      <object_component id="oc-50c">
         <name>.text:vQueueWaitForMessageRestricted</name>
         <load_address>0x2d20</load_address>
         <run_address>0x2d20</run_address>
         <size>0x48</size>
         <input_file_ref idref="fl-6"/>
      </object_component>
      <object_component id="oc-2a6">
         <name>.text:ColorLED_Init</name>
         <load_address>0x2d68</load_address>
         <run_address>0x2d68</run_address>
         <size>0x44</size>
         <input_file_ref idref="fl-1e"/>
      </object_component>
      <object_component id="oc-15d">
         <name>.text:__TI_auto_init_nobinit_nopinit:__TI_auto_init_nobinit_nopinit</name>
         <load_address>0x2dac</load_address>
         <run_address>0x2dac</run_address>
         <size>0x44</size>
         <input_file_ref idref="fl-e6"/>
      </object_component>
      <object_component id="oc-553">
         <name>.text:vTaskPlaceOnEventListRestricted</name>
         <load_address>0x2df0</load_address>
         <run_address>0x2df0</run_address>
         <size>0x40</size>
         <input_file_ref idref="fl-8"/>
      </object_component>
      <object_component id="oc-1e8">
         <name>.text:Switch_Init</name>
         <load_address>0x2e30</load_address>
         <run_address>0x2e30</run_address>
         <size>0x3c</size>
         <input_file_ref idref="fl-d"/>
      </object_component>
      <object_component id="oc-4a4">
         <name>.text:eTaskConfirmSleepModeStatus</name>
         <load_address>0x2e70</load_address>
         <run_address>0x2e70</run_address>
         <size>0x3c</size>
         <input_file_ref idref="fl-8"/>
      </object_component>
      <object_component id="oc-3fc">
         <name>.text:prvTaskIsTaskSuspended</name>
         <load_address>0x2eb0</load_address>
         <run_address>0x2eb0</run_address>
         <size>0x3c</size>
         <input_file_ref idref="fl-8"/>
      </object_component>
      <object_component id="oc-37c">
         <name>.text:vPortEnterCritical</name>
         <load_address>0x2ef0</load_address>
         <run_address>0x2ef0</run_address>
         <size>0x3c</size>
         <input_file_ref idref="fl-a"/>
      </object_component>
      <object_component id="oc-42a">
         <name>.text:PCM_getPowerMode</name>
         <load_address>0x2f30</load_address>
         <run_address>0x2f30</run_address>
         <size>0x3a</size>
         <input_file_ref idref="fl-14"/>
      </object_component>
      <object_component id="oc-45a">
         <name>.text:prvTaskExitError</name>
         <load_address>0x2f70</load_address>
         <run_address>0x2f70</run_address>
         <size>0x38</size>
         <input_file_ref idref="fl-a"/>
      </object_component>
      <object_component id="oc-581">
         <name>.text:vTaskPlaceOnEventList</name>
         <load_address>0x2fa8</load_address>
         <run_address>0x2fa8</run_address>
         <size>0x38</size>
         <input_file_ref idref="fl-8"/>
      </object_component>
      <object_component id="oc-77">
         <name>.text:_c_int00_noargs:_c_int00_noargs</name>
         <load_address>0x2fe0</load_address>
         <run_address>0x2fe0</run_address>
         <size>0x34</size>
         <input_file_ref idref="fl-e4"/>
      </object_component>
      <object_component id="oc-561">
         <name>.text:vListInsert</name>
         <load_address>0x3018</load_address>
         <run_address>0x3018</run_address>
         <size>0x34</size>
         <input_file_ref idref="fl-5"/>
      </object_component>
      <object_component id="oc-4b0">
         <name>.text:vTaskStepTick</name>
         <load_address>0x3050</load_address>
         <run_address>0x3050</run_address>
         <size>0x34</size>
         <input_file_ref idref="fl-8"/>
      </object_component>
      <object_component id="oc-253">
         <name>.text:FlashCtl_setWaitState</name>
         <load_address>0x3088</load_address>
         <run_address>0x3088</run_address>
         <size>0x30</size>
         <input_file_ref idref="fl-10"/>
      </object_component>
      <object_component id="oc-10d">
         <name>.text:prvResetNextTaskUnblockTime</name>
         <load_address>0x30b8</load_address>
         <run_address>0x30b8</run_address>
         <size>0x30</size>
         <input_file_ref idref="fl-8"/>
      </object_component>
      <object_component id="oc-388">
         <name>.text:vPortExitCritical</name>
         <load_address>0x30e8</load_address>
         <run_address>0x30e8</run_address>
         <size>0x30</size>
         <input_file_ref idref="fl-a"/>
      </object_component>
      <object_component id="oc-25f">
         <name>.text:CS_setDCOCenteredFrequency</name>
         <load_address>0x3118</load_address>
         <run_address>0x3118</run_address>
         <size>0x2c</size>
         <input_file_ref idref="fl-f"/>
      </object_component>
      <object_component id="oc-2c7">
         <name>.text:init_song_pwm</name>
         <load_address>0x3148</load_address>
         <run_address>0x3148</run_address>
         <size>0x2c</size>
         <input_file_ref idref="fl-1f"/>
      </object_component>
      <object_component id="oc-50a">
         <name>.text:prvSampleTimeNow</name>
         <load_address>0x3178</load_address>
         <run_address>0x3178</run_address>
         <size>0x2c</size>
         <input_file_ref idref="fl-9"/>
      </object_component>
      <object_component id="oc-375">
         <name>.text:pxPortInitialiseStack</name>
         <load_address>0x31a8</load_address>
         <run_address>0x31a8</run_address>
         <size>0x2c</size>
         <input_file_ref idref="fl-a"/>
      </object_component>
      <object_component id="oc-45">
         <name>.text:xPortSysTickHandler</name>
         <load_address>0x31d8</load_address>
         <run_address>0x31d8</run_address>
         <size>0x2c</size>
         <input_file_ref idref="fl-a"/>
      </object_component>
      <object_component id="oc-2ac">
         <name>.text:RedLED_Init</name>
         <load_address>0x3208</load_address>
         <run_address>0x3208</run_address>
         <size>0x28</size>
         <input_file_ref idref="fl-1e"/>
      </object_component>
      <object_component id="oc-593">
         <name>.text:prvCopyDataFromQueue</name>
         <load_address>0x3230</load_address>
         <run_address>0x3230</run_address>
         <size>0x28</size>
         <input_file_ref idref="fl-6"/>
      </object_component>
      <object_component id="oc-113">
         <name>.text:uxListRemove</name>
         <load_address>0x3258</load_address>
         <run_address>0x3258</run_address>
         <size>0x26</size>
         <input_file_ref idref="fl-5"/>
      </object_component>
      <object_component id="oc-5ac">
         <name>.text:CS_clearInterruptFlag</name>
         <load_address>0x3280</load_address>
         <run_address>0x3280</run_address>
         <size>0x24</size>
         <input_file_ref idref="fl-f"/>
      </object_component>
      <object_component id="oc-3e3">
         <name>.text:dcMotor_Stop</name>
         <load_address>0x32a8</load_address>
         <run_address>0x32a8</run_address>
         <size>0x24</size>
         <input_file_ref idref="fl-1d"/>
      </object_component>
      <object_component id="oc-483">
         <name>.text:prvGetNextExpireTime</name>
         <load_address>0x32d0</load_address>
         <run_address>0x32d0</run_address>
         <size>0x24</size>
         <input_file_ref idref="fl-9"/>
      </object_component>
      <object_component id="oc-568">
         <name>.text:xTaskGetSchedulerState</name>
         <load_address>0x32f8</load_address>
         <run_address>0x32f8</run_address>
         <size>0x20</size>
         <input_file_ref idref="fl-8"/>
      </object_component>
      <object_component id="oc-4fc">
         <name>.text:prvInitialiseNewQueue</name>
         <load_address>0x3318</load_address>
         <run_address>0x3318</run_address>
         <size>0x1e</size>
         <input_file_ref idref="fl-6"/>
      </object_component>
      <object_component id="oc-5c4">
         <name>.text:prvIsQueueFull</name>
         <load_address>0x3338</load_address>
         <run_address>0x3338</run_address>
         <size>0x1e</size>
         <input_file_ref idref="fl-6"/>
      </object_component>
      <object_component id="oc-462">
         <name>.text:vListInitialise</name>
         <load_address>0x3358</load_address>
         <run_address>0x3358</run_address>
         <size>0x1e</size>
         <input_file_ref idref="fl-5"/>
      </object_component>
      <object_component id="oc-20a">
         <name>.text:taskBumpSwitch</name>
         <load_address>0x3378</load_address>
         <run_address>0x3378</run_address>
         <size>0x1c</size>
         <input_file_ref idref="fl-d"/>
      </object_component>
      <object_component id="oc-226">
         <name>.text:taskDisplayOutputLED</name>
         <load_address>0x3398</load_address>
         <run_address>0x3398</run_address>
         <size>0x1c</size>
         <input_file_ref idref="fl-d"/>
      </object_component>
      <object_component id="oc-218">
         <name>.text:taskdcMotor</name>
         <load_address>0x33b8</load_address>
         <run_address>0x33b8</run_address>
         <size>0x1c</size>
         <input_file_ref idref="fl-d"/>
      </object_component>
      <object_component id="oc-403">
         <name>.text:uxTaskPriorityGet</name>
         <load_address>0x33d8</load_address>
         <run_address>0x33d8</run_address>
         <size>0x1c</size>
         <input_file_ref idref="fl-8"/>
      </object_component>
      <object_component id="oc-3d5">
         <name>.text:delay_ms</name>
         <load_address>0x33f8</load_address>
         <run_address>0x33f8</run_address>
         <size>0x1a</size>
         <input_file_ref idref="fl-1f"/>
      </object_component>
      <object_component id="oc-57b">
         <name>.text:prvIsQueueEmpty</name>
         <load_address>0x3418</load_address>
         <run_address>0x3418</run_address>
         <size>0x1a</size>
         <input_file_ref idref="fl-6"/>
      </object_component>
      <object_component id="oc-395">
         <name>.text:prvTimerTask</name>
         <load_address>0x3438</load_address>
         <run_address>0x3438</run_address>
         <size>0x1a</size>
         <input_file_ref idref="fl-9"/>
      </object_component>
      <object_component id="oc-49a">
         <name>.text:CS_getMCLK</name>
         <load_address>0x3458</load_address>
         <run_address>0x3458</run_address>
         <size>0x18</size>
         <input_file_ref idref="fl-f"/>
      </object_component>
      <object_component id="oc-1ee">
         <name>.text:SysTick_Init</name>
         <load_address>0x3470</load_address>
         <run_address>0x3470</run_address>
         <size>0x18</size>
         <input_file_ref idref="fl-1b"/>
      </object_component>
      <object_component id="oc-28">
         <name>.text:resetISR</name>
         <load_address>0x3488</load_address>
         <run_address>0x3488</run_address>
         <size>0x18</size>
         <input_file_ref idref="fl-20"/>
      </object_component>
      <object_component id="oc-119">
         <name>.text:vListInsertEnd</name>
         <load_address>0x34a0</load_address>
         <run_address>0x34a0</run_address>
         <size>0x18</size>
         <input_file_ref idref="fl-5"/>
      </object_component>
      <object_component id="oc-587">
         <name>.text:vTaskInternalSetTimeOutState</name>
         <load_address>0x34b8</load_address>
         <run_address>0x34b8</run_address>
         <size>0x18</size>
         <input_file_ref idref="fl-8"/>
      </object_component>
      <object_component id="oc-413">
         <name>.text:Port2_Output2</name>
         <load_address>0x34d0</load_address>
         <run_address>0x34d0</run_address>
         <size>0x14</size>
         <input_file_ref idref="fl-1e"/>
      </object_component>
      <object_component id="oc-4cd">
         <name>.text:delay_us</name>
         <load_address>0x34e8</load_address>
         <run_address>0x34e8</run_address>
         <size>0x14</size>
         <input_file_ref idref="fl-1f"/>
      </object_component>
      <object_component id="oc-144">
         <name>.text:prvSetupHardware</name>
         <load_address>0x3500</load_address>
         <run_address>0x3500</run_address>
         <size>0x14</size>
         <input_file_ref idref="fl-2"/>
      </object_component>
      <object_component id="oc-4b7">
         <name>.text:prvDeleteTCB</name>
         <load_address>0x3518</load_address>
         <run_address>0x3518</run_address>
         <size>0x12</size>
         <input_file_ref idref="fl-8"/>
      </object_component>
      <object_component id="oc-2ed">
         <name>.text:taskPriorityDecre</name>
         <load_address>0x3530</load_address>
         <run_address>0x3530</run_address>
         <size>0x12</size>
         <input_file_ref idref="fl-d"/>
      </object_component>
      <object_component id="oc-2e7">
         <name>.text:taskPriorityIncre</name>
         <load_address>0x3548</load_address>
         <run_address>0x3548</run_address>
         <size>0x12</size>
         <input_file_ref idref="fl-d"/>
      </object_component>
      <object_component id="oc-360">
         <name>.text:vApplicationMallocFailedHook</name>
         <load_address>0x3560</load_address>
         <run_address>0x3560</run_address>
         <size>0x12</size>
         <input_file_ref idref="fl-2"/>
      </object_component>
      <object_component id="oc-103">
         <name>.text:vApplicationStackOverflowHook</name>
         <load_address>0x3578</load_address>
         <run_address>0x3578</run_address>
         <size>0x12</size>
         <input_file_ref idref="fl-2"/>
      </object_component>
      <object_component id="oc-2bf">
         <name>.text:Bump_Read_Input</name>
         <load_address>0x3590</load_address>
         <run_address>0x3590</run_address>
         <size>0x10</size>
         <input_file_ref idref="fl-1c"/>
      </object_component>
      <object_component id="oc-1db">
         <name>.text:FPU_enableModule</name>
         <load_address>0x35a0</load_address>
         <run_address>0x35a0</run_address>
         <size>0x10</size>
         <input_file_ref idref="fl-11"/>
      </object_component>
      <object_component id="oc-348">
         <name>.text:vTaskSuspendAll</name>
         <load_address>0x35b0</load_address>
         <run_address>0x35b0</run_address>
         <size>0x10</size>
         <input_file_ref idref="fl-8"/>
      </object_component>
      <object_component id="oc-1c">
         <name>.text:decompress:none:__TI_decompress_none</name>
         <load_address>0x35c0</load_address>
         <run_address>0x35c0</run_address>
         <size>0xe</size>
         <input_file_ref idref="fl-e0"/>
      </object_component>
      <object_component id="oc-e0">
         <name>.text:main</name>
         <load_address>0x35d0</load_address>
         <run_address>0x35d0</run_address>
         <size>0xe</size>
         <input_file_ref idref="fl-2"/>
      </object_component>
      <object_component id="oc-211">
         <name>.text:taskPlaySong</name>
         <load_address>0x35e0</load_address>
         <run_address>0x35e0</run_address>
         <size>0xe</size>
         <input_file_ref idref="fl-d"/>
      </object_component>
      <object_component id="oc-436">
         <name>.text:PCM_getPowerState</name>
         <load_address>0x35f0</load_address>
         <run_address>0x35f0</run_address>
         <size>0xc</size>
         <input_file_ref idref="fl-14"/>
      </object_component>
      <object_component id="oc-6b">
         <name>.text:decompress:ZI:__TI_zero_init</name>
         <load_address>0x35fc</load_address>
         <run_address>0x35fc</run_address>
         <size>0xc</size>
         <input_file_ref idref="fl-df"/>
      </object_component>
      <object_component id="oc-5bb">
         <name>.text:vTaskMissedYield</name>
         <load_address>0x3608</load_address>
         <run_address>0x3608</run_address>
         <size>0xc</size>
         <input_file_ref idref="fl-8"/>
      </object_component>
      <object_component id="oc-547">
         <name>.text:xTaskGetTickCount</name>
         <load_address>0x3618</load_address>
         <run_address>0x3618</run_address>
         <size>0xc</size>
         <input_file_ref idref="fl-8"/>
      </object_component>
      <object_component id="oc-259">
         <name>.text:PCM_setCoreVoltageLevel</name>
         <load_address>0x3628</load_address>
         <run_address>0x3628</run_address>
         <size>0x8</size>
         <input_file_ref idref="fl-14"/>
      </object_component>
      <object_component id="oc-43c">
         <name>.text:PCM_setPowerMode</name>
         <load_address>0x3630</load_address>
         <run_address>0x3630</run_address>
         <size>0x8</size>
         <input_file_ref idref="fl-14"/>
      </object_component>
      <object_component id="oc-36f">
         <name>.text:vListInitialiseItem</name>
         <load_address>0x3638</load_address>
         <run_address>0x3638</run_address>
         <size>0x6</size>
         <input_file_ref idref="fl-5"/>
      </object_component>
      <object_component id="oc-3a">
         <name>.text:defaultISR</name>
         <load_address>0x3640</load_address>
         <run_address>0x3640</run_address>
         <size>0x2</size>
         <input_file_ref idref="fl-20"/>
      </object_component>
      <object_component id="oc-34">
         <name>.text:faultISR</name>
         <load_address>0x3648</load_address>
         <run_address>0x3648</run_address>
         <size>0x2</size>
         <input_file_ref idref="fl-20"/>
      </object_component>
      <object_component id="oc-2e">
         <name>.text:nmiISR</name>
         <load_address>0x3650</load_address>
         <run_address>0x3650</run_address>
         <size>0x2</size>
         <input_file_ref idref="fl-20"/>
      </object_component>
      <object_component id="oc-3be">
         <name>.text:vApplicationIdleHook</name>
         <load_address>0x3658</load_address>
         <run_address>0x3658</run_address>
         <size>0x2</size>
         <input_file_ref idref="fl-2"/>
      </object_component>
      <object_component id="oc-11f">
         <name>.text:vApplicationTickHook</name>
         <load_address>0x3660</load_address>
         <run_address>0x3660</run_address>
         <size>0x2</size>
         <input_file_ref idref="fl-d"/>
      </object_component>
      <object_component id="oc-4aa">
         <name>.text:vPreSleepProcessing</name>
         <load_address>0x3668</load_address>
         <run_address>0x3668</run_address>
         <size>0x2</size>
         <input_file_ref idref="fl-d"/>
      </object_component>
      <object_component id="oc-98">
         <name>.const</name>
         <load_address>0x366c</load_address>
         <run_address>0x366c</run_address>
         <size>0x8</size>
         <input_file_ref idref="fl-a"/>
      </object_component>
      <object_component id="oc-632">
         <name>.cinit..data.load</name>
         <load_address>0x3678</load_address>
         <run_address>0x3678</run_address>
         <size>0x14</size>
      </object_component>
      <object_component id="oc-630">
         <name>__TI_handler_table</name>
         <load_address>0x368c</load_address>
         <run_address>0x368c</run_address>
         <size>0xc</size>
      </object_component>
      <object_component id="oc-633">
         <name>.cinit..bss.load</name>
         <load_address>0x3698</load_address>
         <run_address>0x3698</run_address>
         <size>0x8</size>
      </object_component>
      <object_component id="oc-631">
         <name>__TI_cinit_table</name>
         <load_address>0x36a0</load_address>
         <run_address>0x36a0</run_address>
         <size>0x10</size>
      </object_component>
      <object_component id="oc-95">
         <name>.data</name>
         <load_address>0x2000c92c</load_address>
         <run_address>0x2000c92c</run_address>
         <size>0x34</size>
         <input_file_ref idref="fl-8"/>
      </object_component>
      <object_component id="oc-39b">
         <name>.data</name>
         <load_address>0x2000c988</load_address>
         <run_address>0x2000c988</run_address>
         <size>0xc</size>
         <input_file_ref idref="fl-9"/>
      </object_component>
      <object_component id="oc-3a8">
         <name>.data</name>
         <load_address>0x2000c960</load_address>
         <run_address>0x2000c960</run_address>
         <size>0x18</size>
         <input_file_ref idref="fl-a"/>
      </object_component>
      <object_component id="oc-366">
         <name>.data</name>
         <load_address>0x2000c978</load_address>
         <run_address>0x2000c978</run_address>
         <size>0x10</size>
         <input_file_ref idref="fl-c"/>
      </object_component>
      <object_component id="oc-2f3">
         <name>.data</name>
         <load_address>0x2000c994</load_address>
         <run_address>0x2000c994</run_address>
         <size>0x4</size>
         <input_file_ref idref="fl-d"/>
      </object_component>
      <object_component id="oc-109">
         <name>.bss:pxReadyTasksLists</name>
         <uninitialized>true</uninitialized>
         <run_address>0x2000c800</run_address>
         <size>0x64</size>
         <input_file_ref idref="fl-8"/>
      </object_component>
      <object_component id="oc-468">
         <name>.bss:xDelayedTaskList1</name>
         <uninitialized>true</uninitialized>
         <run_address>0x2000c88c</run_address>
         <size>0x14</size>
         <input_file_ref idref="fl-8"/>
      </object_component>
      <object_component id="oc-46b">
         <name>.bss:xDelayedTaskList2</name>
         <uninitialized>true</uninitialized>
         <run_address>0x2000c8a0</run_address>
         <size>0x14</size>
         <input_file_ref idref="fl-8"/>
      </object_component>
      <object_component id="oc-125">
         <name>.bss</name>
         <uninitialized>true</uninitialized>
         <run_address>0x2000c8f8</run_address>
         <size>0x8</size>
         <input_file_ref idref="fl-8"/>
      </object_component>
      <object_component id="oc-449">
         <name>.bss:xPendingReadyList</name>
         <uninitialized>true</uninitialized>
         <run_address>0x2000c8b4</run_address>
         <size>0x14</size>
         <input_file_ref idref="fl-8"/>
      </object_component>
      <object_component id="oc-46e">
         <name>.bss:xTasksWaitingTermination</name>
         <uninitialized>true</uninitialized>
         <run_address>0x2000c8dc</run_address>
         <size>0x14</size>
         <input_file_ref idref="fl-8"/>
      </object_component>
      <object_component id="oc-3c8">
         <name>.bss:xSuspendedTaskList</name>
         <uninitialized>true</uninitialized>
         <run_address>0x2000c8c8</run_address>
         <size>0x14</size>
         <input_file_ref idref="fl-8"/>
      </object_component>
      <object_component id="oc-479">
         <name>.bss:xActiveTimerList1</name>
         <uninitialized>true</uninitialized>
         <run_address>0x2000c864</run_address>
         <size>0x14</size>
         <input_file_ref idref="fl-9"/>
      </object_component>
      <object_component id="oc-47c">
         <name>.bss:xActiveTimerList2</name>
         <uninitialized>true</uninitialized>
         <run_address>0x2000c878</run_address>
         <size>0x14</size>
         <input_file_ref idref="fl-9"/>
      </object_component>
      <object_component id="oc-47f">
         <name>.bss</name>
         <uninitialized>true</uninitialized>
         <run_address>0x2000c900</run_address>
         <size>0x8</size>
         <input_file_ref idref="fl-9"/>
      </object_component>
      <object_component id="oc-444">
         <name>.bss:ucHeap</name>
         <uninitialized>true</uninitialized>
         <run_address>0x20000000</run_address>
         <size>0xc800</size>
         <input_file_ref idref="fl-c"/>
      </object_component>
      <object_component id="oc-369">
         <name>.bss:xStart</name>
         <uninitialized>true</uninitialized>
         <run_address>0x2000c908</run_address>
         <size>0x8</size>
         <input_file_ref idref="fl-c"/>
      </object_component>
      <object_component id="oc-5b2">
         <name>.bss</name>
         <uninitialized>true</uninitialized>
         <run_address>0x2000c8f0</run_address>
         <size>0x8</size>
         <input_file_ref idref="fl-f"/>
      </object_component>
      <object_component id="oc-2c5">
         <name>.common:bumpSwitch_status</name>
         <uninitialized>true</uninitialized>
         <run_address>0x2000c928</run_address>
         <size>0x1</size>
      </object_component>
      <object_component id="oc-200">
         <name>.common:taskHandle_BlinkRedLED</name>
         <uninitialized>true</uninitialized>
         <run_address>0x2000c910</run_address>
         <size>0x4</size>
      </object_component>
      <object_component id="oc-209">
         <name>.common:taskHandle_BumpSwitch</name>
         <uninitialized>true</uninitialized>
         <run_address>0x2000c914</run_address>
         <size>0x4</size>
      </object_component>
      <object_component id="oc-210">
         <name>.common:taskHandle_PlaySong</name>
         <uninitialized>true</uninitialized>
         <run_address>0x2000c920</run_address>
         <size>0x4</size>
      </object_component>
      <object_component id="oc-217">
         <name>.common:taskHandle_dcMotor</name>
         <uninitialized>true</uninitialized>
         <run_address>0x2000c924</run_address>
         <size>0x4</size>
      </object_component>
      <object_component id="oc-21e">
         <name>.common:taskHandle_InputSwitch</name>
         <uninitialized>true</uninitialized>
         <run_address>0x2000c918</run_address>
         <size>0x4</size>
      </object_component>
      <object_component id="oc-225">
         <name>.common:taskHandle_OutputLED</name>
         <uninitialized>true</uninitialized>
         <run_address>0x2000c91c</run_address>
         <size>0x4</size>
      </object_component>
      <object_component id="oc-25">
         <name>.stack</name>
         <uninitialized>true</uninitialized>
         <run_address>0x2000fce0</run_address>
         <size>0x4</size>
         <input_file_ref idref="fl-e4"/>
      </object_component>
      <object_component id="oc-635">
         <name>.stack</name>
         <uninitialized>true</uninitialized>
         <run_address>0x2000fce0</run_address>
         <size>0x0</size>
      </object_component>
      <object_component id="oc-129">
         <name>.debug_info</name>
         <load_address>0x0</load_address>
         <run_address>0x0</run_address>
         <size>0x73a</size>
         <input_file_ref idref="fl-2"/>
      </object_component>
      <object_component id="oc-104">
         <name>.debug_info</name>
         <load_address>0x73a</load_address>
         <run_address>0x73a</run_address>
         <size>0x18e</size>
         <input_file_ref idref="fl-2"/>
      </object_component>
      <object_component id="oc-361">
         <name>.debug_info</name>
         <load_address>0x8c8</load_address>
         <run_address>0x8c8</run_address>
         <size>0x155</size>
         <input_file_ref idref="fl-2"/>
      </object_component>
      <object_component id="oc-3bf">
         <name>.debug_info</name>
         <load_address>0xa1d</load_address>
         <run_address>0xa1d</run_address>
         <size>0x150</size>
         <input_file_ref idref="fl-2"/>
      </object_component>
      <object_component id="oc-145">
         <name>.debug_info</name>
         <load_address>0xb6d</load_address>
         <run_address>0xb6d</run_address>
         <size>0x165</size>
         <input_file_ref idref="fl-2"/>
      </object_component>
      <object_component id="oc-e1">
         <name>.debug_info</name>
         <load_address>0xcd2</load_address>
         <run_address>0xcd2</run_address>
         <size>0x15e</size>
         <input_file_ref idref="fl-2"/>
      </object_component>
      <object_component id="oc-1b6">
         <name>.debug_info</name>
         <load_address>0xe30</load_address>
         <run_address>0xe30</run_address>
         <size>0x315</size>
         <input_file_ref idref="fl-2"/>
      </object_component>
      <object_component id="oc-ba">
         <name>.debug_info</name>
         <load_address>0x1145</load_address>
         <run_address>0x1145</run_address>
         <size>0x26b</size>
         <input_file_ref idref="fl-2"/>
      </object_component>
      <object_component id="oc-b0">
         <name>.debug_info</name>
         <load_address>0x13b0</load_address>
         <run_address>0x13b0</run_address>
         <size>0x1055</size>
         <input_file_ref idref="fl-2"/>
      </object_component>
      <object_component id="oc-ab">
         <name>.debug_info</name>
         <load_address>0x2405</load_address>
         <run_address>0x2405</run_address>
         <size>0x37e2</size>
         <input_file_ref idref="fl-2"/>
      </object_component>
      <object_component id="oc-5ff">
         <name>.debug_info</name>
         <load_address>0x5be7</load_address>
         <run_address>0x5be7</run_address>
         <size>0x1b5</size>
         <input_file_ref idref="fl-2"/>
      </object_component>
      <object_component id="oc-1d6">
         <name>.debug_info</name>
         <load_address>0x5d9c</load_address>
         <run_address>0x5d9c</run_address>
         <size>0x461</size>
         <input_file_ref idref="fl-2"/>
      </object_component>
      <object_component id="oc-12f">
         <name>.debug_info</name>
         <load_address>0x61fd</load_address>
         <run_address>0x61fd</run_address>
         <size>0x8b</size>
         <input_file_ref idref="fl-2"/>
      </object_component>
      <object_component id="oc-1af">
         <name>.debug_info</name>
         <load_address>0x6288</load_address>
         <run_address>0x6288</run_address>
         <size>0x2c</size>
         <input_file_ref idref="fl-2"/>
      </object_component>
      <object_component id="oc-12a">
         <name>.debug_info</name>
         <load_address>0x62b4</load_address>
         <run_address>0x62b4</run_address>
         <size>0x2a4</size>
         <input_file_ref idref="fl-2"/>
      </object_component>
      <object_component id="oc-2a1">
         <name>.debug_info</name>
         <load_address>0x6558</load_address>
         <run_address>0x6558</run_address>
         <size>0xef</size>
         <input_file_ref idref="fl-2"/>
      </object_component>
      <object_component id="oc-b5">
         <name>.debug_info</name>
         <load_address>0x6647</load_address>
         <run_address>0x6647</run_address>
         <size>0xbb</size>
         <input_file_ref idref="fl-2"/>
      </object_component>
      <object_component id="oc-f6">
         <name>.debug_info</name>
         <load_address>0x6702</load_address>
         <run_address>0x6702</run_address>
         <size>0x53</size>
         <input_file_ref idref="fl-2"/>
      </object_component>
      <object_component id="oc-1d1">
         <name>.debug_info</name>
         <load_address>0x6755</load_address>
         <run_address>0x6755</run_address>
         <size>0xcc</size>
         <input_file_ref idref="fl-2"/>
      </object_component>
      <object_component id="oc-1a5">
         <name>.debug_info</name>
         <load_address>0x6821</load_address>
         <run_address>0x6821</run_address>
         <size>0x14c</size>
         <input_file_ref idref="fl-2"/>
      </object_component>
      <object_component id="oc-24f">
         <name>.debug_info</name>
         <load_address>0x696d</load_address>
         <run_address>0x696d</run_address>
         <size>0x54b</size>
         <input_file_ref idref="fl-3"/>
      </object_component>
      <object_component id="oc-1c0">
         <name>.debug_info</name>
         <load_address>0x6eb8</load_address>
         <run_address>0x6eb8</run_address>
         <size>0x461</size>
         <input_file_ref idref="fl-3"/>
      </object_component>
      <object_component id="oc-54">
         <name>.debug_info</name>
         <load_address>0x7319</load_address>
         <run_address>0x7319</run_address>
         <size>0x84</size>
         <input_file_ref idref="fl-3"/>
      </object_component>
      <object_component id="oc-339">
         <name>.debug_info</name>
         <load_address>0x739d</load_address>
         <run_address>0x739d</run_address>
         <size>0xcc</size>
         <input_file_ref idref="fl-3"/>
      </object_component>
      <object_component id="oc-1bb">
         <name>.debug_info</name>
         <load_address>0x7469</load_address>
         <run_address>0x7469</run_address>
         <size>0x53</size>
         <input_file_ref idref="fl-3"/>
      </object_component>
      <object_component id="oc-24d">
         <name>.debug_info</name>
         <load_address>0x74bc</load_address>
         <run_address>0x74bc</run_address>
         <size>0xa76</size>
         <input_file_ref idref="fl-4"/>
      </object_component>
      <object_component id="oc-191">
         <name>.debug_info</name>
         <load_address>0x7f32</load_address>
         <run_address>0x7f32</run_address>
         <size>0x110</size>
         <input_file_ref idref="fl-4"/>
      </object_component>
      <object_component id="oc-1aa">
         <name>.debug_info</name>
         <load_address>0x8042</load_address>
         <run_address>0x8042</run_address>
         <size>0x461</size>
         <input_file_ref idref="fl-4"/>
      </object_component>
      <object_component id="oc-321">
         <name>.debug_info</name>
         <load_address>0x84a3</load_address>
         <run_address>0x84a3</run_address>
         <size>0x76</size>
         <input_file_ref idref="fl-4"/>
      </object_component>
      <object_component id="oc-326">
         <name>.debug_info</name>
         <load_address>0x8519</load_address>
         <run_address>0x8519</run_address>
         <size>0x39</size>
         <input_file_ref idref="fl-4"/>
      </object_component>
      <object_component id="oc-196">
         <name>.debug_info</name>
         <load_address>0x8552</load_address>
         <run_address>0x8552</run_address>
         <size>0x4f</size>
         <input_file_ref idref="fl-4"/>
      </object_component>
      <object_component id="oc-1ca">
         <name>.debug_info</name>
         <load_address>0x85a1</load_address>
         <run_address>0x85a1</run_address>
         <size>0x6cd</size>
         <input_file_ref idref="fl-5"/>
      </object_component>
      <object_component id="oc-11b">
         <name>.debug_info</name>
         <load_address>0x8c6e</load_address>
         <run_address>0x8c6e</run_address>
         <size>0x2e8</size>
         <input_file_ref idref="fl-5"/>
      </object_component>
      <object_component id="oc-563">
         <name>.debug_info</name>
         <load_address>0x8f56</load_address>
         <run_address>0x8f56</run_address>
         <size>0x313</size>
         <input_file_ref idref="fl-5"/>
      </object_component>
      <object_component id="oc-370">
         <name>.debug_info</name>
         <load_address>0x9269</load_address>
         <run_address>0x9269</run_address>
         <size>0x295</size>
         <input_file_ref idref="fl-5"/>
      </object_component>
      <object_component id="oc-463">
         <name>.debug_info</name>
         <load_address>0x94fe</load_address>
         <run_address>0x94fe</run_address>
         <size>0x28d</size>
         <input_file_ref idref="fl-5"/>
      </object_component>
      <object_component id="oc-114">
         <name>.debug_info</name>
         <load_address>0x978b</load_address>
         <run_address>0x978b</run_address>
         <size>0x2c0</size>
         <input_file_ref idref="fl-5"/>
      </object_component>
      <object_component id="oc-24e">
         <name>.debug_info</name>
         <load_address>0x9a4b</load_address>
         <run_address>0x9a4b</run_address>
         <size>0xc7a</size>
         <input_file_ref idref="fl-6"/>
      </object_component>
      <object_component id="oc-57d">
         <name>.debug_info</name>
         <load_address>0xa6c5</load_address>
         <run_address>0xa6c5</run_address>
         <size>0x2e2</size>
         <input_file_ref idref="fl-6"/>
      </object_component>
      <object_component id="oc-55b">
         <name>.debug_info</name>
         <load_address>0xa9a7</load_address>
         <run_address>0xa9a7</run_address>
         <size>0x390</size>
         <input_file_ref idref="fl-6"/>
      </object_component>
      <object_component id="oc-595">
         <name>.debug_info</name>
         <load_address>0xad37</load_address>
         <run_address>0xad37</run_address>
         <size>0x2df</size>
         <input_file_ref idref="fl-6"/>
      </object_component>
      <object_component id="oc-527">
         <name>.debug_info</name>
         <load_address>0xb016</load_address>
         <run_address>0xb016</run_address>
         <size>0x58a</size>
         <input_file_ref idref="fl-6"/>
      </object_component>
      <object_component id="oc-5c7">
         <name>.debug_info</name>
         <load_address>0xb5a0</load_address>
         <run_address>0xb5a0</run_address>
         <size>0x2e0</size>
         <input_file_ref idref="fl-6"/>
      </object_component>
      <object_component id="oc-5cc">
         <name>.debug_info</name>
         <load_address>0xb880</load_address>
         <run_address>0xb880</run_address>
         <size>0x373</size>
         <input_file_ref idref="fl-6"/>
      </object_component>
      <object_component id="oc-570">
         <name>.debug_info</name>
         <load_address>0xbbf3</load_address>
         <run_address>0xbbf3</run_address>
         <size>0x5cd</size>
         <input_file_ref idref="fl-6"/>
      </object_component>
      <object_component id="oc-576">
         <name>.debug_info</name>
         <load_address>0xc1c0</load_address>
         <run_address>0xc1c0</run_address>
         <size>0x482</size>
         <input_file_ref idref="fl-6"/>
      </object_component>
      <object_component id="oc-542">
         <name>.debug_info</name>
         <load_address>0xc642</load_address>
         <run_address>0xc642</run_address>
         <size>0x364</size>
         <input_file_ref idref="fl-6"/>
      </object_component>
      <object_component id="oc-4fe">
         <name>.debug_info</name>
         <load_address>0xc9a6</load_address>
         <run_address>0xc9a6</run_address>
         <size>0x3ad</size>
         <input_file_ref idref="fl-6"/>
      </object_component>
      <object_component id="oc-475">
         <name>.debug_info</name>
         <load_address>0xcd53</load_address>
         <run_address>0xcd53</run_address>
         <size>0x3d1</size>
         <input_file_ref idref="fl-6"/>
      </object_component>
      <object_component id="oc-50e">
         <name>.debug_info</name>
         <load_address>0xd124</load_address>
         <run_address>0xd124</run_address>
         <size>0x3cc</size>
         <input_file_ref idref="fl-6"/>
      </object_component>
      <object_component id="oc-32d">
         <name>.debug_info</name>
         <load_address>0xd4f0</load_address>
         <run_address>0xd4f0</run_address>
         <size>0x1ef</size>
         <input_file_ref idref="fl-6"/>
      </object_component>
      <object_component id="oc-332">
         <name>.debug_info</name>
         <load_address>0xd6df</load_address>
         <run_address>0xd6df</run_address>
         <size>0x46</size>
         <input_file_ref idref="fl-6"/>
      </object_component>
      <object_component id="oc-19b">
         <name>.debug_info</name>
         <load_address>0xd725</load_address>
         <run_address>0xd725</run_address>
         <size>0x35</size>
         <input_file_ref idref="fl-6"/>
      </object_component>
      <object_component id="oc-13b">
         <name>.debug_info</name>
         <load_address>0xd75a</load_address>
         <run_address>0xd75a</run_address>
         <size>0x2c</size>
         <input_file_ref idref="fl-7"/>
      </object_component>
      <object_component id="oc-f5">
         <name>.debug_info</name>
         <load_address>0xd786</load_address>
         <run_address>0xd786</run_address>
         <size>0xcd4</size>
         <input_file_ref idref="fl-8"/>
      </object_component>
      <object_component id="oc-96">
         <name>.debug_info</name>
         <load_address>0xe45a</load_address>
         <run_address>0xe45a</run_address>
         <size>0x3d9</size>
         <input_file_ref idref="fl-8"/>
      </object_component>
      <object_component id="oc-10a">
         <name>.debug_info</name>
         <load_address>0xe833</load_address>
         <run_address>0xe833</run_address>
         <size>0x180</size>
         <input_file_ref idref="fl-8"/>
      </object_component>
      <object_component id="oc-469">
         <name>.debug_info</name>
         <load_address>0xe9b3</load_address>
         <run_address>0xe9b3</run_address>
         <size>0x180</size>
         <input_file_ref idref="fl-8"/>
      </object_component>
      <object_component id="oc-46c">
         <name>.debug_info</name>
         <load_address>0xeb33</load_address>
         <run_address>0xeb33</run_address>
         <size>0x180</size>
         <input_file_ref idref="fl-8"/>
      </object_component>
      <object_component id="oc-126">
         <name>.debug_info</name>
         <load_address>0xecb3</load_address>
         <run_address>0xecb3</run_address>
         <size>0x1c3</size>
         <input_file_ref idref="fl-8"/>
      </object_component>
      <object_component id="oc-44a">
         <name>.debug_info</name>
         <load_address>0xee76</load_address>
         <run_address>0xee76</run_address>
         <size>0x180</size>
         <input_file_ref idref="fl-8"/>
      </object_component>
      <object_component id="oc-46f">
         <name>.debug_info</name>
         <load_address>0xeff6</load_address>
         <run_address>0xeff6</run_address>
         <size>0x18e</size>
         <input_file_ref idref="fl-8"/>
      </object_component>
      <object_component id="oc-3c9">
         <name>.debug_info</name>
         <load_address>0xf184</load_address>
         <run_address>0xf184</run_address>
         <size>0x182</size>
         <input_file_ref idref="fl-8"/>
      </object_component>
      <object_component id="oc-10e">
         <name>.debug_info</name>
         <load_address>0xf306</load_address>
         <run_address>0xf306</run_address>
         <size>0x293</size>
         <input_file_ref idref="fl-8"/>
      </object_component>
      <object_component id="oc-a3">
         <name>.debug_info</name>
         <load_address>0xf599</load_address>
         <run_address>0xf599</run_address>
         <size>0x399</size>
         <input_file_ref idref="fl-8"/>
      </object_component>
      <object_component id="oc-35b">
         <name>.debug_info</name>
         <load_address>0xf932</load_address>
         <run_address>0xf932</run_address>
         <size>0x371</size>
         <input_file_ref idref="fl-8"/>
      </object_component>
      <object_component id="oc-59a">
         <name>.debug_info</name>
         <load_address>0xfca3</load_address>
         <run_address>0xfca3</run_address>
         <size>0x36b</size>
         <input_file_ref idref="fl-8"/>
      </object_component>
      <object_component id="oc-5f3">
         <name>.debug_info</name>
         <load_address>0x1000e</load_address>
         <run_address>0x1000e</run_address>
         <size>0x315</size>
         <input_file_ref idref="fl-8"/>
      </object_component>
      <object_component id="oc-539">
         <name>.debug_info</name>
         <load_address>0x10323</load_address>
         <run_address>0x10323</run_address>
         <size>0x3c0</size>
         <input_file_ref idref="fl-8"/>
      </object_component>
      <object_component id="oc-548">
         <name>.debug_info</name>
         <load_address>0x106e3</load_address>
         <run_address>0x106e3</run_address>
         <size>0x286</size>
         <input_file_ref idref="fl-8"/>
      </object_component>
      <object_component id="oc-569">
         <name>.debug_info</name>
         <load_address>0x10969</load_address>
         <run_address>0x10969</run_address>
         <size>0x292</size>
         <input_file_ref idref="fl-8"/>
      </object_component>
      <object_component id="oc-27b">
         <name>.debug_info</name>
         <load_address>0x10bfb</load_address>
         <run_address>0x10bfb</run_address>
         <size>0x4b2</size>
         <input_file_ref idref="fl-8"/>
      </object_component>
      <object_component id="oc-383">
         <name>.debug_info</name>
         <load_address>0x110ad</load_address>
         <run_address>0x110ad</run_address>
         <size>0x317</size>
         <input_file_ref idref="fl-8"/>
      </object_component>
      <object_component id="oc-281">
         <name>.debug_info</name>
         <load_address>0x113c4</load_address>
         <run_address>0x113c4</run_address>
         <size>0x30f</size>
         <input_file_ref idref="fl-8"/>
      </object_component>
      <object_component id="oc-1f5">
         <name>.debug_info</name>
         <load_address>0x116d3</load_address>
         <run_address>0x116d3</run_address>
         <size>0x446</size>
         <input_file_ref idref="fl-8"/>
      </object_component>
      <object_component id="oc-588">
         <name>.debug_info</name>
         <load_address>0x11b19</load_address>
         <run_address>0x11b19</run_address>
         <size>0x2b9</size>
         <input_file_ref idref="fl-8"/>
      </object_component>
      <object_component id="oc-58e">
         <name>.debug_info</name>
         <load_address>0x11dd2</load_address>
         <run_address>0x11dd2</run_address>
         <size>0x3a6</size>
         <input_file_ref idref="fl-8"/>
      </object_component>
      <object_component id="oc-9c">
         <name>.debug_info</name>
         <load_address>0x12178</load_address>
         <run_address>0x12178</run_address>
         <size>0x2ee</size>
         <input_file_ref idref="fl-8"/>
      </object_component>
      <object_component id="oc-349">
         <name>.debug_info</name>
         <load_address>0x12466</load_address>
         <run_address>0x12466</run_address>
         <size>0x269</size>
         <input_file_ref idref="fl-8"/>
      </object_component>
      <object_component id="oc-2b3">
         <name>.debug_info</name>
         <load_address>0x126cf</load_address>
         <run_address>0x126cf</run_address>
         <size>0x398</size>
         <input_file_ref idref="fl-8"/>
      </object_component>
      <object_component id="oc-4b1">
         <name>.debug_info</name>
         <load_address>0x12a67</load_address>
         <run_address>0x12a67</run_address>
         <size>0x2a7</size>
         <input_file_ref idref="fl-8"/>
      </object_component>
      <object_component id="oc-1fb">
         <name>.debug_info</name>
         <load_address>0x12d0e</load_address>
         <run_address>0x12d0e</run_address>
         <size>0x2d0</size>
         <input_file_ref idref="fl-8"/>
      </object_component>
      <object_component id="oc-3fd">
         <name>.debug_info</name>
         <load_address>0x12fde</load_address>
         <run_address>0x12fde</run_address>
         <size>0x2ca</size>
         <input_file_ref idref="fl-8"/>
      </object_component>
      <object_component id="oc-2e2">
         <name>.debug_info</name>
         <load_address>0x132a8</load_address>
         <run_address>0x132a8</run_address>
         <size>0x330</size>
         <input_file_ref idref="fl-8"/>
      </object_component>
      <object_component id="oc-40a">
         <name>.debug_info</name>
         <load_address>0x135d8</load_address>
         <run_address>0x135d8</run_address>
         <size>0x3ce</size>
         <input_file_ref idref="fl-8"/>
      </object_component>
      <object_component id="oc-554">
         <name>.debug_info</name>
         <load_address>0x139a6</load_address>
         <run_address>0x139a6</run_address>
         <size>0x399</size>
         <input_file_ref idref="fl-8"/>
      </object_component>
      <object_component id="oc-582">
         <name>.debug_info</name>
         <load_address>0x13d3f</load_address>
         <run_address>0x13d3f</run_address>
         <size>0x32c</size>
         <input_file_ref idref="fl-8"/>
      </object_component>
      <object_component id="oc-5bc">
         <name>.debug_info</name>
         <load_address>0x1406b</load_address>
         <run_address>0x1406b</run_address>
         <size>0x26b</size>
         <input_file_ref idref="fl-8"/>
      </object_component>
      <object_component id="oc-4b8">
         <name>.debug_info</name>
         <load_address>0x142d6</load_address>
         <run_address>0x142d6</run_address>
         <size>0x2a8</size>
         <input_file_ref idref="fl-8"/>
      </object_component>
      <object_component id="oc-4d6">
         <name>.debug_info</name>
         <load_address>0x1457e</load_address>
         <run_address>0x1457e</run_address>
         <size>0x31c</size>
         <input_file_ref idref="fl-8"/>
      </object_component>
      <object_component id="oc-404">
         <name>.debug_info</name>
         <load_address>0x1489a</load_address>
         <run_address>0x1489a</run_address>
         <size>0x2f4</size>
         <input_file_ref idref="fl-8"/>
      </object_component>
      <object_component id="oc-3b9">
         <name>.debug_info</name>
         <load_address>0x14b8e</load_address>
         <run_address>0x14b8e</run_address>
         <size>0x2f2</size>
         <input_file_ref idref="fl-8"/>
      </object_component>
      <object_component id="oc-3ad">
         <name>.debug_info</name>
[...]
      </symbol>
      <symbol id="sm-d">
         <name>__TI_pprof_out_hndl</name>
         <value>0xffffffff</value>
      </symbol>
      <symbol id="sm-e">
         <name>__TI_prof_data_start</name>
         <value>0xffffffff</value>
      </symbol>
      <symbol id="sm-f">
         <name>__TI_prof_data_size</name>
         <value>0xffffffff</value>
      </symbol>
      <symbol id="sm-9e">
         <name>vApplicationStackOverflowHook</name>
         <value>0x3579</value>
         <object_component_ref idref="oc-103"/>
      </symbol>
      <symbol id="sm-9f">
         <name>vApplicationIdleHook</name>
         <value>0x3659</value>
         <object_component_ref idref="oc-3be"/>
      </symbol>
      <symbol id="sm-a0">
         <name>main</name>
         <value>0x35d1</value>
         <object_component_ref idref="oc-e0"/>
      </symbol>
      <symbol id="sm-a1">
         <name>vApplicationMallocFailedHook</name>
         <value>0x3561</value>
         <object_component_ref idref="oc-360"/>
      </symbol>
      <symbol id="sm-107">
         <name>uxListRemove</name>
         <value>0x3259</value>
         <object_component_ref idref="oc-113"/>
      </symbol>
      <symbol id="sm-108">
         <name>vListInsert</name>
         <value>0x3019</value>
         <object_component_ref idref="oc-561"/>
      </symbol>
      <symbol id="sm-109">
         <name>vListInitialiseItem</name>
         <value>0x3639</value>
         <object_component_ref idref="oc-36f"/>
      </symbol>
      <symbol id="sm-10a">
         <name>vListInsertEnd</name>
         <value>0x34a1</value>
         <object_component_ref idref="oc-119"/>
      </symbol>
      <symbol id="sm-10b">
         <name>vListInitialise</name>
         <value>0x3359</value>
         <object_component_ref idref="oc-462"/>
      </symbol>
      <symbol id="sm-1e1">
         <name>xQueueGenericSendFromISR</name>
         <value>0x1609</value>
         <object_component_ref idref="oc-574"/>
      </symbol>
      <symbol id="sm-1e2">
         <name>xQueueGenericCreate</name>
         <value>0x2c39</value>
         <object_component_ref idref="oc-473"/>
      </symbol>
      <symbol id="sm-1e3">
         <name>xQueueGenericSend</name>
         <value>0x139</value>
         <object_component_ref idref="oc-56e"/>
      </symbol>
      <symbol id="sm-1e4">
         <name>xQueueGenericReset</name>
         <value>0x1cf9</value>
         <object_component_ref idref="oc-540"/>
      </symbol>
      <symbol id="sm-1e5">
         <name>vQueueWaitForMessageRestricted</name>
         <value>0x2d21</value>
         <object_component_ref idref="oc-50c"/>
      </symbol>
      <symbol id="sm-1e6">
         <name>xQueueReceive</name>
         <value>0x2d1</value>
         <object_component_ref idref="oc-525"/>
      </symbol>
      <symbol id="sm-46d">
         <name>vTaskDelay</name>
         <value>0x2959</value>
         <object_component_ref idref="oc-4d5"/>
      </symbol>
      <symbol id="sm-46e">
         <name>vTaskSuspendAll</name>
         <value>0x35b1</value>
         <object_component_ref idref="oc-348"/>
      </symbol>
      <symbol id="sm-46f">
         <name>vTaskPlaceOnEventList</name>
         <value>0x2fa9</value>
         <object_component_ref idref="oc-581"/>
      </symbol>
      <symbol id="sm-470">
         <name>xTaskCheckForTimeOut</name>
         <value>0x1c61</value>
         <object_component_ref idref="oc-58d"/>
      </symbol>
      <symbol id="sm-471">
         <name>vTaskPrioritySet</name>
         <value>0x12a1</value>
         <object_component_ref idref="oc-409"/>
      </symbol>
      <symbol id="sm-472">
         <name>xTaskPriorityDisinherit</name>
         <value>0x16d9</value>
         <object_component_ref idref="oc-5f2"/>
      </symbol>
      <symbol id="sm-473">
         <name>vTaskStartScheduler</name>
         <value>0x1ea1</value>
         <object_component_ref idref="oc-1fa"/>
      </symbol>
      <symbol id="sm-474">
         <name>vTaskInternalSetTimeOutState</name>
         <value>0x34b9</value>
         <object_component_ref idref="oc-587"/>
      </symbol>
      <symbol id="sm-475">
         <name>xTaskCreate</name>
         <value>0x2569</value>
         <object_component_ref idref="oc-1f4"/>
      </symbol>
      <symbol id="sm-476">
         <name>vTaskMissedYield</name>
         <value>0x3609</value>
         <object_component_ref idref="oc-5bb"/>
      </symbol>
      <symbol id="sm-477">
         <name>uxTaskPriorityGet</name>
         <value>0x33d9</value>
         <object_component_ref idref="oc-403"/>
      </symbol>
      <symbol id="sm-478">
         <name>vTaskStepTick</name>
         <value>0x3051</value>
         <object_component_ref idref="oc-4b0"/>
      </symbol>
      <symbol id="sm-479">
         <name>xTaskResumeAll</name>
         <value>0xca1</value>
         <object_component_ref idref="oc-35a"/>
      </symbol>
      <symbol id="sm-47a">
         <name>xTaskGetTickCount</name>
         <value>0x3619</value>
         <object_component_ref idref="oc-547"/>
      </symbol>
      <symbol id="sm-47b">
         <name>pxCurrentTCB</name>
         <value>0x2000c92c</value>
         <object_component_ref idref="oc-95"/>
      </symbol>
      <symbol id="sm-47c">
         <name>vTaskSuspend</name>
         <value>0x10c1</value>
         <object_component_ref idref="oc-2b2"/>
      </symbol>
      <symbol id="sm-47d">
         <name>vTaskResume</name>
         <value>0x1d89</value>
         <object_component_ref idref="oc-2e1"/>
      </symbol>
      <symbol id="sm-47e">
         <name>vTaskPlaceOnEventListRestricted</name>
         <value>0x2df1</value>
         <object_component_ref idref="oc-553"/>
      </symbol>
      <symbol id="sm-47f">
         <name>xTaskIncrementTick</name>
         <value>0x581</value>
         <object_component_ref idref="oc-a2"/>
      </symbol>
      <symbol id="sm-480">
         <name>vTaskSwitchContext</name>
         <value>0x1921</value>
         <object_component_ref idref="oc-9b"/>
      </symbol>
      <symbol id="sm-481">
         <name>xTaskGetSchedulerState</name>
         <value>0x32f9</value>
         <object_component_ref idref="oc-568"/>
      </symbol>
      <symbol id="sm-482">
         <name>xTaskRemoveFromEventList</name>
         <value>0x1b29</value>
         <object_component_ref idref="oc-599"/>
      </symbol>
      <symbol id="sm-483">
         <name>eTaskConfirmSleepModeStatus</name>
         <value>0x2e71</value>
         <object_component_ref idref="oc-4a4"/>
      </symbol>
      <symbol id="sm-564">
         <name>xTimerCreateTimerTask</name>
         <value>0x2699</value>
         <object_component_ref idref="oc-287"/>
      </symbol>
      <symbol id="sm-565">
         <name>xTimerGenericCommand</name>
         <value>0x2121</value>
         <object_component_ref idref="oc-51f"/>
      </symbol>
      <symbol id="sm-60c">
         <name>ulMaxSyscallInterruptPriority</name>
         <value>0x366c</value>
         <object_component_ref idref="oc-98"/>
      </symbol>
      <symbol id="sm-60d">
         <name>vPortSetupTimerInterrupt</name>
         <value>0x2501</value>
         <object_component_ref idref="oc-3a2"/>
      </symbol>
      <symbol id="sm-60e">
         <name>vPortSuppressTicksAndSleep</name>
         <value>0x801</value>
         <object_component_ref idref="oc-3b2"/>
      </symbol>
      <symbol id="sm-60f">
         <name>xPortSysTickHandler</name>
         <value>0x31d9</value>
         <object_component_ref idref="oc-45"/>
      </symbol>
      <symbol id="sm-610">
         <name>vPortValidateInterruptPriority</name>
         <value>0x25d1</value>
         <object_component_ref idref="oc-5d1"/>
      </symbol>
      <symbol id="sm-611">
         <name>pxPortInitialiseStack</name>
         <value>0x31a9</value>
         <object_component_ref idref="oc-375"/>
      </symbol>
      <symbol id="sm-612">
         <name>vPortExitCritical</name>
         <value>0x30e9</value>
         <object_component_ref idref="oc-388"/>
      </symbol>
      <symbol id="sm-613">
         <name>xPortStartScheduler</name>
         <value>0x1381</value>
         <object_component_ref idref="oc-28d"/>
      </symbol>
      <symbol id="sm-614">
         <name>vPortEnterCritical</name>
         <value>0x2ef1</value>
         <object_component_ref idref="oc-37c"/>
      </symbol>
      <symbol id="sm-623">
         <name>vPortStartFirstTask</name>
         <value>0x1505</value>
         <object_component_ref idref="oc-40"/>
      </symbol>
      <symbol id="sm-624">
         <name>ulPortGetIPSR</name>
         <value>0x146d</value>
         <object_component_ref idref="oc-40"/>
      </symbol>
      <symbol id="sm-625">
         <name>vPortEnableVFP</name>
         <value>0x1529</value>
         <object_component_ref idref="oc-40"/>
      </symbol>
      <symbol id="sm-626">
         <name>xPortPendSVHandler</name>
         <value>0x1485</value>
         <object_component_ref idref="oc-40"/>
      </symbol>
      <symbol id="sm-627">
         <name>vPortSVCHandler</name>
         <value>0x14e5</value>
         <object_component_ref idref="oc-40"/>
      </symbol>
      <symbol id="sm-69c">
         <name>pvPortMalloc</name>
         <value>0x939</value>
         <object_component_ref idref="oc-26e"/>
      </symbol>
      <symbol id="sm-69d">
         <name>vPortFree</name>
         <value>0x2029</value>
         <object_component_ref idref="oc-274"/>
      </symbol>
      <symbol id="sm-752">
         <name>bumpSwitch_status</name>
         <value>0x2000c928</value>
      </symbol>
      <symbol id="sm-753">
         <name>taskHandle_BlinkRedLED</name>
         <value>0x2000c910</value>
      </symbol>
      <symbol id="sm-754">
         <name>taskHandle_BumpSwitch</name>
         <value>0x2000c914</value>
      </symbol>
      <symbol id="sm-755">
         <name>taskHandle_PlaySong</name>
         <value>0x2000c920</value>
      </symbol>
      <symbol id="sm-756">
         <name>taskHandle_dcMotor</name>
         <value>0x2000c924</value>
      </symbol>
      <symbol id="sm-757">
         <name>taskHandle_InputSwitch</name>
         <value>0x2000c918</value>
      </symbol>
      <symbol id="sm-758">
         <name>taskHandle_OutputLED</name>
         <value>0x2000c91c</value>
      </symbol>
      <symbol id="sm-759">
         <name>vPreSleepProcessing</name>
         <value>0x3669</value>
         <object_component_ref idref="oc-4aa"/>
      </symbol>
      <symbol id="sm-75a">
         <name>interruptV</name>
         <value>0x2000c994</value>
         <object_component_ref idref="oc-2f3"/>
      </symbol>
      <symbol id="sm-75b">
         <name>main_program</name>
         <value>0x11b1</value>
         <object_component_ref idref="oc-14a"/>
      </symbol>
      <symbol id="sm-75c">
         <name>vApplicationTickHook</name>
         <value>0x3661</value>
         <object_component_ref idref="oc-11f"/>
      </symbol>
      <symbol id="sm-80c">
         <name>CS_getMCLK</name>
         <value>0x3459</value>
         <object_component_ref idref="oc-49a"/>
      </symbol>
      <symbol id="sm-80d">
         <name>CS_clearInterruptFlag</name>
         <value>0x3281</value>
         <object_component_ref idref="oc-5ac"/>
      </symbol>
      <symbol id="sm-80e">
         <name>CS_getDCOFrequency</name>
         <value>0x439</value>
         <object_component_ref idref="oc-5a6"/>
      </symbol>
      <symbol id="sm-80f">
         <name>CS_setDCOCenteredFrequency</name>
         <value>0x3119</value>
         <object_component_ref idref="oc-25f"/>
      </symbol>
      <symbol id="sm-810">
         <name>CS_initClockSignal</name>
         <value>0xa69</value>
         <object_component_ref idref="oc-265"/>
      </symbol>
      <symbol id="sm-81f">
         <name>FlashCtl_setWaitState</name>
         <value>0x3089</value>
         <object_component_ref idref="oc-253"/>
      </symbol>
      <symbol id="sm-82b">
         <name>FPU_enableModule</name>
         <value>0x35a1</value>
         <object_component_ref idref="oc-1db"/>
      </symbol>
      <symbol id="sm-89a">
         <name>PCM_setCoreVoltageLevel</name>
         <value>0x3629</value>
         <object_component_ref idref="oc-259"/>
      </symbol>
      <symbol id="sm-89b">
         <name>PCM_getCoreVoltageLevel</name>
         <value>0x2a59</value>
         <object_component_ref idref="oc-430"/>
      </symbol>
      <symbol id="sm-89c">
         <name>PCM_getPowerMode</name>
         <value>0x2f31</value>
         <object_component_ref idref="oc-42a"/>
      </symbol>
      <symbol id="sm-89d">
         <name>PCM_getPowerState</name>
         <value>0x35f1</value>
         <object_component_ref idref="oc-436"/>
      </symbol>
      <symbol id="sm-89e">
         <name>PCM_setPowerMode</name>
         <value>0x3631</value>
         <object_component_ref idref="oc-43c"/>
      </symbol>
      <symbol id="sm-8b4">
         <name>SysCtl_getTLVInfo</name>
         <value>0x26f1</value>
         <object_component_ref idref="oc-5e5"/>
      </symbol>
      <symbol id="sm-8c5">
         <name>SysTick_Init</name>
         <value>0x3471</value>
         <object_component_ref idref="oc-1ee"/>
      </symbol>
      <symbol id="sm-8db">
         <name>Bump_Read_Input</name>
         <value>0x3591</value>
         <object_component_ref idref="oc-2bf"/>
      </symbol>
      <symbol id="sm-8dc">
         <name>BumpSwitch_Init</name>
         <value>0x2a09</value>
         <object_component_ref idref="oc-2b9"/>
      </symbol>
      <symbol id="sm-937">
         <name>dcMotor_Forward</name>
         <value>0x2b49</value>
         <object_component_ref idref="oc-3ef"/>
      </symbol>
      <symbol id="sm-938">
         <name>dcMotor_Left</name>
         <value>0x27a1</value>
         <object_component_ref idref="oc-3f5"/>
      </symbol>
      <symbol id="sm-939">
         <name>dcMotor_Init</name>
         <value>0x2b99</value>
         <object_component_ref idref="oc-2d4"/>
      </symbol>
      <symbol id="sm-93a">
         <name>dcMotor_Right</name>
         <value>0x27f9</value>
         <object_component_ref idref="oc-3e9"/>
      </symbol>
      <symbol id="sm-93b">
         <name>dcMotor_Stop</name>
         <value>0x32a9</value>
         <object_component_ref idref="oc-3e3"/>
      </symbol>
      <symbol id="sm-93c">
         <name>dcMotor_Backward</name>
         <value>0x2cd9</value>
         <object_component_ref idref="oc-3dd"/>
      </symbol>
      <symbol id="sm-93d">
         <name>dcMotor_response</name>
         <value>0xeb9</value>
         <object_component_ref idref="oc-2da"/>
      </symbol>
      <symbol id="sm-975">
         <name>Port2_Output2</name>
         <value>0x34d1</value>
         <object_component_ref idref="oc-413"/>
      </symbol>
      <symbol id="sm-976">
         <name>RedLED_Init</name>
         <value>0x3209</value>
         <object_component_ref idref="oc-2ac"/>
      </symbol>
      <symbol id="sm-977">
         <name>ColorLED_Init</name>
         <value>0x2d69</value>
         <object_component_ref idref="oc-2a6"/>
      </symbol>
      <symbol id="sm-978">
         <name>outputLED_response</name>
         <value>0x1f29</value>
         <object_component_ref idref="oc-2f7"/>
      </symbol>
      <symbol id="sm-9ae">
         <name>delay_us</name>
         <value>0x34e9</value>
         <object_component_ref idref="oc-4cd"/>
      </symbol>
      <symbol id="sm-9af">
         <name>play_song</name>
         <value>0x6c9</value>
         <object_component_ref idref="oc-2cd"/>
      </symbol>
      <symbol id="sm-9b0">
         <name>beep</name>
         <value>0x2749</value>
         <object_component_ref idref="oc-3cf"/>
      </symbol>
      <symbol id="sm-9b1">
         <name>init_song_pwm</name>
         <value>0x3149</value>
         <object_component_ref idref="oc-2c7"/>
      </symbol>
      <symbol id="sm-9b2">
         <name>delay_ms</name>
         <value>0x33f9</value>
         <object_component_ref idref="oc-3d5"/>
      </symbol>
      <symbol id="sm-9e6">
         <name>interruptVectors</name>
         <value>0x0</value>
         <object_component_ref idref="oc-13"/>
      </symbol>
      <symbol id="sm-9f8">
         <name>SystemInit</name>
         <value>0x23c9</value>
         <object_component_ref idref="oc-8b"/>
      </symbol>
      <symbol id="sm-a13">
         <name>memcpy</name>
         <value>0x1a8d</value>
         <object_component_ref idref="oc-59"/>
      </symbol>
      <symbol id="sm-a14">
         <name>__aeabi_memcpy</name>
         <value>0x1a8d</value>
         <object_component_ref idref="oc-59"/>
      </symbol>
      <symbol id="sm-a15">
         <name>__aeabi_memcpy8</name>
         <value>0x1a8d</value>
         <object_component_ref idref="oc-59"/>
      </symbol>
      <symbol id="sm-a16">
         <name>__aeabi_memcpy4</name>
         <value>0x1a8d</value>
         <object_component_ref idref="oc-59"/>
      </symbol>
      <symbol id="sm-a26">
         <name>__aeabi_memset</name>
         <value>0x20a7</value>
         <object_component_ref idref="oc-d4"/>
      </symbol>
      <symbol id="sm-a27">
         <name>memset</name>
         <value>0x20ad</value>
         <object_component_ref idref="oc-d4"/>
      </symbol>
      <symbol id="sm-a28">
         <name>__aeabi_memset8</name>
         <value>0x20a7</value>
         <object_component_ref idref="oc-d4"/>
      </symbol>
      <symbol id="sm-a29">
         <name>__aeabi_memset4</name>
         <value>0x20a7</value>
         <object_component_ref idref="oc-d4"/>
      </symbol>
      <symbol id="sm-a2a">
         <name>__aeabi_memclr8</name>
         <value>0x20a5</value>
         <object_component_ref idref="oc-d4"/>
      </symbol>
      <symbol id="sm-a2b">
         <name>__aeabi_memclr4</name>
         <value>0x20a5</value>
         <object_component_ref idref="oc-d4"/>
      </symbol>
      <symbol id="sm-a2c">
         <name>__aeabi_memclr</name>
         <value>0x20a5</value>
         <object_component_ref idref="oc-d4"/>
      </symbol>
      <symbol id="sm-a3e">
         <name>__TI_zero_init</name>
         <value>0x35fd</value>
         <object_component_ref idref="oc-6b"/>
      </symbol>
      <symbol id="sm-a55">
         <name>__TI_decompress_none</name>
         <value>0x35c1</value>
         <object_component_ref idref="oc-1c"/>
      </symbol>
      <symbol id="sm-a78">
         <name>__TI_decompress_lzss</name>
         <value>0x2431</value>
         <object_component_ref idref="oc-16"/>
      </symbol>
      <symbol id="sm-a8d">
         <name>__stack</name>
         <value>0x2000fce0</value>
         <object_component_ref idref="oc-25"/>
      </symbol>
      <symbol id="sm-a8e">
         <name>_c_int00_noargs</name>
         <value>0x2fe1</value>
         <object_component_ref idref="oc-77"/>
      </symbol>
      <symbol id="sm-ab7">
         <name>__TI_auto_init_nobinit_nopinit</name>
         <value>0x2dad</value>
         <object_component_ref idref="oc-15d"/>
      </symbol>
      <symbol id="sm-ac1">
         <name>_system_pre_init</name>
         <value>0x2cd</value>
         <object_component_ref idref="oc-da"/>
      </symbol>
      <symbol id="sm-acd">
         <name>C$$EXIT</name>
         <value>0x435</value>
         <object_component_ref idref="oc-151"/>
      </symbol>
      <symbol id="sm-ace">
         <name>abort</name>
         <value>0x435</value>
         <object_component_ref idref="oc-151"/>
      </symbol>
      <symbol id="sm-ad1">
         <name>__TI_static_base__</name>
         <value>0x0</value>
      </symbol>
      <symbol id="sm-ad4">
         <name>__mpu_init</name>
         <value>0x0</value>
      </symbol>
      <symbol id="sm-ad5">
         <name>_system_post_cinit</name>
         <value>0x0</value>
      </symbol>
   </symbol_table>
   <title>Link successful</title>
</link_info>
