<?xml version="1.0" encoding="ISO-8859-1" ?>
<link_info>
   <banner>TI ARM Linker PC v20.2.5.LTS</banner>
   <copyright>Copyright (c) 1996-2018 Texas Instruments Incorporated</copyright>
   <link_time>0x63970275</link_time>
   <link_errors>0x0</link_errors>
   <output_file>RTOSDemo.out</output_file>
   <entry_point>
      <name>_c_int00_noargs</name>
      <address>0x30d9</address>
   </entry_point>
   <input_file_list>
      <input_file id="fl-2">
         <path>.\</path>
         <kind>object</kind>
         <file>main.obj</file>
         <name>main.obj</name>
      </input_file>
      <input_file id="fl-3">
         <path>.\FreeRTOS_Source\</path>
         <kind>object</kind>
         <file>croutine.obj</file>
         <name>croutine.obj</name>
      </input_file>
      <input_file id="fl-4">
         <path>.\FreeRTOS_Source\</path>
         <kind>object</kind>
         <file>event_groups.obj</file>
         <name>event_groups.obj</name>
      </input_file>
      <input_file id="fl-5">
         <path>.\FreeRTOS_Source\</path>
         <kind>object</kind>
         <file>list.obj</file>
         <name>list.obj</name>
      </input_file>
      <input_file id="fl-6">
         <path>.\FreeRTOS_Source\</path>
         <kind>object</kind>
         <file>queue.obj</file>
         <name>queue.obj</name>
      </input_file>
      <input_file id="fl-7">
         <path>.\FreeRTOS_Source\</path>
         <kind>object</kind>
         <file>stream_buffer.obj</file>
         <name>stream_buffer.obj</name>
      </input_file>
      <input_file id="fl-8">
         <path>.\FreeRTOS_Source\</path>
         <kind>object</kind>
         <file>tasks.obj</file>
         <name>tasks.obj</name>
      </input_file>
      <input_file id="fl-9">
         <path>.\FreeRTOS_Source\</path>
         <kind>object</kind>
         <file>timers.obj</file>
         <name>timers.obj</name>
      </input_file>
      <input_file id="fl-a">
         <path>.\FreeRTOS_Source\portable\CCS\ARM_CM4F\</path>
         <kind>object</kind>
         <file>port.obj</file>
         <name>port.obj</name>
      </input_file>
      <input_file id="fl-b">
         <path>.\FreeRTOS_Source\portable\CCS\ARM_CM4F\</path>
         <kind>object</kind>
         <file>portasm.obj</file>
         <name>portasm.obj</name>
      </input_file>
      <input_file id="fl-c">
         <path>.\FreeRTOS_Source\portable\MemMang\</path>
         <kind>object</kind>
         <file>heap_4.obj</file>
         <name>heap_4.obj</name>
      </input_file>
      <input_file id="fl-d">
         <path>.\MainProgram\</path>
         <kind>object</kind>
         <file>main_program.obj</file>
         <name>main_program.obj</name>
      </input_file>
      <input_file id="fl-e">
         <path>.\driverlib\</path>
         <kind>object</kind>
         <file>cpu.obj</file>
         <name>cpu.obj</name>
      </input_file>
      <input_file id="fl-f">
         <path>.\driverlib\</path>
         <kind>object</kind>
         <file>cs.obj</file>
         <name>cs.obj</name>
      </input_file>
      <input_file id="fl-10">
         <path>.\driverlib\</path>
         <kind>object</kind>
         <file>flash.obj</file>
         <name>flash.obj</name>
      </input_file>
      <input_file id="fl-11">
         <path>.\driverlib\</path>
         <kind>object</kind>
         <file>fpu.obj</file>
         <name>fpu.obj</name>
      </input_file>
      <input_file id="fl-12">
         <path>.\driverlib\</path>
         <kind>object</kind>
         <file>gpio.obj</file>
         <name>gpio.obj</name>
      </input_file>
      <input_file id="fl-13">
         <path>.\driverlib\</path>
         <kind>object</kind>
         <file>interrupt.obj</file>
         <name>interrupt.obj</name>
      </input_file>
      <input_file id="fl-14">
         <path>.\driverlib\</path>
         <kind>object</kind>
         <file>pcm.obj</file>
         <name>pcm.obj</name>
      </input_file>
      <input_file id="fl-15">
         <path>.\driverlib\</path>
         <kind>object</kind>
         <file>sysctl.obj</file>
         <name>sysctl.obj</name>
      </input_file>
      <input_file id="fl-16">
         <path>.\driverlib\</path>
         <kind>object</kind>
         <file>timer32.obj</file>
         <name>timer32.obj</name>
      </input_file>
      <input_file id="fl-17">
         <path>.\driverlib\</path>
         <kind>object</kind>
         <file>uart.obj</file>
         <name>uart.obj</name>
      </input_file>
      <input_file id="fl-18">
         <path>.\driverlib\</path>
         <kind>object</kind>
         <file>wdt_a.obj</file>
         <name>wdt_a.obj</name>
      </input_file>
      <input_file id="fl-19">
         <path>.\inc\</path>
         <kind>object</kind>
         <file>Clock.obj</file>
         <name>Clock.obj</name>
      </input_file>
      <input_file id="fl-1a">
         <path>.\inc\</path>
         <kind>object</kind>
         <file>CortexM.obj</file>
         <name>CortexM.obj</name>
      </input_file>
      <input_file id="fl-1b">
         <path>.\inc\</path>
         <kind>object</kind>
         <file>SysTick.obj</file>
         <name>SysTick.obj</name>
      </input_file>
      <input_file id="fl-1c">
         <path>.\inc\</path>
         <kind>object</kind>
         <file>bumpSwitch.obj</file>
         <name>bumpSwitch.obj</name>
      </input_file>
      <input_file id="fl-1d">
         <path>.\inc\</path>
         <kind>object</kind>
         <file>dcMotor.obj</file>
         <name>dcMotor.obj</name>
      </input_file>
      <input_file id="fl-1e">
         <path>.\inc\</path>
         <kind>object</kind>
         <file>outputLED.obj</file>
         <name>outputLED.obj</name>
      </input_file>
      <input_file id="fl-1f">
         <path>.\inc\</path>
         <kind>object</kind>
         <file>songFile.obj</file>
         <name>songFile.obj</name>
      </input_file>
      <input_file id="fl-20">
         <path>.\system\CCS\</path>
         <kind>object</kind>
         <file>msp432_startup_ccs.obj</file>
         <name>msp432_startup_ccs.obj</name>
      </input_file>
      <input_file id="fl-21">
         <path>.\system\CCS\</path>
         <kind>object</kind>
         <file>printf-stdarg.obj</file>
         <name>printf-stdarg.obj</name>
      </input_file>
      <input_file id="fl-22">
         <path>.\system\CCS\</path>
         <kind>object</kind>
         <file>system_msp432p401r.obj</file>
         <name>system_msp432p401r.obj</name>
      </input_file>
      <input_file id="fl-26">
         <kind>object</kind>
         <file>&lt;internal&gt;</file>
         <name>&lt;internal&gt;</name>
      </input_file>
      <input_file id="fl-dc">
         <path>C:\TI\ccs\tools\compiler\ti-cgt-arm_20.2.5.LTS\lib\</path>
         <kind>archive</kind>
         <file>rtsv7M4_T_le_v4SPD16_eabi.lib</file>
         <name>memcpy_t2.asm.obj</name>
      </input_file>
      <input_file id="fl-dd">
         <path>C:\TI\ccs\tools\compiler\ti-cgt-arm_20.2.5.LTS\lib\</path>
         <kind>archive</kind>
         <file>rtsv7M4_T_le_v4SPD16_eabi.lib</file>
         <name>u_divt2.asm.obj</name>
      </input_file>
      <input_file id="fl-de">
         <path>C:\TI\ccs\tools\compiler\ti-cgt-arm_20.2.5.LTS\lib\</path>
         <kind>archive</kind>
         <file>rtsv7M4_T_le_v4SPD16_eabi.lib</file>
         <name>memset_t2.asm.obj</name>
      </input_file>
      <input_file id="fl-df">
         <path>C:\TI\ccs\tools\compiler\ti-cgt-arm_20.2.5.LTS\lib\</path>
         <kind>archive</kind>
         <file>rtsv7M4_T_le_v4SPD16_eabi.lib</file>
         <name>copy_zero_init.c.obj</name>
      </input_file>
      <input_file id="fl-e0">
         <path>C:\TI\ccs\tools\compiler\ti-cgt-arm_20.2.5.LTS\lib\</path>
         <kind>archive</kind>
         <file>rtsv7M4_T_le_v4SPD16_eabi.lib</file>
         <name>copy_decompress_none.c.obj</name>
      </input_file>
      <input_file id="fl-e1">
         <path>C:\TI\ccs\tools\compiler\ti-cgt-arm_20.2.5.LTS\lib\</path>
         <kind>archive</kind>
         <file>rtsv7M4_T_le_v4SPD16_eabi.lib</file>
         <name>copy_decompress_lzss.c.obj</name>
      </input_file>
      <input_file id="fl-e2">
         <path>C:\TI\ccs\tools\compiler\ti-cgt-arm_20.2.5.LTS\lib\</path>
         <kind>archive</kind>
         <file>rtsv7M4_T_le_v4SPD16_eabi.lib</file>
         <name>strcpy.c.obj</name>
      </input_file>
      <input_file id="fl-e3">
         <path>C:\TI\ccs\tools\compiler\ti-cgt-arm_20.2.5.LTS\lib\</path>
         <kind>archive</kind>
         <file>rtsv7M4_T_le_v4SPD16_eabi.lib</file>
         <name>strlen.c.obj</name>
      </input_file>
      <input_file id="fl-e4">
         <path>C:\TI\ccs\tools\compiler\ti-cgt-arm_20.2.5.LTS\lib\</path>
         <kind>archive</kind>
         <file>rtsv7M4_T_le_v4SPD16_eabi.lib</file>
         <name>boot_cortex_m.c.obj</name>
      </input_file>
      <input_file id="fl-e5">
         <path>C:\TI\ccs\tools\compiler\ti-cgt-arm_20.2.5.LTS\lib\</path>
         <kind>archive</kind>
         <file>rtsv7M4_T_le_v4SPD16_eabi.lib</file>
         <name>div0.asm.obj</name>
      </input_file>
      <input_file id="fl-e6">
         <path>C:\TI\ccs\tools\compiler\ti-cgt-arm_20.2.5.LTS\lib\</path>
         <kind>archive</kind>
         <file>rtsv7M4_T_le_v4SPD16_eabi.lib</file>
         <name>autoinit.c.obj</name>
      </input_file>
      <input_file id="fl-e7">
         <path>C:\TI\ccs\tools\compiler\ti-cgt-arm_20.2.5.LTS\lib\</path>
         <kind>archive</kind>
         <file>rtsv7M4_T_le_v4SPD16_eabi.lib</file>
         <name>pre_init.c.obj</name>
      </input_file>
      <input_file id="fl-e8">
         <path>C:\TI\ccs\tools\compiler\ti-cgt-arm_20.2.5.LTS\lib\</path>
         <kind>archive</kind>
         <file>rtsv7M4_T_le_v4SPD16_eabi.lib</file>
         <name>cpy_tbl.c.obj</name>
      </input_file>
      <input_file id="fl-e9">
         <path>C:\TI\ccs\tools\compiler\ti-cgt-arm_20.2.5.LTS\lib\</path>
         <kind>archive</kind>
         <file>rtsv7M4_T_le_v4SPD16_eabi.lib</file>
         <name>exit.c.obj</name>
      </input_file>
      <input_file id="fl-ea">
         <path>C:\TI\ccs\tools\compiler\ti-cgt-arm_20.2.5.LTS\lib\</path>
         <kind>archive</kind>
         <file>rtsv7M4_T_le_v4SPD16_eabi.lib</file>
         <name>_lock.c.obj</name>
      </input_file>
      <input_file id="fl-eb">
         <path>C:\TI\ccs\tools\compiler\ti-cgt-arm_20.2.5.LTS\lib\</path>
         <kind>archive</kind>
         <file>rtsv7M4_T_le_v4SPD16_eabi.lib</file>
         <name>args_main.c.obj</name>
      </input_file>
   </input_file_list>
   <object_component_list>
      <object_component id="oc-13">
         <name>.intvecs:retain</name>
         <load_address>0x0</load_address>
         <run_address>0x0</run_address>
         <size>0x138</size>
         <input_file_ref idref="fl-20"/>
      </object_component>
      <object_component id="oc-575">
         <name>.text:xQueueGenericSend</name>
         <load_address>0x138</load_address>
         <run_address>0x138</run_address>
         <size>0x194</size>
         <input_file_ref idref="fl-6"/>
      </object_component>
      <object_component id="oc-da">
         <name>.text:_system_pre_init</name>
         <load_address>0x2cc</load_address>
         <run_address>0x2cc</run_address>
         <size>0x4</size>
         <input_file_ref idref="fl-e7"/>
      </object_component>
      <object_component id="oc-52d">
         <name>.text:xQueueReceive</name>
         <load_address>0x2d0</load_address>
         <run_address>0x2d0</run_address>
         <size>0x164</size>
         <input_file_ref idref="fl-6"/>
      </object_component>
      <object_component id="oc-151">
         <name>.text:abort:abort</name>
         <load_address>0x434</load_address>
         <run_address>0x434</run_address>
         <size>0x4</size>
         <input_file_ref idref="fl-e9"/>
      </object_component>
      <object_component id="oc-5ad">
         <name>.text:CS_getDCOFrequency</name>
         <load_address>0x438</load_address>
         <run_address>0x438</run_address>
         <size>0x148</size>
         <input_file_ref idref="fl-f"/>
      </object_component>
      <object_component id="oc-a2">
         <name>.text:xTaskIncrementTick</name>
         <load_address>0x580</load_address>
         <run_address>0x580</run_address>
         <size>0x148</size>
         <input_file_ref idref="fl-8"/>
      </object_component>
      <object_component id="oc-2cd">
         <name>.text:play_song</name>
         <load_address>0x6c8</load_address>
         <run_address>0x6c8</run_address>
         <size>0x138</size>
         <input_file_ref idref="fl-1f"/>
      </object_component>
      <object_component id="oc-3b8">
         <name>.text:vPortSuppressTicksAndSleep</name>
         <load_address>0x800</load_address>
         <run_address>0x800</run_address>
         <size>0x134</size>
         <input_file_ref idref="fl-a"/>
      </object_component>
      <object_component id="oc-26e">
         <name>.text:pvPortMalloc</name>
         <load_address>0x938</load_address>
         <run_address>0x938</run_address>
         <size>0x12c</size>
         <input_file_ref idref="fl-c"/>
      </object_component>
      <object_component id="oc-265">
         <name>.text:CS_initClockSignal</name>
         <load_address>0xa68</load_address>
         <run_address>0xa68</run_address>
         <size>0x11c</size>
         <input_file_ref idref="fl-f"/>
      </object_component>
      <object_component id="oc-534">
         <name>.text:_CSComputeCLKFrequency</name>
         <load_address>0xb88</load_address>
         <run_address>0xb88</run_address>
         <size>0x114</size>
         <input_file_ref idref="fl-f"/>
      </object_component>
      <object_component id="oc-360">
         <name>.text:xTaskResumeAll</name>
         <load_address>0xca0</load_address>
         <run_address>0xca0</run_address>
         <size>0x10c</size>
         <input_file_ref idref="fl-8"/>
      </object_component>
      <object_component id="oc-4f3">
         <name>.text:__PCM_setPowerModeAdvanced</name>
         <load_address>0xdb0</load_address>
         <run_address>0xdb0</run_address>
         <size>0x108</size>
         <input_file_ref idref="fl-14"/>
      </object_component>
      <object_component id="oc-2da">
         <name>.text:dcMotor_response</name>
         <load_address>0xeb8</load_address>
         <run_address>0xeb8</run_address>
         <size>0x106</size>
         <input_file_ref idref="fl-1d"/>
      </object_component>
      <object_component id="oc-49c">
         <name>.text:prvProcessReceivedCommands</name>
         <load_address>0xfc0</load_address>
         <run_address>0xfc0</run_address>
         <size>0x100</size>
         <input_file_ref idref="fl-9"/>
      </object_component>
      <object_component id="oc-2f3">
         <name>.text:vTaskSuspend</name>
         <load_address>0x10c0</load_address>
         <run_address>0x10c0</run_address>
         <size>0xf0</size>
         <input_file_ref idref="fl-8"/>
      </object_component>
      <object_component id="oc-14a">
         <name>.text:main_program</name>
         <load_address>0x11b0</load_address>
         <run_address>0x11b0</run_address>
         <size>0xec</size>
         <input_file_ref idref="fl-d"/>
      </object_component>
      <object_component id="oc-415">
         <name>.text:vTaskPrioritySet</name>
         <load_address>0x12a0</load_address>
         <run_address>0x12a0</run_address>
         <size>0xdc</size>
         <input_file_ref idref="fl-8"/>
      </object_component>
      <object_component id="oc-28d">
         <name>.text:xPortStartScheduler</name>
         <load_address>0x1380</load_address>
         <run_address>0x1380</run_address>
         <size>0xdc</size>
         <input_file_ref idref="fl-a"/>
      </object_component>
      <object_component id="oc-40">
         <name>.text</name>
         <load_address>0x145c</load_address>
         <run_address>0x145c</run_address>
         <size>0xda</size>
         <input_file_ref idref="fl-b"/>
      </object_component>
      <object_component id="oc-21f">
         <name>.text:taskReadInputSwitch</name>
         <load_address>0x1538</load_address>
         <run_address>0x1538</run_address>
         <size>0xd8</size>
         <input_file_ref idref="fl-d"/>
      </object_component>
      <object_component id="oc-2b2">
         <name>.text:vTaskDelete</name>
         <load_address>0x1610</load_address>
         <run_address>0x1610</run_address>
         <size>0xd4</size>
         <input_file_ref idref="fl-8"/>
      </object_component>
      <object_component id="oc-345">
         <name>.text:__PCM_setCoreVoltageLevelAdvanced</name>
         <load_address>0x16e8</load_address>
         <run_address>0x16e8</run_address>
         <size>0xd0</size>
         <input_file_ref idref="fl-14"/>
      </object_component>
      <object_component id="oc-57b">
         <name>.text:xQueueGenericSendFromISR</name>
         <load_address>0x17b8</load_address>
         <run_address>0x17b8</run_address>
         <size>0xce</size>
         <input_file_ref idref="fl-6"/>
      </object_component>
      <object_component id="oc-5f9">
         <name>.text:xTaskPriorityDisinherit</name>
         <load_address>0x1888</load_address>
         <run_address>0x1888</run_address>
         <size>0xc8</size>
         <input_file_ref idref="fl-8"/>
      </object_component>
      <object_component id="oc-27a">
         <name>.text:prvInitialiseNewTask</name>
         <load_address>0x1950</load_address>
         <run_address>0x1950</run_address>
         <size>0xc6</size>
         <input_file_ref idref="fl-8"/>
      </object_component>
      <object_component id="oc-9b">
         <name>.text:vTaskSwitchContext</name>
         <load_address>0x1a18</load_address>
         <run_address>0x1a18</run_address>
         <size>0xb8</size>
         <input_file_ref idref="fl-8"/>
      </object_component>
      <object_component id="oc-280">
         <name>.text:prvAddNewTaskToReadyList</name>
         <load_address>0x1ad0</load_address>
         <run_address>0x1ad0</run_address>
         <size>0xb4</size>
         <input_file_ref idref="fl-8"/>
      </object_component>
      <object_component id="oc-59">
         <name>.text</name>
         <load_address>0x1b84</load_address>
         <run_address>0x1b84</run_address>
         <size>0x9c</size>
         <input_file_ref idref="fl-dc"/>
      </object_component>
      <object_component id="oc-5a0">
         <name>.text:xTaskRemoveFromEventList</name>
         <load_address>0x1c20</load_address>
         <run_address>0x1c20</run_address>
         <size>0x9c</size>
         <input_file_ref idref="fl-8"/>
      </object_component>
      <object_component id="oc-554">
         <name>.text:prvSwitchTimerLists</name>
         <load_address>0x1cc0</load_address>
         <run_address>0x1cc0</run_address>
         <size>0x94</size>
         <input_file_ref idref="fl-9"/>
      </object_component>
      <object_component id="oc-594">
         <name>.text:xTaskCheckForTimeOut</name>
         <load_address>0x1d58</load_address>
         <run_address>0x1d58</run_address>
         <size>0x94</size>
         <input_file_ref idref="fl-8"/>
      </object_component>
      <object_component id="oc-547">
         <name>.text:xQueueGenericReset</name>
         <load_address>0x1df0</load_address>
         <run_address>0x1df0</run_address>
         <size>0x90</size>
         <input_file_ref idref="fl-6"/>
      </object_component>
      <object_component id="oc-2e1">
         <name>.text:vTaskResume</name>
         <load_address>0x1e80</load_address>
         <run_address>0x1e80</run_address>
         <size>0x8c</size>
         <input_file_ref idref="fl-8"/>
      </object_component>
      <object_component id="oc-53f">
         <name>.text:prvAddCurrentTaskToDelayedList</name>
         <load_address>0x1f10</load_address>
         <run_address>0x1f10</run_address>
         <size>0x88</size>
         <input_file_ref idref="fl-8"/>
      </object_component>
      <object_component id="oc-1fa">
         <name>.text:vTaskStartScheduler</name>
         <load_address>0x1f98</load_address>
         <run_address>0x1f98</run_address>
         <size>0x84</size>
         <input_file_ref idref="fl-8"/>
      </object_component>
      <object_component id="oc-2fd">
         <name>.text:outputLED_response</name>
         <load_address>0x2020</load_address>
         <run_address>0x2020</run_address>
         <size>0x7c</size>
         <input_file_ref idref="fl-1e"/>
      </object_component>
      <object_component id="oc-293">
         <name>.text:prvIdleTask</name>
         <load_address>0x20a0</load_address>
         <run_address>0x20a0</run_address>
         <size>0x7c</size>
         <input_file_ref idref="fl-8"/>
      </object_component>
      <object_component id="oc-274">
         <name>.text:vPortFree</name>
         <load_address>0x2120</load_address>
         <run_address>0x2120</run_address>
         <size>0x7c</size>
         <input_file_ref idref="fl-c"/>
      </object_component>
      <object_component id="oc-d4">
         <name>.text</name>
         <load_address>0x219c</load_address>
         <run_address>0x219c</run_address>
         <size>0x7a</size>
         <input_file_ref idref="fl-de"/>
      </object_component>
      <object_component id="oc-527">
         <name>.text:xTimerGenericCommand</name>
         <load_address>0x2218</load_address>
         <run_address>0x2218</run_address>
         <size>0x74</size>
         <input_file_ref idref="fl-9"/>
      </object_component>
      <object_component id="oc-5d1">
         <name>.text:prvCopyDataToQueue</name>
         <load_address>0x2290</load_address>
         <run_address>0x2290</run_address>
         <size>0x70</size>
         <input_file_ref idref="fl-6"/>
      </object_component>
      <object_component id="oc-354">
         <name>.text:prvHeapInit</name>
         <load_address>0x2300</load_address>
         <run_address>0x2300</run_address>
         <size>0x70</size>
         <input_file_ref idref="fl-c"/>
      </object_component>
      <object_component id="oc-388">
         <name>.text:prvInitialiseTaskLists</name>
         <load_address>0x2370</load_address>
         <run_address>0x2370</run_address>
         <size>0x70</size>
         <input_file_ref idref="fl-8"/>
      </object_component>
      <object_component id="oc-496">
         <name>.text:prvProcessTimerOrBlockTask</name>
         <load_address>0x23e0</load_address>
         <run_address>0x23e0</run_address>
         <size>0x70</size>
         <input_file_ref idref="fl-9"/>
      </object_component>
      <object_component id="oc-560">
         <name>.text:prvUnlockQueue</name>
         <load_address>0x2450</load_address>
         <run_address>0x2450</run_address>
         <size>0x6c</size>
         <input_file_ref idref="fl-6"/>
      </object_component>
      <object_component id="oc-8b">
         <name>.text:SystemInit</name>
         <load_address>0x24c0</load_address>
         <run_address>0x24c0</run_address>
         <size>0x68</size>
         <input_file_ref idref="fl-22"/>
      </object_component>
      <object_component id="oc-16">
         <name>.text:decompress:lzss:__TI_decompress_lzss</name>
         <load_address>0x2528</load_address>
         <run_address>0x2528</run_address>
         <size>0x68</size>
         <input_file_ref idref="fl-e1"/>
      </object_component>
      <object_component id="oc-35a">
         <name>.text:prvInsertBlockIntoFreeList</name>
         <load_address>0x2590</load_address>
         <run_address>0x2590</run_address>
         <size>0x68</size>
         <input_file_ref idref="fl-c"/>
      </object_component>
      <object_component id="oc-3a8">
         <name>.text:vPortSetupTimerInterrupt</name>
         <load_address>0x25f8</load_address>
         <run_address>0x25f8</run_address>
         <size>0x68</size>
         <input_file_ref idref="fl-a"/>
      </object_component>
      <object_component id="oc-1f4">
         <name>.text:xTaskCreate</name>
         <load_address>0x2660</load_address>
         <run_address>0x2660</run_address>
         <size>0x68</size>
         <input_file_ref idref="fl-8"/>
      </object_component>
      <object_component id="oc-5d8">
         <name>.text:vPortValidateInterruptPriority</name>
         <load_address>0x26c8</load_address>
         <run_address>0x26c8</run_address>
         <size>0x64</size>
         <input_file_ref idref="fl-a"/>
      </object_component>
      <object_component id="oc-51a">
         <name>.text:prvProcessExpiredTimer</name>
         <load_address>0x2730</load_address>
         <run_address>0x2730</run_address>
         <size>0x60</size>
         <input_file_ref idref="fl-9"/>
      </object_component>
      <object_component id="oc-287">
         <name>.text:xTimerCreateTimerTask</name>
         <load_address>0x2790</load_address>
         <run_address>0x2790</run_address>
         <size>0x58</size>
         <input_file_ref idref="fl-9"/>
      </object_component>
      <object_component id="oc-5ec">
         <name>.text:SysCtl_getTLVInfo</name>
         <load_address>0x27e8</load_address>
         <run_address>0x27e8</run_address>
         <size>0x54</size>
         <input_file_ref idref="fl-15"/>
      </object_component>
      <object_component id="oc-3db">
         <name>.text:beep</name>
         <load_address>0x2840</load_address>
         <run_address>0x2840</run_address>
         <size>0x54</size>
         <input_file_ref idref="fl-1f"/>
      </object_component>
      <object_component id="oc-401">
         <name>.text:dcMotor_Left</name>
         <load_address>0x2898</load_address>
         <run_address>0x2898</run_address>
         <size>0x54</size>
         <input_file_ref idref="fl-1d"/>
      </object_component>
      <object_component id="oc-3f5">
         <name>.text:dcMotor_Right</name>
         <load_address>0x28f0</load_address>
         <run_address>0x28f0</run_address>
         <size>0x54</size>
         <input_file_ref idref="fl-1d"/>
      </object_component>
      <object_component id="oc-3be">
         <name>.text:prvCheckTasksWaitingTermination</name>
         <load_address>0x2948</load_address>
         <run_address>0x2948</run_address>
         <size>0x54</size>
         <input_file_ref idref="fl-8"/>
      </object_component>
      <object_component id="oc-521">
         <name>.text:prvInsertTimerInActiveList</name>
         <load_address>0x29a0</load_address>
         <run_address>0x29a0</run_address>
         <size>0x54</size>
         <input_file_ref idref="fl-9"/>
      </object_component>
      <object_component id="oc-203">
         <name>.text:taskMasterThread</name>
         <load_address>0x29f8</load_address>
         <run_address>0x29f8</run_address>
         <size>0x54</size>
         <input_file_ref idref="fl-d"/>
      </object_component>
      <object_component id="oc-4dd">
         <name>.text:vTaskDelay</name>
         <load_address>0x2a50</load_address>
         <run_address>0x2a50</run_address>
         <size>0x54</size>
         <input_file_ref idref="fl-8"/>
      </object_component>
      <object_component id="oc-5a7">
         <name>.text:_CSGetDividerValue</name>
         <load_address>0x2aa8</load_address>
         <run_address>0x2aa8</run_address>
         <size>0x52</size>
         <input_file_ref idref="fl-f"/>
      </object_component>
      <object_component id="oc-2b9">
         <name>.text:BumpSwitch_Init</name>
         <load_address>0x2b00</load_address>
         <run_address>0x2b00</run_address>
         <size>0x50</size>
         <input_file_ref idref="fl-1c"/>
      </object_component>
      <object_component id="oc-440">
         <name>.text:PCM_getCoreVoltageLevel</name>
         <load_address>0x2b50</load_address>
         <run_address>0x2b50</run_address>
         <size>0x50</size>
         <input_file_ref idref="fl-14"/>
      </object_component>
      <object_component id="oc-5e6">
         <name>.text:_CSGetDOCFrequency</name>
         <load_address>0x2ba0</load_address>
         <run_address>0x2ba0</run_address>
         <size>0x50</size>
         <input_file_ref idref="fl-f"/>
      </object_component>
      <object_component id="oc-3b2">
         <name>.text:prvGetExpectedIdleTime</name>
         <load_address>0x2bf0</load_address>
         <run_address>0x2bf0</run_address>
         <size>0x50</size>
         <input_file_ref idref="fl-8"/>
      </object_component>
      <object_component id="oc-3fb">
         <name>.text:dcMotor_Forward</name>
         <load_address>0x2c40</load_address>
         <run_address>0x2c40</run_address>
         <size>0x4c</size>
         <input_file_ref idref="fl-1d"/>
      </object_component>
      <object_component id="oc-2d4">
         <name>.text:dcMotor_Init</name>
         <load_address>0x2c90</load_address>
         <run_address>0x2c90</run_address>
         <size>0x4c</size>
         <input_file_ref idref="fl-1d"/>
      </object_component>
      <object_component id="oc-395">
         <name>.text:prvCheckForValidListAndQueue</name>
         <load_address>0x2ce0</load_address>
         <run_address>0x2ce0</run_address>
         <size>0x4c</size>
         <input_file_ref idref="fl-9"/>
      </object_component>
      <object_component id="oc-480">
         <name>.text:xQueueGenericCreate</name>
         <load_address>0x2d30</load_address>
         <run_address>0x2d30</run_address>
         <size>0x4c</size>
         <input_file_ref idref="fl-6"/>
      </object_component>
      <object_component id="oc-1e2">
         <name>.text:prvConfigureClocks</name>
         <load_address>0x2d80</load_address>
         <run_address>0x2d80</run_address>
         <size>0x4a</size>
         <input_file_ref idref="fl-d"/>
      </object_component>
      <object_component id="oc-3e9">
         <name>.text:dcMotor_Backward</name>
         <load_address>0x2dd0</load_address>
         <run_address>0x2dd0</run_address>
         <size>0x48</size>
         <input_file_ref idref="fl-1d"/>
      </object_component>
      <object_component id="oc-514">
         <name>.text:vQueueWaitForMessageRestricted</name>
         <load_address>0x2e18</load_address>
         <run_address>0x2e18</run_address>
         <size>0x48</size>
         <input_file_ref idref="fl-6"/>
      </object_component>
      <object_component id="oc-2a6">
         <name>.text:ColorLED_Init</name>
         <load_address>0x2e60</load_address>
         <run_address>0x2e60</run_address>
         <size>0x44</size>
         <input_file_ref idref="fl-1e"/>
      </object_component>
      <object_component id="oc-15d">
         <name>.text:__TI_auto_init_nobinit_nopinit:__TI_auto_init_nobinit_nopinit</name>
         <load_address>0x2ea4</load_address>
         <run_address>0x2ea4</run_address>
         <size>0x44</size>
         <input_file_ref idref="fl-e6"/>
      </object_component>
      <object_component id="oc-55a">
         <name>.text:vTaskPlaceOnEventListRestricted</name>
         <load_address>0x2ee8</load_address>
         <run_address>0x2ee8</run_address>
         <size>0x40</size>
         <input_file_ref idref="fl-8"/>
      </object_component>
      <object_component id="oc-1e8">
         <name>.text:Switch_Init</name>
         <load_address>0x2f28</load_address>
         <run_address>0x2f28</run_address>
         <size>0x3c</size>
         <input_file_ref idref="fl-d"/>
      </object_component>
      <object_component id="oc-4b1">
         <name>.text:eTaskConfirmSleepModeStatus</name>
         <load_address>0x2f68</load_address>
         <run_address>0x2f68</run_address>
         <size>0x3c</size>
         <input_file_ref idref="fl-8"/>
      </object_component>
      <object_component id="oc-408">
         <name>.text:prvTaskIsTaskSuspended</name>
         <load_address>0x2fa8</load_address>
         <run_address>0x2fa8</run_address>
         <size>0x3c</size>
         <input_file_ref idref="fl-8"/>
      </object_component>
      <object_component id="oc-382">
         <name>.text:vPortEnterCritical</name>
         <load_address>0x2fe8</load_address>
         <run_address>0x2fe8</run_address>
         <size>0x3c</size>
         <input_file_ref idref="fl-a"/>
      </object_component>
      <object_component id="oc-43a">
         <name>.text:PCM_getPowerMode</name>
         <load_address>0x3028</load_address>
         <run_address>0x3028</run_address>
         <size>0x3a</size>
         <input_file_ref idref="fl-14"/>
      </object_component>
      <object_component id="oc-46a">
         <name>.text:prvTaskExitError</name>
         <load_address>0x3068</load_address>
         <run_address>0x3068</run_address>
         <size>0x38</size>
         <input_file_ref idref="fl-a"/>
      </object_component>
      <object_component id="oc-588">
         <name>.text:vTaskPlaceOnEventList</name>
         <load_address>0x30a0</load_address>
         <run_address>0x30a0</run_address>
         <size>0x38</size>
         <input_file_ref idref="fl-8"/>
      </object_component>
      <object_component id="oc-77">
         <name>.text:_c_int00_noargs:_c_int00_noargs</name>
         <load_address>0x30d8</load_address>
         <run_address>0x30d8</run_address>
         <size>0x34</size>
         <input_file_ref idref="fl-e4"/>
      </object_component>
      <object_component id="oc-568">
         <name>.text:vListInsert</name>
         <load_address>0x3110</load_address>
         <run_address>0x3110</run_address>
         <size>0x34</size>
         <input_file_ref idref="fl-5"/>
      </object_component>
      <object_component id="oc-4bd">
         <name>.text:vTaskStepTick</name>
         <load_address>0x3148</load_address>
         <run_address>0x3148</run_address>
         <size>0x34</size>
         <input_file_ref idref="fl-8"/>
      </object_component>
      <object_component id="oc-253">
         <name>.text:FlashCtl_setWaitState</name>
         <load_address>0x3180</load_address>
         <run_address>0x3180</run_address>
         <size>0x30</size>
         <input_file_ref idref="fl-10"/>
      </object_component>
      <object_component id="oc-10d">
         <name>.text:prvResetNextTaskUnblockTime</name>
         <load_address>0x31b0</load_address>
         <run_address>0x31b0</run_address>
         <size>0x30</size>
         <input_file_ref idref="fl-8"/>
      </object_component>
      <object_component id="oc-38e">
         <name>.text:vPortExitCritical</name>
         <load_address>0x31e0</load_address>
         <run_address>0x31e0</run_address>
         <size>0x30</size>
         <input_file_ref idref="fl-a"/>
      </object_component>
      <object_component id="oc-25f">
         <name>.text:CS_setDCOCenteredFrequency</name>
         <load_address>0x3210</load_address>
         <run_address>0x3210</run_address>
         <size>0x2c</size>
         <input_file_ref idref="fl-f"/>
      </object_component>
      <object_component id="oc-2c7">
         <name>.text:init_song_pwm</name>
         <load_address>0x3240</load_address>
         <run_address>0x3240</run_address>
         <size>0x2c</size>
         <input_file_ref idref="fl-1f"/>
      </object_component>
      <object_component id="oc-512">
         <name>.text:prvSampleTimeNow</name>
         <load_address>0x3270</load_address>
         <run_address>0x3270</run_address>
         <size>0x2c</size>
         <input_file_ref idref="fl-9"/>
      </object_component>
      <object_component id="oc-37b">
         <name>.text:pxPortInitialiseStack</name>
         <load_address>0x32a0</load_address>
         <run_address>0x32a0</run_address>
         <size>0x2c</size>
         <input_file_ref idref="fl-a"/>
      </object_component>
      <object_component id="oc-45">
         <name>.text:xPortSysTickHandler</name>
         <load_address>0x32d0</load_address>
         <run_address>0x32d0</run_address>
         <size>0x2c</size>
         <input_file_ref idref="fl-a"/>
      </object_component>
      <object_component id="oc-2ac">
         <name>.text:RedLED_Init</name>
         <load_address>0x3300</load_address>
         <run_address>0x3300</run_address>
         <size>0x28</size>
         <input_file_ref idref="fl-1e"/>
      </object_component>
      <object_component id="oc-59a">
         <name>.text:prvCopyDataFromQueue</name>
         <load_address>0x3328</load_address>
         <run_address>0x3328</run_address>
         <size>0x28</size>
         <input_file_ref idref="fl-6"/>
      </object_component>
      <object_component id="oc-113">
         <name>.text:uxListRemove</name>
         <load_address>0x3350</load_address>
         <run_address>0x3350</run_address>
         <size>0x26</size>
         <input_file_ref idref="fl-5"/>
      </object_component>
      <object_component id="oc-5b3">
         <name>.text:CS_clearInterruptFlag</name>
         <load_address>0x3378</load_address>
         <run_address>0x3378</run_address>
         <size>0x24</size>
         <input_file_ref idref="fl-f"/>
      </object_component>
      <object_component id="oc-3ef">
         <name>.text:dcMotor_Stop</name>
         <load_address>0x33a0</load_address>
         <run_address>0x33a0</run_address>
         <size>0x24</size>
         <input_file_ref idref="fl-1d"/>
      </object_component>
      <object_component id="oc-490">
         <name>.text:prvGetNextExpireTime</name>
         <load_address>0x33c8</load_address>
         <run_address>0x33c8</run_address>
         <size>0x24</size>
         <input_file_ref idref="fl-9"/>
      </object_component>
      <object_component id="oc-56f">
         <name>.text:xTaskGetSchedulerState</name>
         <load_address>0x33f0</load_address>
         <run_address>0x33f0</run_address>
         <size>0x20</size>
         <input_file_ref idref="fl-8"/>
      </object_component>
      <object_component id="oc-504">
         <name>.text:prvInitialiseNewQueue</name>
         <load_address>0x3410</load_address>
         <run_address>0x3410</run_address>
         <size>0x1e</size>
         <input_file_ref idref="fl-6"/>
      </object_component>
      <object_component id="oc-5cb">
         <name>.text:prvIsQueueFull</name>
         <load_address>0x3430</load_address>
         <run_address>0x3430</run_address>
         <size>0x1e</size>
         <input_file_ref idref="fl-6"/>
      </object_component>
      <object_component id="oc-472">
         <name>.text:vListInitialise</name>
         <load_address>0x3450</load_address>
         <run_address>0x3450</run_address>
         <size>0x1e</size>
         <input_file_ref idref="fl-5"/>
      </object_component>
      <object_component id="oc-20a">
         <name>.text:taskBumpSwitch</name>
         <load_address>0x3470</load_address>
         <run_address>0x3470</run_address>
         <size>0x1c</size>
         <input_file_ref idref="fl-d"/>
      </object_component>
      <object_component id="oc-226">
         <name>.text:taskDisplayOutputLED</name>
         <load_address>0x3490</load_address>
         <run_address>0x3490</run_address>
         <size>0x1c</size>
         <input_file_ref idref="fl-d"/>
      </object_component>
      <object_component id="oc-218">
         <name>.text:taskdcMotor</name>
         <load_address>0x34b0</load_address>
         <run_address>0x34b0</run_address>
         <size>0x1c</size>
         <input_file_ref idref="fl-d"/>
      </object_component>
      <object_component id="oc-40f">
         <name>.text:uxTaskPriorityGet</name>
         <load_address>0x34d0</load_address>
         <run_address>0x34d0</run_address>
         <size>0x1c</size>
         <input_file_ref idref="fl-8"/>
      </object_component>
      <object_component id="oc-3e1">
         <name>.text:delay_ms</name>
         <load_address>0x34f0</load_address>
         <run_address>0x34f0</run_address>
         <size>0x1a</size>
         <input_file_ref idref="fl-1f"/>
      </object_component>
      <object_component id="oc-582">
         <name>.text:prvIsQueueEmpty</name>
         <load_address>0x3510</load_address>
         <run_address>0x3510</run_address>
         <size>0x1a</size>
         <input_file_ref idref="fl-6"/>
      </object_component>
      <object_component id="oc-39b">
         <name>.text:prvTimerTask</name>
         <load_address>0x3530</load_address>
         <run_address>0x3530</run_address>
         <size>0x1a</size>
         <input_file_ref idref="fl-9"/>
      </object_component>
      <object_component id="oc-4a7">
         <name>.text:CS_getMCLK</name>
         <load_address>0x3550</load_address>
         <run_address>0x3550</run_address>
         <size>0x18</size>
         <input_file_ref idref="fl-f"/>
      </object_component>
      <object_component id="oc-1ee">
         <name>.text:SysTick_Init</name>
         <load_address>0x3568</load_address>
         <run_address>0x3568</run_address>
         <size>0x18</size>
         <input_file_ref idref="fl-1b"/>
      </object_component>
      <object_component id="oc-28">
         <name>.text:resetISR</name>
         <load_address>0x3580</load_address>
         <run_address>0x3580</run_address>
         <size>0x18</size>
         <input_file_ref idref="fl-20"/>
      </object_component>
      <object_component id="oc-119">
         <name>.text:vListInsertEnd</name>
         <load_address>0x3598</load_address>
         <run_address>0x3598</run_address>
         <size>0x18</size>
         <input_file_ref idref="fl-5"/>
      </object_component>
      <object_component id="oc-58e">
         <name>.text:vTaskInternalSetTimeOutState</name>
         <load_address>0x35b0</load_address>
         <run_address>0x35b0</run_address>
         <size>0x18</size>
         <input_file_ref idref="fl-8"/>
      </object_component>
      <object_component id="oc-423">
         <name>.text:Port2_Output2</name>
         <load_address>0x35c8</load_address>
         <run_address>0x35c8</run_address>
         <size>0x14</size>
         <input_file_ref idref="fl-1e"/>
      </object_component>
      <object_component id="oc-4d5">
         <name>.text:delay_us</name>
         <load_address>0x35e0</load_address>
         <run_address>0x35e0</run_address>
         <size>0x14</size>
         <input_file_ref idref="fl-1f"/>
      </object_component>
      <object_component id="oc-144">
         <name>.text:prvSetupHardware</name>
         <load_address>0x35f8</load_address>
         <run_address>0x35f8</run_address>
         <size>0x14</size>
         <input_file_ref idref="fl-2"/>
      </object_component>
      <object_component id="oc-3ce">
         <name>.text:prvDeleteTCB</name>
         <load_address>0x3610</load_address>
         <run_address>0x3610</run_address>
         <size>0x12</size>
         <input_file_ref idref="fl-8"/>
      </object_component>
      <object_component id="oc-2ed">
         <name>.text:taskPriorityDecre</name>
         <load_address>0x3628</load_address>
         <run_address>0x3628</run_address>
         <size>0x12</size>
         <input_file_ref idref="fl-d"/>
      </object_component>
      <object_component id="oc-2e7">
         <name>.text:taskPriorityIncre</name>
         <load_address>0x3640</load_address>
         <run_address>0x3640</run_address>
         <size>0x12</size>
         <input_file_ref idref="fl-d"/>
      </object_component>
      <object_component id="oc-366">
         <name>.text:vApplicationMallocFailedHook</name>
         <load_address>0x3658</load_address>
         <run_address>0x3658</run_address>
         <size>0x12</size>
         <input_file_ref idref="fl-2"/>
      </object_component>
      <object_component id="oc-103">
         <name>.text:vApplicationStackOverflowHook</name>
         <load_address>0x3670</load_address>
         <run_address>0x3670</run_address>
         <size>0x12</size>
         <input_file_ref idref="fl-2"/>
      </object_component>
      <object_component id="oc-2bf">
         <name>.text:Bump_Read_Input</name>
         <load_address>0x3688</load_address>
         <run_address>0x3688</run_address>
         <size>0x10</size>
         <input_file_ref idref="fl-1c"/>
      </object_component>
      <object_component id="oc-1db">
         <name>.text:FPU_enableModule</name>
         <load_address>0x3698</load_address>
         <run_address>0x3698</run_address>
         <size>0x10</size>
         <input_file_ref idref="fl-11"/>
      </object_component>
      <object_component id="oc-34e">
         <name>.text:vTaskSuspendAll</name>
         <load_address>0x36a8</load_address>
         <run_address>0x36a8</run_address>
         <size>0x10</size>
         <input_file_ref idref="fl-8"/>
      </object_component>
      <object_component id="oc-1c">
         <name>.text:decompress:none:__TI_decompress_none</name>
         <load_address>0x36b8</load_address>
         <run_address>0x36b8</run_address>
         <size>0xe</size>
         <input_file_ref idref="fl-e0"/>
      </object_component>
      <object_component id="oc-e0">
         <name>.text:main</name>
         <load_address>0x36c8</load_address>
         <run_address>0x36c8</run_address>
         <size>0xe</size>
         <input_file_ref idref="fl-2"/>
      </object_component>
      <object_component id="oc-211">
         <name>.text:taskPlaySong</name>
         <load_address>0x36d8</load_address>
         <run_address>0x36d8</run_address>
         <size>0xe</size>
         <input_file_ref idref="fl-d"/>
      </object_component>
      <object_component id="oc-446">
         <name>.text:PCM_getPowerState</name>
         <load_address>0x36e8</load_address>
         <run_address>0x36e8</run_address>
         <size>0xc</size>
         <input_file_ref idref="fl-14"/>
      </object_component>
      <object_component id="oc-6b">
         <name>.text:decompress:ZI:__TI_zero_init</name>
         <load_address>0x36f4</load_address>
         <run_address>0x36f4</run_address>
         <size>0xc</size>
         <input_file_ref idref="fl-df"/>
      </object_component>
      <object_component id="oc-5c2">
         <name>.text:vTaskMissedYield</name>
         <load_address>0x3700</load_address>
         <run_address>0x3700</run_address>
         <size>0xc</size>
         <input_file_ref idref="fl-8"/>
      </object_component>
      <object_component id="oc-54e">
         <name>.text:xTaskGetTickCount</name>
         <load_address>0x3710</load_address>
         <run_address>0x3710</run_address>
         <size>0xc</size>
         <input_file_ref idref="fl-8"/>
      </object_component>
      <object_component id="oc-259">
         <name>.text:PCM_setCoreVoltageLevel</name>
         <load_address>0x3720</load_address>
         <run_address>0x3720</run_address>
         <size>0x8</size>
         <input_file_ref idref="fl-14"/>
      </object_component>
      <object_component id="oc-44c">
         <name>.text:PCM_setPowerMode</name>
         <load_address>0x3728</load_address>
         <run_address>0x3728</run_address>
         <size>0x8</size>
         <input_file_ref idref="fl-14"/>
      </object_component>
      <object_component id="oc-375">
         <name>.text:vListInitialiseItem</name>
         <load_address>0x3730</load_address>
         <run_address>0x3730</run_address>
         <size>0x6</size>
         <input_file_ref idref="fl-5"/>
      </object_component>
      <object_component id="oc-3a">
         <name>.text:defaultISR</name>
         <load_address>0x3738</load_address>
         <run_address>0x3738</run_address>
         <size>0x2</size>
         <input_file_ref idref="fl-20"/>
      </object_component>
      <object_component id="oc-34">
         <name>.text:faultISR</name>
         <load_address>0x3740</load_address>
         <run_address>0x3740</run_address>
         <size>0x2</size>
         <input_file_ref idref="fl-20"/>
      </object_component>
      <object_component id="oc-2e">
         <name>.text:nmiISR</name>
         <load_address>0x3748</load_address>
         <run_address>0x3748</run_address>
         <size>0x2</size>
         <input_file_ref idref="fl-20"/>
      </object_component>
      <object_component id="oc-3c4">
         <name>.text:vApplicationIdleHook</name>
         <load_address>0x3750</load_address>
         <run_address>0x3750</run_address>
         <size>0x2</size>
         <input_file_ref idref="fl-2"/>
      </object_component>
      <object_component id="oc-11f">
         <name>.text:vApplicationTickHook</name>
         <load_address>0x3758</load_address>
         <run_address>0x3758</run_address>
         <size>0x2</size>
         <input_file_ref idref="fl-d"/>
      </object_component>
      <object_component id="oc-4b7">
         <name>.text:vPreSleepProcessing</name>
         <load_address>0x3760</load_address>
         <run_address>0x3760</run_address>
         <size>0x2</size>
         <input_file_ref idref="fl-d"/>
      </object_component>
      <object_component id="oc-98">
         <name>.const</name>
         <load_address>0x3764</load_address>
         <run_address>0x3764</run_address>
         <size>0x8</size>
         <input_file_ref idref="fl-a"/>
      </object_component>
      <object_component id="oc-639">
         <name>.cinit..data.load</name>
         <load_address>0x3770</load_address>
         <run_address>0x3770</run_address>
         <size>0x14</size>
      </object_component>
      <object_component id="oc-637">
         <name>__TI_handler_table</name>
         <load_address>0x3784</load_address>
         <run_address>0x3784</run_address>
         <size>0xc</size>
      </object_component>
      <object_component id="oc-63a">
         <name>.cinit..bss.load</name>
         <load_address>0x3790</load_address>
         <run_address>0x3790</run_address>
         <size>0x8</size>
      </object_component>
      <object_component id="oc-638">
         <name>__TI_cinit_table</name>
         <load_address>0x3798</load_address>
         <run_address>0x3798</run_address>
         <size>0x10</size>
      </object_component>
      <object_component id="oc-95">
         <name>.data</name>
         <load_address>0x2000c92c</load_address>
         <run_address>0x2000c92c</run_address>
         <size>0x34</size>
         <input_file_ref idref="fl-8"/>
      </object_component>
      <object_component id="oc-3a1">
         <name>.data</name>
         <load_address>0x2000c988</load_address>
         <run_address>0x2000c988</run_address>
         <size>0xc</size>
         <input_file_ref idref="fl-9"/>
      </object_component>
      <object_component id="oc-3ae">
         <name>.data</name>
         <load_address>0x2000c960</load_address>
         <run_address>0x2000c960</run_address>
         <size>0x18</size>
         <input_file_ref idref="fl-a"/>
      </object_component>
      <object_component id="oc-36c">
         <name>.data</name>
         <load_address>0x2000c978</load_address>
         <run_address>0x2000c978</run_address>
         <size>0x10</size>
         <input_file_ref idref="fl-c"/>
      </object_component>
      <object_component id="oc-2f9">
         <name>.data</name>
         <load_address>0x2000c994</load_address>
         <run_address>0x2000c994</run_address>
         <size>0x4</size>
         <input_file_ref idref="fl-d"/>
      </object_component>
      <object_component id="oc-109">
         <name>.bss:pxReadyTasksLists</name>
         <uninitialized>true</uninitialized>
         <run_address>0x2000c800</run_address>
         <size>0x64</size>
         <input_file_ref idref="fl-8"/>
      </object_component>
      <object_component id="oc-478">
         <name>.bss:xDelayedTaskList1</name>
         <uninitialized>true</uninitialized>
         <run_address>0x2000c88c</run_address>
         <size>0x14</size>
         <input_file_ref idref="fl-8"/>
      </object_component>
      <object_component id="oc-47b">
         <name>.bss:xDelayedTaskList2</name>
         <uninitialized>true</uninitialized>
         <run_address>0x2000c8a0</run_address>
         <size>0x14</size>
         <input_file_ref idref="fl-8"/>
      </object_component>
      <object_component id="oc-125">
         <name>.bss</name>
         <uninitialized>true</uninitialized>
         <run_address>0x2000c8f8</run_address>
         <size>0x8</size>
         <input_file_ref idref="fl-8"/>
      </object_component>
      <object_component id="oc-459">
         <name>.bss:xPendingReadyList</name>
         <uninitialized>true</uninitialized>
         <run_address>0x2000c8b4</run_address>
         <size>0x14</size>
         <input_file_ref idref="fl-8"/>
      </object_component>
      <object_component id="oc-3d4">
         <name>.bss:xTasksWaitingTermination</name>
         <uninitialized>true</uninitialized>
         <run_address>0x2000c8dc</run_address>
         <size>0x14</size>
         <input_file_ref idref="fl-8"/>
      </object_component>
      <object_component id="oc-41d">
         <name>.bss:xSuspendedTaskList</name>
         <uninitialized>true</uninitialized>
         <run_address>0x2000c8c8</run_address>
         <size>0x14</size>
         <input_file_ref idref="fl-8"/>
      </object_component>
      <object_component id="oc-486">
         <name>.bss:xActiveTimerList1</name>
         <uninitialized>true</uninitialized>
         <run_address>0x2000c864</run_address>
         <size>0x14</size>
         <input_file_ref idref="fl-9"/>
      </object_component>
      <object_component id="oc-489">
         <name>.bss:xActiveTimerList2</name>
         <uninitialized>true</uninitialized>
         <run_address>0x2000c878</run_address>
         <size>0x14</size>
         <input_file_ref idref="fl-9"/>
      </object_component>
      <object_component id="oc-48c">
         <name>.bss</name>
         <uninitialized>true</uninitialized>
         <run_address>0x2000c900</run_address>
         <size>0x8</size>
         <input_file_ref idref="fl-9"/>
      </object_component>
      <object_component id="oc-454">
         <name>.bss:ucHeap</name>
         <uninitialized>true</uninitialized>
         <run_address>0x20000000</run_address>
         <size>0xc800</size>
         <input_file_ref idref="fl-c"/>
      </object_component>
      <object_component id="oc-36f">
         <name>.bss:xStart</name>
         <uninitialized>true</uninitialized>
         <run_address>0x2000c908</run_address>
         <size>0x8</size>
         <input_file_ref idref="fl-c"/>
      </object_component>
      <object_component id="oc-5b9">
         <name>.bss</name>
         <uninitialized>true</uninitialized>
         <run_address>0x2000c8f0</run_address>
         <size>0x8</size>
         <input_file_ref idref="fl-f"/>
      </object_component>
      <object_component id="oc-2c5">
         <name>.common:bumpSwitch_status</name>
         <uninitialized>true</uninitialized>
         <run_address>0x2000c928</run_address>
         <size>0x1</size>
      </object_component>
      <object_component id="oc-200">
         <name>.common:taskHandle_BlinkRedLED</name>
         <uninitialized>true</uninitialized>
         <run_address>0x2000c910</run_address>
         <size>0x4</size>
      </object_component>
      <object_component id="oc-209">
         <name>.common:taskHandle_BumpSwitch</name>
         <uninitialized>true</uninitialized>
         <run_address>0x2000c914</run_address>
         <size>0x4</size>
      </object_component>
      <object_component id="oc-210">
         <name>.common:taskHandle_PlaySong</name>
         <uninitialized>true</uninitialized>
         <run_address>0x2000c920</run_address>
         <size>0x4</size>
      </object_component>
      <object_component id="oc-217">
         <name>.common:taskHandle_dcMotor</name>
         <uninitialized>true</uninitialized>
         <run_address>0x2000c924</run_address>
         <size>0x4</size>
      </object_component>
      <object_component id="oc-21e">
         <name>.common:taskHandle_InputSwitch</name>
         <uninitialized>true</uninitialized>
         <run_address>0x2000c918</run_address>
         <size>0x4</size>
      </object_component>
      <object_component id="oc-225">
         <name>.common:taskHandle_OutputLED</name>
         <uninitialized>true</uninitialized>
         <run_address>0x2000c91c</run_address>
         <size>0x4</size>
      </object_component>
      <object_component id="oc-25">
         <name>.stack</name>
         <uninitialized>true</uninitialized>
         <run_address>0x2000fce0</run_address>
         <size>0x4</size>
         <input_file_ref idref="fl-e4"/>
      </object_component>
      <object_component id="oc-63c">
         <name>.stack</name>
         <uninitialized>true</uninitialized>
         <run_address>0x2000fce0</run_address>
         <size>0x0</size>
      </object_component>
      <object_component id="oc-129">
         <name>.debug_info</name>
         <load_address>0x0</load_address>
         <run_address>0x0</run_address>
         <size>0x70b</size>
         <input_file_ref idref="fl-2"/>
      </object_component>
      <object_component id="oc-104">
         <name>.debug_info</name>
         <load_address>0x70b</load_address>
         <run_address>0x70b</run_address>
         <size>0x15f</size>
         <input_file_ref idref="fl-2"/>
      </object_component>
      <object_component id="oc-367">
         <name>.debug_info</name>
         <load_address>0x86a</load_address>
         <run_address>0x86a</run_address>
         <size>0x126</size>
         <input_file_ref idref="fl-2"/>
      </object_component>
      <object_component id="oc-3c5">
         <name>.debug_info</name>
         <load_address>0x990</load_address>
         <run_address>0x990</run_address>
         <size>0x121</size>
         <input_file_ref idref="fl-2"/>
      </object_component>
      <object_component id="oc-145">
         <name>.debug_info</name>
         <load_address>0xab1</load_address>
         <run_address>0xab1</run_address>
         <size>0x136</size>
         <input_file_ref idref="fl-2"/>
      </object_component>
      <object_component id="oc-e1">
         <name>.debug_info</name>
         <load_address>0xbe7</load_address>
         <run_address>0xbe7</run_address>
         <size>0x12f</size>
         <input_file_ref idref="fl-2"/>
      </object_component>
      <object_component id="oc-1b6">
         <name>.debug_info</name>
         <load_address>0xd16</load_address>
         <run_address>0xd16</run_address>
         <size>0x315</size>
         <input_file_ref idref="fl-2"/>
      </object_component>
      <object_component id="oc-ba">
         <name>.debug_info</name>
         <load_address>0x102b</load_address>
         <run_address>0x102b</run_address>
         <size>0x26b</size>
         <input_file_ref idref="fl-2"/>
      </object_component>
      <object_component id="oc-b0">
         <name>.debug_info</name>
         <load_address>0x1296</load_address>
         <run_address>0x1296</run_address>
         <size>0x1055</size>
         <input_file_ref idref="fl-2"/>
      </object_component>
      <object_component id="oc-ab">
         <name>.debug_info</name>
         <load_address>0x22eb</load_address>
         <run_address>0x22eb</run_address>
         <size>0x37e2</size>
         <input_file_ref idref="fl-2"/>
      </object_component>
      <object_component id="oc-606">
         <name>.debug_info</name>
         <load_address>0x5acd</load_address>
         <run_address>0x5acd</run_address>
         <size>0x1b5</size>
         <input_file_ref idref="fl-2"/>
      </object_component>
      <object_component id="oc-1d6">
         <name>.debug_info</name>
         <load_address>0x5c82</load_address>
         <run_address>0x5c82</run_address>
         <size>0x461</size>
         <input_file_ref idref="fl-2"/>
      </object_component>
      <object_component id="oc-12f">
         <name>.debug_info</name>
         <load_address>0x60e3</load_address>
         <run_address>0x60e3</run_address>
         <size>0x8b</size>
         <input_file_ref idref="fl-2"/>
      </object_component>
      <object_component id="oc-1af">
         <name>.debug_info</name>
         <load_address>0x616e</load_address>
         <run_address>0x616e</run_address>
         <size>0x2c</size>
         <input_file_ref idref="fl-2"/>
      </object_component>
      <object_component id="oc-12a">
         <name>.debug_info</name>
         <load_address>0x619a</load_address>
         <run_address>0x619a</run_address>
         <size>0x2a4</size>
         <input_file_ref idref="fl-2"/>
      </object_component>
      <object_component id="oc-2a1">
         <name>.debug_info</name>
         <load_address>0x643e</load_address>
         <run_address>0x643e</run_address>
         <size>0xef</size>
         <input_file_ref idref="fl-2"/>
      </object_component>
      <object_component id="oc-b5">
         <name>.debug_info</name>
         <load_address>0x652d</load_address>
         <run_address>0x652d</run_address>
         <size>0xbb</size>
         <input_file_ref idref="fl-2"/>
      </object_component>
      <object_component id="oc-f6">
         <name>.debug_info</name>
         <load_address>0x65e8</load_address>
         <run_address>0x65e8</run_address>
         <size>0x53</size>
         <input_file_ref idref="fl-2"/>
      </object_component>
      <object_component id="oc-1d1">
         <name>.debug_info</name>
         <load_address>0x663b</load_address>
         <run_address>0x663b</run_address>
         <size>0xcc</size>
         <input_file_ref idref="fl-2"/>
      </object_component>
      <object_component id="oc-1a5">
         <name>.debug_info</name>
         <load_address>0x6707</load_address>
         <run_address>0x6707</run_address>
         <size>0x14c</size>
         <input_file_ref idref="fl-2"/>
      </object_component>
      <object_component id="oc-24f">
         <name>.debug_info</name>
         <load_address>0x6853</load_address>
         <run_address>0x6853</run_address>
         <size>0x4ed</size>
         <input_file_ref idref="fl-3"/>
      </object_component>
      <object_component id="oc-1c0">
         <name>.debug_info</name>
         <load_address>0x6d40</load_address>
         <run_address>0x6d40</run_address>
         <size>0x461</size>
         <input_file_ref idref="fl-3"/>
      </object_component>
      <object_component id="oc-54">
         <name>.debug_info</name>
         <load_address>0x71a1</load_address>
         <run_address>0x71a1</run_address>
         <size>0x84</size>
         <input_file_ref idref="fl-3"/>
      </object_component>
      <object_component id="oc-33f">
         <name>.debug_info</name>
         <load_address>0x7225</load_address>
         <run_address>0x7225</run_address>
         <size>0xcc</size>
         <input_file_ref idref="fl-3"/>
      </object_component>
      <object_component id="oc-1bb">
         <name>.debug_info</name>
         <load_address>0x72f1</load_address>
         <run_address>0x72f1</run_address>
         <size>0x53</size>
         <input_file_ref idref="fl-3"/>
      </object_component>
      <object_component id="oc-24d">
         <name>.debug_info</name>
         <load_address>0x7344</load_address>
         <run_address>0x7344</run_address>
         <size>0xa18</size>
         <input_file_ref idref="fl-4"/>
      </object_component>
      <object_component id="oc-191">
         <name>.debug_info</name>
         <load_address>0x7d5c</load_address>
         <run_address>0x7d5c</run_address>
         <size>0x110</size>
         <input_file_ref idref="fl-4"/>
      </object_component>
      <object_component id="oc-1aa">
         <name>.debug_info</name>
         <load_address>0x7e6c</load_address>
         <run_address>0x7e6c</run_address>
         <size>0x461</size>
         <input_file_ref idref="fl-4"/>
      </object_component>
      <object_component id="oc-327">
         <name>.debug_info</name>
         <load_address>0x82cd</load_address>
         <run_address>0x82cd</run_address>
         <size>0x76</size>
         <input_file_ref idref="fl-4"/>
      </object_component>
      <object_component id="oc-32c">
         <name>.debug_info</name>
         <load_address>0x8343</load_address>
         <run_address>0x8343</run_address>
         <size>0x39</size>
         <input_file_ref idref="fl-4"/>
      </object_component>
      <object_component id="oc-196">
         <name>.debug_info</name>
         <load_address>0x837c</load_address>
         <run_address>0x837c</run_address>
         <size>0x4f</size>
         <input_file_ref idref="fl-4"/>
      </object_component>
      <object_component id="oc-1ca">
         <name>.debug_info</name>
         <load_address>0x83cb</load_address>
         <run_address>0x83cb</run_address>
         <size>0x66f</size>
         <input_file_ref idref="fl-5"/>
      </object_component>
      <object_component id="oc-11a">
         <name>.debug_info</name>
         <load_address>0x8a3a</load_address>
         <run_address>0x8a3a</run_address>
         <size>0x22c</size>
         <input_file_ref idref="fl-5"/>
      </object_component>
      <object_component id="oc-569">
         <name>.debug_info</name>
         <load_address>0x8c66</load_address>
         <run_address>0x8c66</run_address>
         <size>0x257</size>
         <input_file_ref idref="fl-5"/>
      </object_component>
      <object_component id="oc-377">
         <name>.debug_info</name>
         <load_address>0x8ebd</load_address>
         <run_address>0x8ebd</run_address>
         <size>0x1d9</size>
         <input_file_ref idref="fl-5"/>
      </object_component>
      <object_component id="oc-474">
         <name>.debug_info</name>
         <load_address>0x9096</load_address>
         <run_address>0x9096</run_address>
         <size>0x1d1</size>
         <input_file_ref idref="fl-5"/>
      </object_component>
      <object_component id="oc-116">
         <name>.debug_info</name>
         <load_address>0x9267</load_address>
         <run_address>0x9267</run_address>
         <size>0x204</size>
         <input_file_ref idref="fl-5"/>
      </object_component>
      <object_component id="oc-24e">
         <name>.debug_info</name>
         <load_address>0x946b</load_address>
         <run_address>0x946b</run_address>
         <size>0xc1c</size>
         <input_file_ref idref="fl-6"/>
      </object_component>
      <object_component id="oc-583">
         <name>.debug_info</name>
         <load_address>0xa087</load_address>
         <run_address>0xa087</run_address>
         <size>0x226</size>
         <input_file_ref idref="fl-6"/>
      </object_component>
      <object_component id="oc-561">
         <name>.debug_info</name>
         <load_address>0xa2ad</load_address>
         <run_address>0xa2ad</run_address>
         <size>0x2d4</size>
         <input_file_ref idref="fl-6"/>
      </object_component>
      <object_component id="oc-59b">
         <name>.debug_info</name>
         <load_address>0xa581</load_address>
         <run_address>0xa581</run_address>
         <size>0x223</size>
         <input_file_ref idref="fl-6"/>
      </object_component>
      <object_component id="oc-52e">
         <name>.debug_info</name>
         <load_address>0xa7a4</load_address>
         <run_address>0xa7a4</run_address>
         <size>0x4ce</size>
         <input_file_ref idref="fl-6"/>
      </object_component>
      <object_component id="oc-5cc">
         <name>.debug_info</name>
         <load_address>0xac72</load_address>
         <run_address>0xac72</run_address>
         <size>0x224</size>
         <input_file_ref idref="fl-6"/>
      </object_component>
      <object_component id="oc-5d2">
         <name>.debug_info</name>
         <load_address>0xae96</load_address>
         <run_address>0xae96</run_address>
         <size>0x2b7</size>
         <input_file_ref idref="fl-6"/>
      </object_component>
      <object_component id="oc-576">
         <name>.debug_info</name>
         <load_address>0xb14d</load_address>
         <run_address>0xb14d</run_address>
         <size>0x511</size>
         <input_file_ref idref="fl-6"/>
      </object_component>
      <object_component id="oc-57c">
         <name>.debug_info</name>
         <load_address>0xb65e</load_address>
         <run_address>0xb65e</run_address>
         <size>0x3c6</size>
         <input_file_ref idref="fl-6"/>
      </object_component>
      <object_component id="oc-548">
         <name>.debug_info</name>
         <load_address>0xba24</load_address>
         <run_address>0xba24</run_address>
         <size>0x2a8</size>
         <input_file_ref idref="fl-6"/>
      </object_component>
      <object_component id="oc-505">
         <name>.debug_info</name>
         <load_address>0xbccc</load_address>
         <run_address>0xbccc</run_address>
         <size>0x2f1</size>
         <input_file_ref idref="fl-6"/>
      </object_component>
      <object_component id="oc-481">
         <name>.debug_info</name>
         <load_address>0xbfbd</load_address>
         <run_address>0xbfbd</run_address>
         <size>0x315</size>
         <input_file_ref idref="fl-6"/>
      </object_component>
      <object_component id="oc-515">
         <name>.debug_info</name>
         <load_address>0xc2d2</load_address>
         <run_address>0xc2d2</run_address>
         <size>0x310</size>
         <input_file_ref idref="fl-6"/>
      </object_component>
      <object_component id="oc-333">
         <name>.debug_info</name>
         <load_address>0xc5e2</load_address>
         <run_address>0xc5e2</run_address>
         <size>0x1ef</size>
         <input_file_ref idref="fl-6"/>
      </object_component>
      <object_component id="oc-338">
         <name>.debug_info</name>
         <load_address>0xc7d1</load_address>
         <run_address>0xc7d1</run_address>
         <size>0x46</size>
         <input_file_ref idref="fl-6"/>
      </object_component>
      <object_component id="oc-19b">
         <name>.debug_info</name>
         <load_address>0xc817</load_address>
         <run_address>0xc817</run_address>
         <size>0x35</size>
         <input_file_ref idref="fl-6"/>
      </object_component>
      <object_component id="oc-13b">
         <name>.debug_info</name>
         <load_address>0xc84c</load_address>
         <run_address>0xc84c</run_address>
         <size>0x2c</size>
         <input_file_ref idref="fl-7"/>
      </object_component>
      <object_component id="oc-f5">
         <name>.debug_info</name>
         <load_address>0xc878</load_address>
         <run_address>0xc878</run_address>
         <size>0xc76</size>
         <input_file_ref idref="fl-8"/>
      </object_component>
      <object_component id="oc-96">
         <name>.debug_info</name>
         <load_address>0xd4ee</load_address>
         <run_address>0xd4ee</run_address>
         <size>0x37b</size>
         <input_file_ref idref="fl-8"/>
      </object_component>
      <object_component id="oc-10a">
         <name>.debug_info</name>
         <load_address>0xd869</load_address>
         <run_address>0xd869</run_address>
         <size>0x122</size>
         <input_file_ref idref="fl-8"/>
      </object_component>
      <object_component id="oc-479">
         <name>.debug_info</name>
         <load_address>0xd98b</load_address>
         <run_address>0xd98b</run_address>
         <size>0x122</size>
         <input_file_ref idref="fl-8"/>
      </object_component>
      <object_component id="oc-47c">
         <name>.debug_info</name>
         <load_address>0xdaad</load_address>
         <run_address>0xdaad</run_address>
         <size>0x122</size>
         <input_file_ref idref="fl-8"/>
      </object_component>
      <object_component id="oc-126">
         <name>.debug_info</name>
         <load_address>0xdbcf</load_address>
         <run_address>0xdbcf</run_address>
         <size>0x165</size>
         <input_file_ref idref="fl-8"/>
      </object_component>
      <object_component id="oc-45a">
         <name>.debug_info</name>
         <load_address>0xdd34</load_address>
         <run_address>0xdd34</run_address>
         <size>0x122</size>
         <input_file_ref idref="fl-8"/>
      </object_component>
      <object_component id="oc-3d5">
         <name>.debug_info</name>
         <load_address>0xde56</load_address>
         <run_address>0xde56</run_address>
         <size>0x130</size>
         <input_file_ref idref="fl-8"/>
      </object_component>
      <object_component id="oc-41e">
         <name>.debug_info</name>
         <load_address>0xdf86</load_address>
         <run_address>0xdf86</run_address>
         <size>0x124</size>
         <input_file_ref idref="fl-8"/>
      </object_component>
      <object_component id="oc-10f">
         <name>.debug_info</name>
         <load_address>0xe0aa</load_address>
         <run_address>0xe0aa</run_address>
         <size>0x1d7</size>
         <input_file_ref idref="fl-8"/>
      </object_component>
      <object_component id="oc-a4">
         <name>.debug_info</name>
         <load_address>0xe281</load_address>
         <run_address>0xe281</run_address>
         <size>0x2dd</size>
         <input_file_ref idref="fl-8"/>
      </object_component>
      <object_component id="oc-362">
         <name>.debug_info</name>
         <load_address>0xe55e</load_address>
         <run_address>0xe55e</run_address>
         <size>0x2b5</size>
         <input_file_ref idref="fl-8"/>
      </object_component>
      <object_component id="oc-5a2">
         <name>.debug_info</name>
         <load_address>0xe813</load_address>
         <run_address>0xe813</run_address>
         <size>0x2af</size>
         <input_file_ref idref="fl-8"/>
      </object_component>
      <object_component id="oc-5fb">
         <name>.debug_info</name>
         <load_address>0xeac2</load_address>
         <run_address>0xeac2</run_address>
         <size>0x259</size>
         <input_file_ref idref="fl-8"/>
      </object_component>
      <object_component id="oc-541">
         <name>.debug_info</name>
         <load_address>0xed1b</load_address>
         <run_address>0xed1b</run_address>
         <size>0x304</size>
         <input_file_ref idref="fl-8"/>
      </object_component>
      <object_component id="oc-550">
         <name>.debug_info</name>
         <load_address>0xf01f</load_address>
         <run_address>0xf01f</run_address>
         <size>0x1ca</size>
         <input_file_ref idref="fl-8"/>
      </object_component>
      <object_component id="oc-571">
         <name>.debug_info</name>
         <load_address>0xf1e9</load_address>
         <run_address>0xf1e9</run_address>
         <size>0x1d6</size>
         <input_file_ref idref="fl-8"/>
      </object_component>
      <object_component id="oc-27c">
         <name>.debug_info</name>
         <load_address>0xf3bf</load_address>
         <run_address>0xf3bf</run_address>
         <size>0x3f6</size>
         <input_file_ref idref="fl-8"/>
      </object_component>
      <object_component id="oc-38a">
         <name>.debug_info</name>
         <load_address>0xf7b5</load_address>
         <run_address>0xf7b5</run_address>
         <size>0x25b</size>
         <input_file_ref idref="fl-8"/>
      </object_component>
      <object_component id="oc-282">
         <name>.debug_info</name>
         <load_address>0xfa10</load_address>
         <run_address>0xfa10</run_address>
         <size>0x253</size>
         <input_file_ref idref="fl-8"/>
      </object_component>
      <object_component id="oc-1f6">
         <name>.debug_info</name>
         <load_address>0xfc63</load_address>
         <run_address>0xfc63</run_address>
         <size>0x38a</size>
         <input_file_ref idref="fl-8"/>
      </object_component>
      <object_component id="oc-590">
         <name>.debug_info</name>
         <load_address>0xffed</load_address>
         <run_address>0xffed</run_address>
         <size>0x1fd</size>
         <input_file_ref idref="fl-8"/>
      </object_component>
      <object_component id="oc-596">
         <name>.debug_info</name>
         <load_address>0x101ea</load_address>
         <run_address>0x101ea</run_address>
         <size>0x2ea</size>
         <input_file_ref idref="fl-8"/>
      </object_component>
      <object_component id="oc-9d">
         <name>.debug_info</name>
         <load_address>0x104d4</load_address>
         <run_address>0x104d4</run_address>
         <size>0x232</size>
         <input_file_ref idref="fl-8"/>
      </object_component>
      <object_component id="oc-350">
         <name>.debug_info</name>
         <load_address>0x10706</load_address>
         <run_address>0x10706</run_address>
         <size>0x1ad</size>
         <input_file_ref idref="fl-8"/>
      </object_component>
      <object_component id="oc-2f5">
         <name>.debug_info</name>
         <load_address>0x108b3</load_address>
         <run_address>0x108b3</run_address>
         <size>0x2dc</size>
         <input_file_ref idref="fl-8"/>
      </object_component>
      <object_component id="oc-4bf">
         <name>.debug_info</name>
         <load_address>0x10b8f</load_address>
         <run_address>0x10b8f</run_address>
         <size>0x1eb</size>
         <input_file_ref idref="fl-8"/>
      </object_component>
      <object_component id="oc-1fc">
         <name>.debug_info</name>
         <load_address>0x10d7a</load_address>
         <run_address>0x10d7a</run_address>
         <size>0x214</size>
         <input_file_ref idref="fl-8"/>
      </object_component>
      <object_component id="oc-40a">
         <name>.debug_info</name>
         <load_address>0x10f8e</load_address>
         <run_address>0x10f8e</run_address>
         <size>0x20e</size>
         <input_file_ref idref="fl-8"/>
      </object_component>
      <object_component id="oc-2e3">
         <name>.debug_info</name>
         <load_address>0x1119c</load_address>
         <run_address>0x1119c</run_address>
         <size>0x274</size>
         <input_file_ref idref="fl-8"/>
      </object_component>
      <object_component id="oc-417">
         <name>.debug_info</name>
         <load_address>0x11410</load_address>
         <run_address>0x11410</run_address>
         <size>0x312</size>
         <input_file_ref idref="fl-8"/>
      </object_component>
      <object_component id="oc-55c">
         <name>.debug_info</name>
         <load_address>0x11722</load_address>
         <run_address>0x11722</run_address>
         <size>0x2dd</size>
         <input_file_ref idref="fl-8"/>
      </object_component>
      <object_component id="oc-58a">
         <name>.debug_info</name>
         <load_address>0x119ff</load_address>
         <run_address>0x119ff</run_address>
         <size>0x270</size>
         <input_file_ref idref="fl-8"/>
      </object_component>
      <object_component id="oc-5c4">
         <name>.debug_info</name>
         <load_address>0x11c6f</load_address>
         <run_address>0x11c6f</run_address>
         <size>0x1af</size>
         <input_file_ref idref="fl-8"/>
      </object_component>
      <object_component id="oc-3d0">
         <name>.debug_info</name>
         <load_address>0x11e1e</load_address>
         <run_address>0x11e1e</run_address>
         <size>0x1ec</size>
         <input_file_ref idref="fl-8"/>
      </object_component>
      <object_component id="oc-2b4">
         <name>.debug_info</name>
         <load_address>0x1200a</load_address>
         <run_address>0x1200a</run_address>
         <size>0x29f</size>
         <input_file_ref idref="fl-8"/>
      </object_component>
      <object_component id="oc-4df">
         <name>.debug_info</name>
         <load_address>0x122a9</load_address>
         <run_address>0x122a9</run_address>
         <size>0x260</size>
         <input_file_ref idref="fl-8"/>
      </object_component>
      <object_component id="oc-411">
         <name>.debug_info</name>
         <load_address>0x12509</load_address>
[...]
      <symbol id="sm-e">
         <name>__TI_prof_data_start</name>
         <value>0xffffffff</value>
      </symbol>
      <symbol id="sm-f">
         <name>__TI_prof_data_size</name>
         <value>0xffffffff</value>
      </symbol>
      <symbol id="sm-9e">
         <name>vApplicationStackOverflowHook</name>
         <value>0x3671</value>
         <object_component_ref idref="oc-103"/>
      </symbol>
      <symbol id="sm-9f">
         <name>vApplicationIdleHook</name>
         <value>0x3751</value>
         <object_component_ref idref="oc-3c4"/>
      </symbol>
      <symbol id="sm-a0">
         <name>main</name>
         <value>0x36c9</value>
         <object_component_ref idref="oc-e0"/>
      </symbol>
      <symbol id="sm-a1">
         <name>vApplicationMallocFailedHook</name>
         <value>0x3659</value>
         <object_component_ref idref="oc-366"/>
      </symbol>
      <symbol id="sm-107">
         <name>uxListRemove</name>
         <value>0x3351</value>
         <object_component_ref idref="oc-113"/>
      </symbol>
      <symbol id="sm-108">
         <name>vListInsert</name>
         <value>0x3111</value>
         <object_component_ref idref="oc-568"/>
      </symbol>
      <symbol id="sm-109">
         <name>vListInitialiseItem</name>
         <value>0x3731</value>
         <object_component_ref idref="oc-375"/>
      </symbol>
      <symbol id="sm-10a">
         <name>vListInsertEnd</name>
         <value>0x3599</value>
         <object_component_ref idref="oc-119"/>
      </symbol>
      <symbol id="sm-10b">
         <name>vListInitialise</name>
         <value>0x3451</value>
         <object_component_ref idref="oc-472"/>
      </symbol>
      <symbol id="sm-1e1">
         <name>xQueueGenericSendFromISR</name>
         <value>0x17b9</value>
         <object_component_ref idref="oc-57b"/>
      </symbol>
      <symbol id="sm-1e2">
         <name>xQueueGenericCreate</name>
         <value>0x2d31</value>
         <object_component_ref idref="oc-480"/>
      </symbol>
      <symbol id="sm-1e3">
         <name>xQueueGenericSend</name>
         <value>0x139</value>
         <object_component_ref idref="oc-575"/>
      </symbol>
      <symbol id="sm-1e4">
         <name>xQueueGenericReset</name>
         <value>0x1df1</value>
         <object_component_ref idref="oc-547"/>
      </symbol>
      <symbol id="sm-1e5">
         <name>vQueueWaitForMessageRestricted</name>
         <value>0x2e19</value>
         <object_component_ref idref="oc-514"/>
      </symbol>
      <symbol id="sm-1e6">
         <name>xQueueReceive</name>
         <value>0x2d1</value>
         <object_component_ref idref="oc-52d"/>
      </symbol>
      <symbol id="sm-488">
         <name>vTaskDelay</name>
         <value>0x2a51</value>
         <object_component_ref idref="oc-4dd"/>
      </symbol>
      <symbol id="sm-489">
         <name>vTaskSuspendAll</name>
         <value>0x36a9</value>
         <object_component_ref idref="oc-34e"/>
      </symbol>
      <symbol id="sm-48a">
         <name>vTaskPlaceOnEventList</name>
         <value>0x30a1</value>
         <object_component_ref idref="oc-588"/>
      </symbol>
      <symbol id="sm-48b">
         <name>xTaskCheckForTimeOut</name>
         <value>0x1d59</value>
         <object_component_ref idref="oc-594"/>
      </symbol>
      <symbol id="sm-48c">
         <name>vTaskPrioritySet</name>
         <value>0x12a1</value>
         <object_component_ref idref="oc-415"/>
      </symbol>
      <symbol id="sm-48d">
         <name>xTaskPriorityDisinherit</name>
         <value>0x1889</value>
         <object_component_ref idref="oc-5f9"/>
      </symbol>
      <symbol id="sm-48e">
         <name>vTaskStartScheduler</name>
         <value>0x1f99</value>
         <object_component_ref idref="oc-1fa"/>
      </symbol>
      <symbol id="sm-48f">
         <name>vTaskInternalSetTimeOutState</name>
         <value>0x35b1</value>
         <object_component_ref idref="oc-58e"/>
      </symbol>
      <symbol id="sm-490">
         <name>xTaskCreate</name>
         <value>0x2661</value>
         <object_component_ref idref="oc-1f4"/>
      </symbol>
      <symbol id="sm-491">
         <name>vTaskMissedYield</name>
         <value>0x3701</value>
         <object_component_ref idref="oc-5c2"/>
      </symbol>
      <symbol id="sm-492">
         <name>uxTaskPriorityGet</name>
         <value>0x34d1</value>
         <object_component_ref idref="oc-40f"/>
      </symbol>
      <symbol id="sm-493">
         <name>vTaskStepTick</name>
         <value>0x3149</value>
         <object_component_ref idref="oc-4bd"/>
      </symbol>
      <symbol id="sm-494">
         <name>xTaskResumeAll</name>
         <value>0xca1</value>
         <object_component_ref idref="oc-360"/>
      </symbol>
      <symbol id="sm-495">
         <name>xTaskGetTickCount</name>
         <value>0x3711</value>
         <object_component_ref idref="oc-54e"/>
      </symbol>
      <symbol id="sm-496">
         <name>vTaskDelete</name>
         <value>0x1611</value>
         <object_component_ref idref="oc-2b2"/>
      </symbol>
      <symbol id="sm-497">
         <name>pxCurrentTCB</name>
         <value>0x2000c92c</value>
         <object_component_ref idref="oc-95"/>
      </symbol>
      <symbol id="sm-498">
         <name>vTaskSuspend</name>
         <value>0x10c1</value>
         <object_component_ref idref="oc-2f3"/>
      </symbol>
      <symbol id="sm-499">
         <name>vTaskResume</name>
         <value>0x1e81</value>
         <object_component_ref idref="oc-2e1"/>
      </symbol>
      <symbol id="sm-49a">
         <name>vTaskPlaceOnEventListRestricted</name>
         <value>0x2ee9</value>
         <object_component_ref idref="oc-55a"/>
      </symbol>
      <symbol id="sm-49b">
         <name>xTaskIncrementTick</name>
         <value>0x581</value>
         <object_component_ref idref="oc-a2"/>
      </symbol>
      <symbol id="sm-49c">
         <name>vTaskSwitchContext</name>
         <value>0x1a19</value>
         <object_component_ref idref="oc-9b"/>
      </symbol>
      <symbol id="sm-49d">
         <name>xTaskGetSchedulerState</name>
         <value>0x33f1</value>
         <object_component_ref idref="oc-56f"/>
      </symbol>
      <symbol id="sm-49e">
         <name>xTaskRemoveFromEventList</name>
         <value>0x1c21</value>
         <object_component_ref idref="oc-5a0"/>
      </symbol>
      <symbol id="sm-49f">
         <name>eTaskConfirmSleepModeStatus</name>
         <value>0x2f69</value>
         <object_component_ref idref="oc-4b1"/>
      </symbol>
      <symbol id="sm-580">
         <name>xTimerCreateTimerTask</name>
         <value>0x2791</value>
         <object_component_ref idref="oc-287"/>
      </symbol>
      <symbol id="sm-581">
         <name>xTimerGenericCommand</name>
         <value>0x2219</value>
         <object_component_ref idref="oc-527"/>
      </symbol>
      <symbol id="sm-628">
         <name>ulMaxSyscallInterruptPriority</name>
         <value>0x3764</value>
         <object_component_ref idref="oc-98"/>
      </symbol>
      <symbol id="sm-629">
         <name>vPortSetupTimerInterrupt</name>
         <value>0x25f9</value>
         <object_component_ref idref="oc-3a8"/>
      </symbol>
      <symbol id="sm-62a">
         <name>vPortSuppressTicksAndSleep</name>
         <value>0x801</value>
         <object_component_ref idref="oc-3b8"/>
      </symbol>
      <symbol id="sm-62b">
         <name>xPortSysTickHandler</name>
         <value>0x32d1</value>
         <object_component_ref idref="oc-45"/>
      </symbol>
      <symbol id="sm-62c">
         <name>vPortValidateInterruptPriority</name>
         <value>0x26c9</value>
         <object_component_ref idref="oc-5d8"/>
      </symbol>
      <symbol id="sm-62d">
         <name>pxPortInitialiseStack</name>
         <value>0x32a1</value>
         <object_component_ref idref="oc-37b"/>
      </symbol>
      <symbol id="sm-62e">
         <name>vPortExitCritical</name>
         <value>0x31e1</value>
         <object_component_ref idref="oc-38e"/>
      </symbol>
      <symbol id="sm-62f">
         <name>xPortStartScheduler</name>
         <value>0x1381</value>
         <object_component_ref idref="oc-28d"/>
      </symbol>
      <symbol id="sm-630">
         <name>vPortEnterCritical</name>
         <value>0x2fe9</value>
         <object_component_ref idref="oc-382"/>
      </symbol>
      <symbol id="sm-63f">
         <name>vPortStartFirstTask</name>
         <value>0x1505</value>
         <object_component_ref idref="oc-40"/>
      </symbol>
      <symbol id="sm-640">
         <name>ulPortGetIPSR</name>
         <value>0x146d</value>
         <object_component_ref idref="oc-40"/>
      </symbol>
      <symbol id="sm-641">
         <name>vPortEnableVFP</name>
         <value>0x1529</value>
         <object_component_ref idref="oc-40"/>
      </symbol>
      <symbol id="sm-642">
         <name>xPortPendSVHandler</name>
         <value>0x1485</value>
         <object_component_ref idref="oc-40"/>
      </symbol>
      <symbol id="sm-643">
         <name>vPortSVCHandler</name>
         <value>0x14e5</value>
         <object_component_ref idref="oc-40"/>
      </symbol>
      <symbol id="sm-6b8">
         <name>pvPortMalloc</name>
         <value>0x939</value>
         <object_component_ref idref="oc-26e"/>
      </symbol>
      <symbol id="sm-6b9">
         <name>vPortFree</name>
         <value>0x2121</value>
         <object_component_ref idref="oc-274"/>
      </symbol>
      <symbol id="sm-771">
         <name>bumpSwitch_status</name>
         <value>0x2000c928</value>
      </symbol>
      <symbol id="sm-772">
         <name>taskHandle_BlinkRedLED</name>
         <value>0x2000c910</value>
      </symbol>
      <symbol id="sm-773">
         <name>taskHandle_BumpSwitch</name>
         <value>0x2000c914</value>
      </symbol>
      <symbol id="sm-774">
         <name>taskHandle_PlaySong</name>
         <value>0x2000c920</value>
      </symbol>
      <symbol id="sm-775">
         <name>taskHandle_dcMotor</name>
         <value>0x2000c924</value>
      </symbol>
      <symbol id="sm-776">
         <name>taskHandle_InputSwitch</name>
         <value>0x2000c918</value>
      </symbol>
      <symbol id="sm-777">
         <name>taskHandle_OutputLED</name>
         <value>0x2000c91c</value>
      </symbol>
      <symbol id="sm-778">
         <name>vPreSleepProcessing</name>
         <value>0x3761</value>
         <object_component_ref idref="oc-4b7"/>
      </symbol>
      <symbol id="sm-779">
         <name>interruptV</name>
         <value>0x2000c994</value>
         <object_component_ref idref="oc-2f9"/>
      </symbol>
      <symbol id="sm-77a">
         <name>main_program</name>
         <value>0x11b1</value>
         <object_component_ref idref="oc-14a"/>
      </symbol>
      <symbol id="sm-77b">
         <name>vApplicationTickHook</name>
         <value>0x3759</value>
         <object_component_ref idref="oc-11f"/>
      </symbol>
      <symbol id="sm-82b">
         <name>CS_getMCLK</name>
         <value>0x3551</value>
         <object_component_ref idref="oc-4a7"/>
      </symbol>
      <symbol id="sm-82c">
         <name>CS_clearInterruptFlag</name>
         <value>0x3379</value>
         <object_component_ref idref="oc-5b3"/>
      </symbol>
      <symbol id="sm-82d">
         <name>CS_getDCOFrequency</name>
         <value>0x439</value>
         <object_component_ref idref="oc-5ad"/>
      </symbol>
      <symbol id="sm-82e">
         <name>CS_setDCOCenteredFrequency</name>
         <value>0x3211</value>
         <object_component_ref idref="oc-25f"/>
      </symbol>
      <symbol id="sm-82f">
         <name>CS_initClockSignal</name>
         <value>0xa69</value>
         <object_component_ref idref="oc-265"/>
      </symbol>
      <symbol id="sm-83e">
         <name>FlashCtl_setWaitState</name>
         <value>0x3181</value>
         <object_component_ref idref="oc-253"/>
      </symbol>
      <symbol id="sm-84a">
         <name>FPU_enableModule</name>
         <value>0x3699</value>
         <object_component_ref idref="oc-1db"/>
      </symbol>
      <symbol id="sm-8b9">
         <name>PCM_setCoreVoltageLevel</name>
         <value>0x3721</value>
         <object_component_ref idref="oc-259"/>
      </symbol>
      <symbol id="sm-8ba">
         <name>PCM_getCoreVoltageLevel</name>
         <value>0x2b51</value>
         <object_component_ref idref="oc-440"/>
      </symbol>
      <symbol id="sm-8bb">
         <name>PCM_getPowerMode</name>
         <value>0x3029</value>
         <object_component_ref idref="oc-43a"/>
      </symbol>
      <symbol id="sm-8bc">
         <name>PCM_getPowerState</name>
         <value>0x36e9</value>
         <object_component_ref idref="oc-446"/>
      </symbol>
      <symbol id="sm-8bd">
         <name>PCM_setPowerMode</name>
         <value>0x3729</value>
         <object_component_ref idref="oc-44c"/>
      </symbol>
      <symbol id="sm-8d3">
         <name>SysCtl_getTLVInfo</name>
         <value>0x27e9</value>
         <object_component_ref idref="oc-5ec"/>
      </symbol>
      <symbol id="sm-8e4">
         <name>SysTick_Init</name>
         <value>0x3569</value>
         <object_component_ref idref="oc-1ee"/>
      </symbol>
      <symbol id="sm-8fa">
         <name>Bump_Read_Input</name>
         <value>0x3689</value>
         <object_component_ref idref="oc-2bf"/>
      </symbol>
      <symbol id="sm-8fb">
         <name>BumpSwitch_Init</name>
         <value>0x2b01</value>
         <object_component_ref idref="oc-2b9"/>
      </symbol>
      <symbol id="sm-956">
         <name>dcMotor_Forward</name>
         <value>0x2c41</value>
         <object_component_ref idref="oc-3fb"/>
      </symbol>
      <symbol id="sm-957">
         <name>dcMotor_Left</name>
         <value>0x2899</value>
         <object_component_ref idref="oc-401"/>
      </symbol>
      <symbol id="sm-958">
         <name>dcMotor_Init</name>
         <value>0x2c91</value>
         <object_component_ref idref="oc-2d4"/>
      </symbol>
      <symbol id="sm-959">
         <name>dcMotor_Right</name>
         <value>0x28f1</value>
         <object_component_ref idref="oc-3f5"/>
      </symbol>
      <symbol id="sm-95a">
         <name>dcMotor_Stop</name>
         <value>0x33a1</value>
         <object_component_ref idref="oc-3ef"/>
      </symbol>
      <symbol id="sm-95b">
         <name>dcMotor_Backward</name>
         <value>0x2dd1</value>
         <object_component_ref idref="oc-3e9"/>
      </symbol>
      <symbol id="sm-95c">
         <name>dcMotor_response</name>
         <value>0xeb9</value>
         <object_component_ref idref="oc-2da"/>
      </symbol>
      <symbol id="sm-994">
         <name>Port2_Output2</name>
         <value>0x35c9</value>
         <object_component_ref idref="oc-423"/>
      </symbol>
      <symbol id="sm-995">
         <name>RedLED_Init</name>
         <value>0x3301</value>
         <object_component_ref idref="oc-2ac"/>
      </symbol>
      <symbol id="sm-996">
         <name>ColorLED_Init</name>
         <value>0x2e61</value>
         <object_component_ref idref="oc-2a6"/>
      </symbol>
      <symbol id="sm-997">
         <name>outputLED_response</name>
         <value>0x2021</value>
         <object_component_ref idref="oc-2fd"/>
      </symbol>
      <symbol id="sm-9cd">
         <name>delay_us</name>
         <value>0x35e1</value>
         <object_component_ref idref="oc-4d5"/>
      </symbol>
      <symbol id="sm-9ce">
         <name>play_song</name>
         <value>0x6c9</value>
         <object_component_ref idref="oc-2cd"/>
      </symbol>
      <symbol id="sm-9cf">
         <name>beep</name>
         <value>0x2841</value>
         <object_component_ref idref="oc-3db"/>
      </symbol>
      <symbol id="sm-9d0">
         <name>init_song_pwm</name>
         <value>0x3241</value>
         <object_component_ref idref="oc-2c7"/>
      </symbol>
      <symbol id="sm-9d1">
         <name>delay_ms</name>
         <value>0x34f1</value>
         <object_component_ref idref="oc-3e1"/>
      </symbol>
      <symbol id="sm-a05">
         <name>interruptVectors</name>
         <value>0x0</value>
         <object_component_ref idref="oc-13"/>
      </symbol>
      <symbol id="sm-a17">
         <name>SystemInit</name>
         <value>0x24c1</value>
         <object_component_ref idref="oc-8b"/>
      </symbol>
      <symbol id="sm-a32">
         <name>memcpy</name>
         <value>0x1b85</value>
         <object_component_ref idref="oc-59"/>
      </symbol>
      <symbol id="sm-a33">
         <name>__aeabi_memcpy</name>
         <value>0x1b85</value>
         <object_component_ref idref="oc-59"/>
      </symbol>
      <symbol id="sm-a34">
         <name>__aeabi_memcpy8</name>
         <value>0x1b85</value>
         <object_component_ref idref="oc-59"/>
      </symbol>
      <symbol id="sm-a35">
         <name>__aeabi_memcpy4</name>
         <value>0x1b85</value>
         <object_component_ref idref="oc-59"/>
      </symbol>
      <symbol id="sm-a45">
         <name>__aeabi_memset</name>
         <value>0x219f</value>
         <object_component_ref idref="oc-d4"/>
      </symbol>
      <symbol id="sm-a46">
         <name>memset</name>
         <value>0x21a5</value>
         <object_component_ref idref="oc-d4"/>
      </symbol>
      <symbol id="sm-a47">
         <name>__aeabi_memset8</name>
         <value>0x219f</value>
         <object_component_ref idref="oc-d4"/>
      </symbol>
      <symbol id="sm-a48">
         <name>__aeabi_memset4</name>
         <value>0x219f</value>
         <object_component_ref idref="oc-d4"/>
      </symbol>
      <symbol id="sm-a49">
         <name>__aeabi_memclr8</name>
         <value>0x219d</value>
         <object_component_ref idref="oc-d4"/>
      </symbol>
      <symbol id="sm-a4a">
         <name>__aeabi_memclr4</name>
         <value>0x219d</value>
         <object_component_ref idref="oc-d4"/>
      </symbol>
      <symbol id="sm-a4b">
         <name>__aeabi_memclr</name>
         <value>0x219d</value>
         <object_component_ref idref="oc-d4"/>
      </symbol>
      <symbol id="sm-a5d">
         <name>__TI_zero_init</name>
         <value>0x36f5</value>
         <object_component_ref idref="oc-6b"/>
      </symbol>
      <symbol id="sm-a74">
         <name>__TI_decompress_none</name>
         <value>0x36b9</value>
         <object_component_ref idref="oc-1c"/>
      </symbol>
      <symbol id="sm-a97">
         <name>__TI_decompress_lzss</name>
         <value>0x2529</value>
         <object_component_ref idref="oc-16"/>
      </symbol>
      <symbol id="sm-aac">
         <name>__stack</name>
         <value>0x2000fce0</value>
         <object_component_ref idref="oc-25"/>
      </symbol>
      <symbol id="sm-aad">
         <name>_c_int00_noargs</name>
         <value>0x30d9</value>
         <object_component_ref idref="oc-77"/>
      </symbol>
      <symbol id="sm-ad6">
         <name>__TI_auto_init_nobinit_nopinit</name>
         <value>0x2ea5</value>
         <object_component_ref idref="oc-15d"/>
      </symbol>
      <symbol id="sm-ae0">
         <name>_system_pre_init</name>
         <value>0x2cd</value>
         <object_component_ref idref="oc-da"/>
      </symbol>
      <symbol id="sm-aec">
         <name>C$$EXIT</name>
         <value>0x435</value>
         <object_component_ref idref="oc-151"/>
      </symbol>
      <symbol id="sm-aed">
         <name>abort</name>
         <value>0x435</value>
         <object_component_ref idref="oc-151"/>
      </symbol>
      <symbol id="sm-af0">
         <name>__TI_static_base__</name>
         <value>0x0</value>
      </symbol>
      <symbol id="sm-af3">
         <name>__mpu_init</name>
         <value>0x0</value>
      </symbol>
      <symbol id="sm-af4">
         <name>_system_post_cinit</name>
         <value>0x0</value>
      </symbol>
   </symbol_table>
   <title>Link successful</title>
</link_info>
